Microchip MPLAB XC8 Compiler V2.30

Linker command line:

-W-3 --edf=C:\Program Files\Microchip\xc8\v2.30\pic\dat\en_msgs.txt -cn \
  -h+dist/default/production\Sensor_Board.production.sym \
  --cmf=dist/default/production\Sensor_Board.production.cmf -z -Q16F15385 \
  -oC:\Users\bweina\AppData\Local\Temp\sabcx2 --defsym=__MPLAB_BUILD=1 \
  -Mdist/default/production/Sensor_Board.production.map -E1 \
  -ver=XC8 Compiler --acfsm=1493 -ASTACK=02114h-023EFh -pstack=STACK \
  -ACODE=00h-07FFhx4 -ASTRCODE=00h-01FFFh -ASTRING=00h-0FFhx32 \
  -ACONST=00h-0FFhx32 -AENTRY=00h-0FFhx32 -ACOMMON=070h-07Fh \
  -ABANK0=020h-06Fh -ABANK1=0A0h-0EFh -ABANK2=0120h-016Fh \
  -ABANK3=01A0h-01EFh -ABANK4=0220h-026Fh -ABANK5=02A0h-02EFh \
  -ABANK6=0320h-036Fh -ABANK7=03A0h-03EFh -ABANK8=0420h-046Fh \
  -ABANK9=04A0h-04EFh -ABANK10=0520h-056Fh -ABANK11=05A0h-05EFh \
  -ABANK12=0620h-064Fh -ABIGRAM=02000h-023EFh \
  -ARAM=020h-06Fh,0A0h-0EFh,0120h-016Fh,01A0h-01EFh,0220h-026Fh,02A0h-02EFh,0320h-036Fh,03A0h-03EFh,0420h-046Fh,04A0h-04EFh,0520h-056Fh,05A0h-05EFh,0620h-064Fh \
  -AABS1=020h-07Fh,0A0h-0EFh,0120h-016Fh,01A0h-01EFh,0220h-026Fh,02A0h-02EFh,0320h-036Fh,03A0h-03EFh,0420h-046Fh,04A0h-04EFh,0520h-056Fh,05A0h-05EFh,0620h-064Fh \
  -ASFR0=00h-01Fh -ASFR1=080h-09Fh -ASFR2=0100h-011Fh -ASFR3=0180h-019Fh \
  -ASFR4=0200h-021Fh -ASFR5=0280h-029Fh -ASFR6=0300h-031Fh \
  -ASFR7=0380h-039Fh -ASFR8=0400h-041Fh -ASFR9=0480h-049Fh \
  -ASFR10=0500h-051Fh -ASFR11=0580h-059Fh -ASFR12=0600h-061Fh \
  -ASFR13=0680h-06EFh -ASFR14=0700h-076Fh -ASFR15=0780h-07EFh \
  -ASFR16=0800h-086Fh -ASFR17=0880h-08EFh -ASFR18=0900h-096Fh \
  -ASFR19=0980h-09EFh -ASFR20=0A00h-0A6Fh -ASFR21=0A80h-0AEFh \
  -ASFR22=0B00h-0B6Fh -ASFR23=0B80h-0BEFh -ASFR24=0C00h-0C6Fh \
  -ASFR25=0C80h-0CEFh -ASFR26=0D00h-0D6Fh -ASFR27=0D80h-0DEFh \
  -ASFR28=0E00h-0E6Fh -ASFR29=0E80h-0EEFh -ASFR30=0F00h-0F6Fh \
  -ASFR31=0F80h-0FEFh -ASFR32=01000h-0106Fh -ASFR33=01080h-010EFh \
  -ASFR34=01100h-0116Fh -ASFR35=01180h-011EFh -ASFR36=01200h-0126Fh \
  -ASFR37=01280h-012EFh -ASFR38=01300h-0136Fh -ASFR39=01380h-013EFh \
  -ASFR40=01400h-0146Fh -ASFR41=01480h-014EFh -ASFR42=01500h-0156Fh \
  -ASFR43=01580h-015EFh -ASFR44=01600h-0166Fh -ASFR45=01680h-016EFh \
  -ASFR46=01700h-0176Fh -ASFR47=01780h-017EFh -ASFR48=01800h-0186Fh \
  -ASFR49=01880h-018EFh -ASFR50=01900h-0196Fh -ASFR51=01980h-019EFh \
  -ASFR52=01A00h-01A6Fh -ASFR53=01A80h-01AEFh -ASFR54=01B00h-01B6Fh \
  -ASFR55=01B80h-01BEFh -ASFR56=01C00h-01C6Fh -ASFR57=01C80h-01CEFh \
  -ASFR58=01D00h-01D6Fh -ASFR59=01D80h-01DEFh -ASFR60=01E00h-01E6Fh \
  -ASFR61=01E80h-01EEFh -ASFR62=01F00h-01F6Fh -ASFR63=01F80h-01FEFh \
  -ACONFIG=08007h-0800Bh -DCONFIG=2 -AIDLOC=08000h-08003h -DIDLOC=2 \
  -DCODE=2 -DSTRCODE=2 -DSTRING=2 -DCONST=2 -DENTRY=2 \
  -preset_vec=00h,intentry=04h,init,end_init -ppowerup=CODE -pcinit=CODE \
  -pfunctab=ENTRY -k C:\Users\bweina\AppData\Local\Temp\sabcxg.o \
  dist/default/production\Sensor_Board.production.o 

Object code version is 3.11

Machine type is 16F15385



                Name                               Link     Load   Length Selector   Space Scale
C:\Users\bweina\AppData\Local\Temp\sabcxg.o
                end_init                             4F       4F        2        8       0
                reset_vec                             0        0        2        0       0
                config                             8007     8007        5        0       4
dist/default/production\Sensor_Board.production.o
                cinit                                51       51       2C        8       0
                intentry                              4        4       4B        8       0
                config                             8007     8007        5        0       4
                text60                              A1A      A1A       1B     1434       0
                text59                              8C4      8C4        4     1188       0
                text58                                2        2        1        0       0
                text57                              8C8      8C8        4     1190       0
                text56                              C4E      C4E       3C     189C       0
                text55                              AC4      AC4       23     1588       0
                text54                              8BB      8BB        3     1176       0
                text53                              966      966       13     12CC       0
                text52                              A00      A00       1A     1400       0
                text51                               7D       7D      176        8       0
                text50                              979      979       15     12F2       0
                text49                                3        3        1        6       0
                text48                              E9A      E9A       79     1D34       0
                text47                              93C      93C        D     1278       0
                text46                              8CC      8CC        6     1198       0
                text44                              949      949        E     1292       0
                text43                              AA4      AA4       20     1548       0
                text42                              C16      C16       38     182C       0
                text41                              8DE      8DE        7     11BC       0
                text40                              D6A      D6A       5B     1AD4       0
                text39                              AE7      AE7       23     15CE       0
                text38                              B83      B83       2D     1706       0
                text37                              B0A      B0A       24     1614       0
                text36                              8E5      8E5        8     11CA       0
                text35                              8FD      8FD        9     11FA       0
                text34                              906      906        9     120C       0
                text33                              90F      90F        9     121E       0
                text32                              918      918        9     1230       0
                text31                              921      921        9     1242       0
                text30                              CCB      CCB       46     1996       0
                text29                              A50      A50       1C     14A0       0
                text28                              7F6      7F6        A      D44       0
                text27                              795      795       61      D44       0
                text26                              8ED      8ED        8     11DA       0
                text25                              8F5      8F5        8     11EA       0
                text24                              92A      92A        9     1254       0
                text23                              98E      98E       15     131C       0
                text22                              9A3      9A3       16     1346       0
                text21                              A6C      A6C       1C     14D8       0
                text20                              9B9      9B9       17     1372       0
                text19                              8BE      8BE        3     117C       0
                text18                              8C1      8C1        3     1182       0
                text17                              49D      49D      105        8       0
                text16                              F13      F13       ED     1E26       0
                text15                              A88      A88       1C     1510       0
                text14                              BB0      BB0       30     1760       0
                text13                              957      957        F     12AE       0
                text12                              B57      B57       2C     16AE       0
                text11                              DC5      DC5       60     1B8A       0
                text10                              363      363      13A        8       0
                text9                               9E7      9E7       19     13CE       0
                text8                               C8A      C8A       41     1914       0
                text7                               B2E      B2E       29     165C       0
                text6                               A35      A35       1B     146A       0
                text5                               D11      D11       59     1A22       0
                text4                               1F3      1F3      170        8       0
                text3                               6A2      6A2       F3      D44       0
                text2                               BE0      BE0       36     17C0       0
                text1                               9D0      9D0       17     13A0       0
                maintext                            E25      E25       75     1C4A       0
                cstackBANK0                          20       20       50       20       1
                cstackCOMMON                         70       70        A       70       1
                cstackBANK1                          C8       C8       1A       A0       1
                clrtext                             8D2      8D2        6     11A4       0
                inittext                            8D8      8D8        6     11B0       0
                bssBANK3                            1A0      1A0       20      1A0       1
                bssBANK2                            120      120       4A      120       1
                dataBANK1                            E2       E2        9       A0       1
                bssBANK1                             A0       A0       28       A0       1
                bssCOMMON                            7A       7A        4       70       1
                stringtext4                        101B     101B        3     2000       0
                stringtext3                        100E     100E        D     2000       0
                stringtext2                        1000     1000        E     2000       0
                nvBANK3                             1C0      1C0        4      1A0       1
                nvBANK2                             16A      16A        6      120       1
                nvBANK1                              EB       EB        5       A0       1
                stringtext1                         5A2      5A2      100      B44       0
                idataBANK1                          933      933        9     1266       0

TOTAL           Name                               Link     Load   Length     Space
        CLASS   STACK          

        CLASS   CODE           
                end_init                             4F       4F        2         0
                cinit                                51       51       2C         0
                intentry                              4        4       4B         0
                reset_vec                             0        0        2         0
                text60                              A1A      A1A       1B         0
                text59                              8C4      8C4        4         0
                text58                                2        2        1         0
                text57                              8C8      8C8        4         0
                text56                              C4E      C4E       3C         0
                text55                              AC4      AC4       23         0
                text54                              8BB      8BB        3         0
                text53                              966      966       13         0
                text52                              A00      A00       1A         0
                text51                               7D       7D      176         0
                text50                              979      979       15         0
                text49                                3        3        1         0
                text48                              E9A      E9A       79         0
                text47                              93C      93C        D         0
                text46                              8CC      8CC        6         0
                text44                              949      949        E         0
                text43                              AA4      AA4       20         0
                text42                              C16      C16       38         0
                text41                              8DE      8DE        7         0
                text40                              D6A      D6A       5B         0
                text39                              AE7      AE7       23         0
                text38                              B83      B83       2D         0
                text37                              B0A      B0A       24         0
                text36                              8E5      8E5        8         0
                text35                              8FD      8FD        9         0
                text34                              906      906        9         0
                text33                              90F      90F        9         0
                text32                              918      918        9         0
                text31                              921      921        9         0
                text30                              CCB      CCB       46         0
                text29                              A50      A50       1C         0
                text28                              7F6      7F6        A         0
                text27                              795      795       61         0
                text26                              8ED      8ED        8         0
                text25                              8F5      8F5        8         0
                text24                              92A      92A        9         0
                text23                              98E      98E       15         0
                text22                              9A3      9A3       16         0
                text21                              A6C      A6C       1C         0
                text20                              9B9      9B9       17         0
                text19                              8BE      8BE        3         0
                text18                              8C1      8C1        3         0
                text17                              49D      49D      105         0
                text16                              F13      F13       ED         0
                text15                              A88      A88       1C         0
                text14                              BB0      BB0       30         0
                text13                              957      957        F         0
                text12                              B57      B57       2C         0
                text11                              DC5      DC5       60         0
                text10                              363      363      13A         0
                text9                               9E7      9E7       19         0
                text8                               C8A      C8A       41         0
                text7                               B2E      B2E       29         0
                text6                               A35      A35       1B         0
                text5                               D11      D11       59         0
                text4                               1F3      1F3      170         0
                text3                               6A2      6A2       F3         0
                text2                               BE0      BE0       36         0
                text1                               9D0      9D0       17         0
                maintext                            E25      E25       75         0
                clrtext                             8D2      8D2        6         0
                inittext                            8D8      8D8        6         0
                idataBANK1                          933      933        9         0

        CLASS   STRCODE        
                stringtext4                        101B     101B        3         0
                stringtext3                        100E     100E        D         0
                stringtext2                        1000     1000        E         0
                stringtext1                         5A2      5A2      100         0

        CLASS   STRING         

        CLASS   CONST          

        CLASS   ENTRY          

        CLASS   COMMON         
                cstackCOMMON                         70       70        A         1
                bssCOMMON                            7A       7A        4         1

        CLASS   BANK0          
                cstackBANK0                          20       20       50         1

        CLASS   BANK1          
                cstackBANK1                          C8       C8       1A         1
                dataBANK1                            E2       E2        9         1
                bssBANK1                             A0       A0       28         1
                nvBANK1                              EB       EB        5         1

        CLASS   BANK2          
                bssBANK2                            120      120       4A         1
                nvBANK2                             16A      16A        6         1

        CLASS   BANK3          
                bssBANK3                            1A0      1A0       20         1
                nvBANK3                             1C0      1C0        4         1

        CLASS   BANK4          

        CLASS   BANK5          

        CLASS   BANK6          

        CLASS   BANK7          

        CLASS   BANK8          

        CLASS   BANK9          

        CLASS   BANK10         

        CLASS   BANK11         

        CLASS   BANK12         

        CLASS   BIGRAM         

        CLASS   RAM            

        CLASS   ABS1           
                abs_s1                               7E       7E        2         1

        CLASS   SFR0           

        CLASS   SFR1           

        CLASS   SFR2           

        CLASS   SFR3           

        CLASS   SFR4           

        CLASS   SFR5           

        CLASS   SFR6           

        CLASS   SFR7           

        CLASS   SFR8           

        CLASS   SFR9           

        CLASS   SFR10          

        CLASS   SFR11          

        CLASS   SFR12          

        CLASS   SFR13          

        CLASS   SFR14          

        CLASS   SFR15          

        CLASS   SFR16          

        CLASS   SFR17          

        CLASS   SFR18          

        CLASS   SFR19          

        CLASS   SFR20          

        CLASS   SFR21          

        CLASS   SFR22          

        CLASS   SFR23          

        CLASS   SFR24          

        CLASS   SFR25          

        CLASS   SFR26          

        CLASS   SFR27          

        CLASS   SFR28          

        CLASS   SFR29          

        CLASS   SFR30          

        CLASS   SFR31          

        CLASS   SFR32          

        CLASS   SFR33          

        CLASS   SFR34          

        CLASS   SFR35          

        CLASS   SFR36          

        CLASS   SFR37          

        CLASS   SFR38          

        CLASS   SFR39          

        CLASS   SFR40          

        CLASS   SFR41          

        CLASS   SFR42          

        CLASS   SFR43          

        CLASS   SFR44          

        CLASS   SFR45          

        CLASS   SFR46          

        CLASS   SFR47          

        CLASS   SFR48          

        CLASS   SFR49          

        CLASS   SFR50          

        CLASS   SFR51          

        CLASS   SFR52          

        CLASS   SFR53          

        CLASS   SFR54          

        CLASS   SFR55          

        CLASS   SFR56          

        CLASS   SFR57          

        CLASS   SFR58          

        CLASS   SFR59          

        CLASS   SFR60          

        CLASS   SFR61          

        CLASS   SFR62          

        CLASS   SFR63          

        CLASS   CONFIG         
                config                             8007     8007        5         4

        CLASS   IDLOC          

        CLASS   BANK63         

        CLASS   BANK62         

        CLASS   BANK61         

        CLASS   BANK60         

        CLASS   BANK59         

        CLASS   BANK58         

        CLASS   BANK57         

        CLASS   BANK56         

        CLASS   BANK55         

        CLASS   BANK54         

        CLASS   BANK53         

        CLASS   BANK52         

        CLASS   BANK51         

        CLASS   BANK50         

        CLASS   BANK49         

        CLASS   BANK48         

        CLASS   BANK47         

        CLASS   BANK46         

        CLASS   BANK45         

        CLASS   BANK44         

        CLASS   BANK43         

        CLASS   BANK42         

        CLASS   BANK41         

        CLASS   BANK40         

        CLASS   BANK39         

        CLASS   BANK38         

        CLASS   BANK37         

        CLASS   BANK36         

        CLASS   BANK35         

        CLASS   BANK34         

        CLASS   BANK33         

        CLASS   BANK32         

        CLASS   BANK31         

        CLASS   BANK30         

        CLASS   BANK29         

        CLASS   BANK28         

        CLASS   BANK27         

        CLASS   BANK26         

        CLASS   BANK25         

        CLASS   BANK24         

        CLASS   BANK23         

        CLASS   BANK22         

        CLASS   BANK21         

        CLASS   BANK20         

        CLASS   BANK19         

        CLASS   BANK18         

        CLASS   BANK17         

        CLASS   BANK16         

        CLASS   BANK15         

        CLASS   BANK14         

        CLASS   BANK13         

        CLASS   EEDATA         



SEGMENTS        Name                           Load    Length   Top    Selector   Space  Class     Delta

                reset_vec                      000000  000003  000003         0       0  CODE        2
                text49                         000003  000001  000004         6       0  CODE        2
                intentry                       000004  00059E  0005A2         8       0  CODE        2
                cstackBANK0                    000020  000050  000070        20       1  BANK0       1
                cstackCOMMON                   000070  00000E  00007E        70       1  COMMON      1
                bssBANK1                       0000A0  000050  0000F0        A0       1  BANK1       1
                bssBANK2                       000120  000050  000170       120       1  BANK2       1
                bssBANK3                       0001A0  000024  0001C4       1A0       1  BANK3       1
                stringtext1                    0005A2  000100  0006A2       B44       0  STRCODE     2
                text3                          0006A2  00015E  000800       D44       0  CODE        2
                text54                         0008BB  000003  0008BE      1176       0  CODE        2
                text19                         0008BE  000003  0008C1      117C       0  CODE        2
                text18                         0008C1  000003  0008C4      1182       0  CODE        2
                text59                         0008C4  000004  0008C8      1188       0  CODE        2
                text57                         0008C8  000004  0008CC      1190       0  CODE        2
                text46                         0008CC  000006  0008D2      1198       0  CODE        2
                clrtext                        0008D2  000006  0008D8      11A4       0  CODE        2
                inittext                       0008D8  000006  0008DE      11B0       0  CODE        2
                text41                         0008DE  000007  0008E5      11BC       0  CODE        2
                text36                         0008E5  000008  0008ED      11CA       0  CODE        2
                text26                         0008ED  000008  0008F5      11DA       0  CODE        2
                text25                         0008F5  000008  0008FD      11EA       0  CODE        2
                text35                         0008FD  000009  000906      11FA       0  CODE        2
                text34                         000906  000009  00090F      120C       0  CODE        2
                text33                         00090F  000009  000918      121E       0  CODE        2
                text32                         000918  000009  000921      1230       0  CODE        2
                text31                         000921  000009  00092A      1242       0  CODE        2
                text24                         00092A  000009  000933      1254       0  CODE        2
                idataBANK1                     000933  000009  00093C      1266       0  CODE        2
                text47                         00093C  00000D  000949      1278       0  CODE        2
                text44                         000949  00000E  000957      1292       0  CODE        2
                text13                         000957  00000F  000966      12AE       0  CODE        2
                text53                         000966  000013  000979      12CC       0  CODE        2
                text50                         000979  000015  00098E      12F2       0  CODE        2
                text23                         00098E  000015  0009A3      131C       0  CODE        2
                text22                         0009A3  000016  0009B9      1346       0  CODE        2
                text20                         0009B9  000017  0009D0      1372       0  CODE        2
                text1                          0009D0  000017  0009E7      13A0       0  CODE        2
                text9                          0009E7  000019  000A00      13CE       0  CODE        2
                text52                         000A00  00001A  000A1A      1400       0  CODE        2
                text60                         000A1A  00001B  000A35      1434       0  CODE        2
                text6                          000A35  00001B  000A50      146A       0  CODE        2
                text29                         000A50  00001C  000A6C      14A0       0  CODE        2
                text21                         000A6C  00001C  000A88      14D8       0  CODE        2
                text15                         000A88  00001C  000AA4      1510       0  CODE        2
                text43                         000AA4  000020  000AC4      1548       0  CODE        2
                text55                         000AC4  000023  000AE7      1588       0  CODE        2
                text39                         000AE7  000023  000B0A      15CE       0  CODE        2
                text37                         000B0A  000024  000B2E      1614       0  CODE        2
                text7                          000B2E  000029  000B57      165C       0  CODE        2
                text12                         000B57  00002C  000B83      16AE       0  CODE        2
                text38                         000B83  00002D  000BB0      1706       0  CODE        2
                text14                         000BB0  000030  000BE0      1760       0  CODE        2
                text2                          000BE0  000036  000C16      17C0       0  CODE        2
                text42                         000C16  000038  000C4E      182C       0  CODE        2
                text56                         000C4E  00003C  000C8A      189C       0  CODE        2
                text8                          000C8A  000041  000CCB      1914       0  CODE        2
                text30                         000CCB  000046  000D11      1996       0  CODE        2
                text5                          000D11  000059  000D6A      1A22       0  CODE        2
                text40                         000D6A  00005B  000DC5      1AD4       0  CODE        2
                text11                         000DC5  000060  000E25      1B8A       0  CODE        2
                maintext                       000E25  000075  000E9A      1C4A       0  CODE        2
                text48                         000E9A  000079  000F13      1D34       0  CODE        2
                text16                         000F13  0000ED  001000      1E26       0  CODE        2
                stringtext2                    001000  00001E  00101E      2000       0  STRCODE     2


UNUSED ADDRESS RANGES

        Name                Unused          Largest block    Delta
        BANK10           00520-0056F              50           1
        BANK11           005A0-005EF              50           1
        BANK12           00620-0064F              30           1
        BANK3            001C4-001EF              2C           1
        BANK4            00220-0026F              50           1
        BANK5            002A0-002EF              50           1
        BANK6            00320-0036F              50           1
        BANK7            003A0-003EF              50           1
        BANK8            00420-0046F              50           1
        BANK9            004A0-004EF              50           1
        BIGRAM           02000-023EF             3F0           1
        CODE             00800-008BA              BB           2
                         0101E-01FFF             7E2
        CONST            00800-008BA              BB           2
                         0101E-01FFF             100
        ENTRY            00800-008BA              BB           2
                         0101E-01FFF             100
        IDLOC            08000-08003               4           2
        RAM              001C4-001EF              2C           1
                         00220-0026F              50
                         002A0-002EF              50
                         00320-0036F              50
                         003A0-003EF              50
                         00420-0046F              50
                         004A0-004EF              50
                         00520-0056F              50
                         005A0-005EF              50
                         00620-0064F              30
        SFR0             00000-0001F              20           1
        SFR1             00080-0009F              20           1
        SFR10            00500-0051F              20           1
        SFR11            00580-0059F              20           1
        SFR12            00600-0061F              20           1
        SFR13            00680-006EF              70           1
        SFR14            00700-0076F              70           1
        SFR15            00780-007EF              70           1
        SFR16            00800-0086F              70           1
        SFR17            00880-008EF              70           1
        SFR18            00900-0096F              70           1
        SFR19            00980-009EF              70           1
        SFR2             00100-0011F              20           1
        SFR20            00A00-00A6F              70           1
        SFR21            00A80-00AEF              70           1
        SFR22            00B00-00B6F              70           1
        SFR23            00B80-00BEF              70           1
        SFR24            00C00-00C6F              70           1
        SFR25            00C80-00CEF              70           1
        SFR26            00D00-00D6F              70           1
        SFR27            00D80-00DEF              70           1
        SFR28            00E00-00E6F              70           1
        SFR29            00E80-00EEF              70           1
        SFR3             00180-0019F              20           1
        SFR30            00F00-00F6F              70           1
        SFR31            00F80-00FEF              70           1
        SFR32            01000-0106F              70           1
        SFR33            01080-010EF              70           1
        SFR34            01100-0116F              70           1
        SFR35            01180-011EF              70           1
        SFR36            01200-0126F              70           1
        SFR37            01280-012EF              70           1
        SFR38            01300-0136F              70           1
        SFR39            01380-013EF              70           1
        SFR4             00200-0021F              20           1
        SFR40            01400-0146F              70           1
        SFR41            01480-014EF              70           1
        SFR42            01500-0156F              70           1
        SFR43            01580-015EF              70           1
        SFR44            01600-0166F              70           1
        SFR45            01680-016EF              70           1
        SFR46            01700-0176F              70           1
        SFR47            01780-017EF              70           1
        SFR48            01800-0186F              70           1
        SFR49            01880-018EF              70           1
        SFR5             00280-0029F              20           1
        SFR50            01900-0196F              70           1
        SFR51            01980-019EF              70           1
        SFR52            01A00-01A6F              70           1
        SFR53            01A80-01AEF              70           1
        SFR54            01B00-01B6F              70           1
        SFR55            01B80-01BEF              70           1
        SFR56            01C00-01C6F              70           1
        SFR57            01C80-01CEF              70           1
        SFR58            01D00-01D6F              70           1
        SFR59            01D80-01DEF              70           1
        SFR6             00300-0031F              20           1
        SFR60            01E00-01E6F              70           1
        SFR61            01E80-01EEF              70           1
        SFR62            01F00-01F6F              70           1
        SFR63            01F80-01FEF              70           1
        SFR7             00380-0039F              20           1
        SFR8             00400-0041F              20           1
        SFR9             00480-0049F              20           1
        STACK            02114-023EF             2DC           1
        STRCODE          00800-008BA              BB           2
                         0101E-01FFF             FE2
        STRING           00800-008BA              BB           2
                         0101E-01FFF             100

                                  Symbol Table

?___aodiv                                       cstackBANK0  00020
?___aomod                                       cstackBANK0  00020
?___awdiv                                       cstackBANK0  00020
?_abs                                           cstackBANK0  00033
?_dtoa                                          cstackBANK0  00048
?_pad                                           cstackBANK0  0003F
?_printf                                        cstackBANK1  000D6
?_strlen                                        cstackBANK0  00020
?_vfpfcnvrt                                     cstackBANK0  00066
?_vfprintf                                      cstackBANK0  0006D
BTN_GetNegEdge@flags                            bssBANK1     000B7
BTN_GetPosEdge@flags                            dataBANK1    000EA
EUSART1_SetErrorHandler@interruptHandler        cstackBANK0  00020
EUSART1_SetFramingErrorHandler@interruptHandler cstackBANK0  00020
EUSART1_SetOverrunErrorHandler@interruptHandler cstackBANK0  00020
EUSART1_SetRxInterruptHandler@interruptHandler  cstackBANK0  00020
EUSART1_SetTxInterruptHandler@interruptHandler  cstackBANK0  00020
EUSART1_Write@txData                            cstackBANK0  00021
I2C2_ISR@i2c_10bit_address_restart              bssBANK1     000B8
I2C2_ISR@i2c_address                            bssBANK1     000C6
I2C2_ISR@i2c_bytes_left                         bssBANK1     000B9
I2C2_ISR@pi2c_buf_ptr                           bssBANK1     000BA
I2C2_MasterRead@trBlock                         bssBANK2     00162
I2C2_MasterTRBInsert@count                      cstackBANK0  00023
I2C2_MasterTRBInsert@pflag                      cstackBANK0  00021
I2C2_MasterTRBInsert@ptrb_list                  cstackBANK0  00020
I2C2_MasterWrite@address                        cstackBANK0  00028
I2C2_MasterWrite@length                         cstackBANK0  00027
I2C2_MasterWrite@pdata                          cstackBANK0  0002D
I2C2_MasterWrite@pflag                          cstackBANK0  0002A
I2C2_MasterWrite@trBlock                        bssBANK2     00166
I2C2_MasterWriteTRBBuild@address                cstackBANK0  00022
I2C2_MasterWriteTRBBuild@length                 cstackBANK0  00021
I2C2_MasterWriteTRBBuild@pdata                  cstackBANK0  00020
I2C2_MasterWriteTRBBuild@ptrb                   cstackBANK0  00026
I2C2_Stop@completion_code                       cstackCOMMON 00071
OLED_GotoXY@x                                   cstackBANK0  00025
OLED_GotoXY@y                                   cstackBANK0  00023
OLED_Putc@arrowCnt                              bssBANK1     000B5
OLED_Putc@ch                                    cstackBANK0  0002D
RTC_ConvertTemp@F8254                           dataBANK1    000E4
RTC_Init@F8226                                  dataBANK1    000E6
RTC_Init@data                                   cstackBANK0  00030
RTC_Init@i2cWflag                               cstackBANK0  00032
RTC_IsTempConvDone@F8258                        dataBANK1    000E2
SPI1_Exchange8bit@data                          cstackBANK0  00020
SYSTICK_Handler@i                               cstackCOMMON 00079
Send@data                                       cstackBANK0  00022
TMR0_SetInterruptHandler@InterruptHandler       cstackBANK0  00020
_ADCON0                                         (abs)        0009D
_ADCON0bits                                     (abs)        0009D
_ADCON1                                         (abs)        0009E
_ADC_Initialize                                 text36       008E5
_ADRESH                                         (abs)        0009C
_ADRESL                                         (abs)        0009B
_ANSELA                                         (abs)        01F38
_ANSELB                                         (abs)        01F43
_ANSELC                                         (abs)        01F4E
_ANSELD                                         (abs)        01F59
_ANSELE                                         (abs)        01F64
_ANSELF                                         (abs)        01E50
_BAUD1CON                                       (abs)        0011F
_BitReverseTable256                             stringtext1  005A2
_EUSART1_DefaultErrorHandler                    text59       008C4
_EUSART1_DefaultFramingErrorHandler             text58       00002
_EUSART1_DefaultOverrunErrorHandler             text57       008C8
_EUSART1_ErrorHandler                           nvBANK3      001C0
_EUSART1_FramingErrorHandler                    nvBANK2      0016A
_EUSART1_Initialize                             text30       00CCB
_EUSART1_OverrunErrorHandler                    nvBANK3      001C2
_EUSART1_Receive_ISR                            text56       00C4E
_EUSART1_RxDataHandler                          text60       00A1A
_EUSART1_RxDefaultInterruptHandler              nvBANK2      0016C
_EUSART1_SetErrorHandler                        text35       008FD
_EUSART1_SetFramingErrorHandler                 text34       00906
_EUSART1_SetOverrunErrorHandler                 text33       0090F
_EUSART1_SetRxInterruptHandler                  text32       00918
_EUSART1_SetTxInterruptHandler                  text31       00921
_EUSART1_Transmit_ISR                           text55       00AC4
_EUSART1_TxDefaultInterruptHandler              nvBANK2      0016E
_EUSART1_Write                                  text14       00BB0
_I2C2_BusCollisionISR                           text54       008BB
_I2C2_FunctionComplete                          text53       00966
_I2C2_ISR                                       text51       0007D
_I2C2_Initialize                                text29       00A50
_I2C2_MasterTRBInsert                           text40       00D6A
_I2C2_MasterWrite                               text38       00B83
_I2C2_MasterWriteTRBBuild                       text39       00AE7
_I2C2_Stop                                      text52       00A00
_I2C2_WaitForLastPacketToComplete               text41       008DE
_INLVLA                                         (abs)        01F3C
_INLVLB                                         (abs)        01F47
_INLVLC                                         (abs)        01F52
_INLVLD                                         (abs)        01F5D
_INLVLE                                         (abs)        01F68
_INLVLF                                         (abs)        01E54
_INTCONbits                                     (abs)        0000B
_INTERRUPT_InterruptManager                     intentry     00004
_LATA                                           (abs)        00018
_LATAbits                                       (abs)        00018
_LATB                                           (abs)        00019
_LATBbits                                       (abs)        00019
_LATC                                           (abs)        0001A
_LATD                                           (abs)        0001B
_LATE                                           (abs)        0001C
_LATF                                           (abs)        0001D
_ODCONA                                         (abs)        01F3A
_ODCONB                                         (abs)        01F45
_ODCONC                                         (abs)        01F50
_ODCOND                                         (abs)        01F5B
_ODCONE                                         (abs)        01F66
_ODCONF                                         (abs)        01E52
_OLED_Clear                                     text13       00957
_OLED_GotoXY                                    text12       00B57
_OLED_Init                                      text42       00C16
_OLED_Putc                                      text10       00363
_OSCCON1                                        (abs)        0088D
_OSCCON3                                        (abs)        0088F
_OSCEN                                          (abs)        00891
_OSCFRQ                                         (abs)        00893
_OSCILLATOR_Initialize                          text28       007F6
_OSCSTAT                                        (abs)        00890
_OSCTUNE                                        (abs)        00892
_PBA_Init                                       text20       009B9
_PIE0bits                                       (abs)        00716
_PIE3bits                                       (abs)        00719
_PIN_MANAGER_Initialize                         text27       00795
_PIR0bits                                       (abs)        0070C
_PIR3bits                                       (abs)        0070F
_PIR4bits                                       (abs)        00710
_PMD0                                           (abs)        00796
_PMD1                                           (abs)        00797
_PMD2                                           (abs)        00798
_PMD3                                           (abs)        00799
_PMD4                                           (abs)        0079A
_PMD5                                           (abs)        0079B
_PMD_Initialize                                 text26       008ED
_PORTC                                          (abs)        0000E
_RA6                                            (abs)        00066
_RA7                                            (abs)        00067
_RB0PPS                                         (abs)        01F18
_RB2PPS                                         (abs)        01F1A
_RB3PPS                                         (abs)        01F1B
_RB4PPS                                         (abs)        01F1C
_RC1REG                                         (abs)        00119
_RC1STA                                         (abs)        0011D
_RC1STAbits                                     (abs)        0011D
_RF6PPS                                         (abs)        01E3E
_RTC_Init                                       text37       00B0A
_RX1DTPPS                                       (abs)        01ECB
_SLRCONA                                        (abs)        01F3B
_SLRCONB                                        (abs)        01F46
_SLRCONC                                        (abs)        01F51
_SLRCOND                                        (abs)        01F5C
_SLRCONE                                        (abs)        01F67
_SLRCONF                                        (abs)        01E53
_SP1BRGH                                        (abs)        0011C
_SP1BRGL                                        (abs)        0011B
_SPI1_Exchange8bit                              text44       00949
_SPI1_Initialize                                text25       008F5
_SSP1ADD                                        (abs)        0018D
_SSP1BUF                                        (abs)        0018C
_SSP1CLKPPS                                     (abs)        01EC5
_SSP1CON1                                       (abs)        00190
_SSP1CON1bits                                   (abs)        00190
_SSP1DATPPS                                     (abs)        01EC6
_SSP1STAT                                       (abs)        0018F
_SSP1STATbits                                   (abs)        0018F
_SSP2ADD                                        (abs)        00197
_SSP2BUF                                        (abs)        00196
_SSP2CLKPPS                                     (abs)        01EC8
_SSP2CON1                                       (abs)        0019A
_SSP2CON1bits                                   (abs)        0019A
_SSP2CON2bits                                   (abs)        0019B
_SSP2CON3                                       (abs)        0019C
_SSP2DATPPS                                     (abs)        01EC9
_SSP2STAT                                       (abs)        00199
_SYSTEM_Initialize                              text21       00A6C
_SYSTICK_Handler                                text48       00E9A
_Send                                           text43       00AA4
_T0CON0                                         (abs)        0059E
_T0CON0bits                                     (abs)        0059E
_T0CON1                                         (abs)        0059F
_T1CLK                                          (abs)        00211
_T1CON                                          (abs)        0020E
_T1CONbits                                      (abs)        0020E
_T1GATE                                         (abs)        00210
_T1GCON                                         (abs)        0020F
_T1GCONbits                                     (abs)        0020F
_TMR0H                                          (abs)        0059D
_TMR0L                                          (abs)        0059C
_TMR0_CallBack                                  text47       0093C
_TMR0_DefaultInterruptHandler                   text49       00003
_TMR0_ISR                                       text46       008CC
_TMR0_Initialize                                text23       0098E
_TMR0_InterruptHandler                          nvBANK1      000ED
_TMR0_SetInterruptHandler                       text24       0092A
_TMR1H                                          (abs)        0020D
_TMR1L                                          (abs)        0020C
_TMR1_Initialize                                text22       009A3
_TMR1_StartTimer                                text19       008BE
_TMR1_StopTimer                                 text18       008C1
_TRISA                                          (abs)        00012
_TRISB                                          (abs)        00013
_TRISC                                          (abs)        00014
_TRISD                                          (abs)        00015
_TRISE                                          (abs)        00016
_TRISF                                          (abs)        00017
_TX1REG                                         (abs)        0011A
_TX1STA                                         (abs)        0011E
_TX1STAbits                                     (abs)        0011E
_WPUA                                           (abs)        01F39
_WPUB                                           (abs)        01F44
_WPUC                                           (abs)        01F4F
_WPUD                                           (abs)        01F5A
_WPUE                                           (abs)        01F65
_WPUF                                           (abs)        01E51
__Habs1                                         abs1         00000
__Hbank0                                        bank0        00000
__Hbank1                                        bank1        00000
__Hbank10                                       bank10       00000
__Hbank11                                       bank11       00000
__Hbank12                                       bank12       00000
__Hbank13                                       bank13       00000
__Hbank14                                       bank14       00000
__Hbank15                                       bank15       00000
__Hbank16                                       bank16       00000
__Hbank17                                       bank17       00000
__Hbank18                                       bank18       00000
__Hbank19                                       bank19       00000
__Hbank2                                        bank2        00000
__Hbank20                                       bank20       00000
__Hbank21                                       bank21       00000
__Hbank22                                       bank22       00000
__Hbank23                                       bank23       00000
__Hbank24                                       bank24       00000
__Hbank25                                       bank25       00000
__Hbank26                                       bank26       00000
__Hbank27                                       bank27       00000
__Hbank28                                       bank28       00000
__Hbank29                                       bank29       00000
__Hbank3                                        bank3        00000
__Hbank30                                       bank30       00000
__Hbank31                                       bank31       00000
__Hbank32                                       bank32       00000
__Hbank33                                       bank33       00000
__Hbank34                                       bank34       00000
__Hbank35                                       bank35       00000
__Hbank36                                       bank36       00000
__Hbank37                                       bank37       00000
__Hbank38                                       bank38       00000
__Hbank39                                       bank39       00000
__Hbank4                                        bank4        00000
__Hbank40                                       bank40       00000
__Hbank41                                       bank41       00000
__Hbank42                                       bank42       00000
__Hbank43                                       bank43       00000
__Hbank44                                       bank44       00000
__Hbank45                                       bank45       00000
__Hbank46                                       bank46       00000
__Hbank47                                       bank47       00000
__Hbank48                                       bank48       00000
__Hbank49                                       bank49       00000
__Hbank5                                        bank5        00000
__Hbank50                                       bank50       00000
__Hbank51                                       bank51       00000
__Hbank52                                       bank52       00000
__Hbank53                                       bank53       00000
__Hbank54                                       bank54       00000
__Hbank55                                       bank55       00000
__Hbank56                                       bank56       00000
__Hbank57                                       bank57       00000
__Hbank58                                       bank58       00000
__Hbank59                                       bank59       00000
__Hbank6                                        bank6        00000
__Hbank60                                       bank60       00000
__Hbank61                                       bank61       00000
__Hbank62                                       bank62       00000
__Hbank63                                       bank63       00000
__Hbank7                                        bank7        00000
__Hbank8                                        bank8        00000
__Hbank9                                        bank9        00000
__Hbigram                                       bigram       00000
__HbssBANK1                                     bssBANK1     00000
__HbssBANK2                                     bssBANK2     00000
__HbssBANK3                                     bssBANK3     00000
__HbssCOMMON                                    bssCOMMON    00000
__Hcinit                                        cinit        0007D
__Hclrtext                                      clrtext      00000
__Hcode                                         code         00000
__Hcommon                                       common       00000
__Hconfig                                       config       0800C
__HcstackBANK0                                  cstackBANK0  00000
__HcstackBANK1                                  cstackBANK1  00000
__HcstackCOMMON                                 cstackCOMMON 00000
__HdataBANK1                                    dataBANK1    00000
__Heeprom_data                                  eeprom_data  00000
__Hend_init                                     end_init     00051
__Hfunctab                                      functab      00000
__HidataBANK1                                   idataBANK1   00000
__Hinit                                         init         0004F
__Hinittext                                     inittext     00000
__Hintentry                                     intentry     0004F
__Hmaintext                                     maintext     00000
__HnvBANK1                                      nvBANK1      00000
__HnvBANK2                                      nvBANK2      00000
__HnvBANK3                                      nvBANK3      00000
__Hpowerup                                      powerup      00000
__Hram                                          ram          00000
__Hreset_vec                                    reset_vec    00002
__Hsfr0                                         sfr0         00000
__Hsfr1                                         sfr1         00000
__Hsfr10                                        sfr10        00000
__Hsfr11                                        sfr11        00000
__Hsfr12                                        sfr12        00000
__Hsfr13                                        sfr13        00000
__Hsfr14                                        sfr14        00000
__Hsfr15                                        sfr15        00000
__Hsfr16                                        sfr16        00000
__Hsfr17                                        sfr17        00000
__Hsfr18                                        sfr18        00000
__Hsfr19                                        sfr19        00000
__Hsfr2                                         sfr2         00000
__Hsfr20                                        sfr20        00000
__Hsfr21                                        sfr21        00000
__Hsfr22                                        sfr22        00000
__Hsfr23                                        sfr23        00000
__Hsfr24                                        sfr24        00000
__Hsfr25                                        sfr25        00000
__Hsfr26                                        sfr26        00000
__Hsfr27                                        sfr27        00000
__Hsfr28                                        sfr28        00000
__Hsfr29                                        sfr29        00000
__Hsfr3                                         sfr3         00000
__Hsfr30                                        sfr30        00000
__Hsfr31                                        sfr31        00000
__Hsfr32                                        sfr32        00000
__Hsfr33                                        sfr33        00000
__Hsfr34                                        sfr34        00000
__Hsfr35                                        sfr35        00000
__Hsfr36                                        sfr36        00000
__Hsfr37                                        sfr37        00000
__Hsfr38                                        sfr38        00000
__Hsfr39                                        sfr39        00000
__Hsfr4                                         sfr4         00000
__Hsfr40                                        sfr40        00000
__Hsfr41                                        sfr41        00000
__Hsfr42                                        sfr42        00000
__Hsfr43                                        sfr43        00000
__Hsfr44                                        sfr44        00000
__Hsfr45                                        sfr45        00000
__Hsfr46                                        sfr46        00000
__Hsfr47                                        sfr47        00000
__Hsfr48                                        sfr48        00000
__Hsfr49                                        sfr49        00000
__Hsfr5                                         sfr5         00000
__Hsfr50                                        sfr50        00000
__Hsfr51                                        sfr51        00000
__Hsfr52                                        sfr52        00000
__Hsfr53                                        sfr53        00000
__Hsfr54                                        sfr54        00000
__Hsfr55                                        sfr55        00000
__Hsfr56                                        sfr56        00000
__Hsfr57                                        sfr57        00000
__Hsfr58                                        sfr58        00000
__Hsfr59                                        sfr59        00000
__Hsfr6                                         sfr6         00000
__Hsfr60                                        sfr60        00000
__Hsfr61                                        sfr61        00000
__Hsfr62                                        sfr62        00000
__Hsfr63                                        sfr63        00000
__Hsfr7                                         sfr7         00000
__Hsfr8                                         sfr8         00000
__Hsfr9                                         sfr9         00000
__Hspace_0                                      (abs)        0101E
__Hspace_1                                      (abs)        001C4
__Hspace_2                                      (abs)        00000
__Hspace_3                                      (abs)        00000
__Hspace_4                                      (abs)        10013
__Hstack                                        stack        00000
__Hstrings                                      strings      00000
__Hstringtext1                                  stringtext1  00000
__Hstringtext2                                  stringtext2  00000
__Hstringtext3                                  stringtext3  00000
__Hstringtext4                                  stringtext4  00000
__Hstringtext5                                  stringtext5  00000
__Htext                                         text         00000
__Labs1                                         abs1         00000
__Lbank0                                        bank0        00000
__Lbank1                                        bank1        00000
__Lbank10                                       bank10       00000
__Lbank11                                       bank11       00000
__Lbank12                                       bank12       00000
__Lbank13                                       bank13       00000
__Lbank14                                       bank14       00000
__Lbank15                                       bank15       00000
__Lbank16                                       bank16       00000
__Lbank17                                       bank17       00000
__Lbank18                                       bank18       00000
__Lbank19                                       bank19       00000
__Lbank2                                        bank2        00000
__Lbank20                                       bank20       00000
__Lbank21                                       bank21       00000
__Lbank22                                       bank22       00000
__Lbank23                                       bank23       00000
__Lbank24                                       bank24       00000
__Lbank25                                       bank25       00000
__Lbank26                                       bank26       00000
__Lbank27                                       bank27       00000
__Lbank28                                       bank28       00000
__Lbank29                                       bank29       00000
__Lbank3                                        bank3        00000
__Lbank30                                       bank30       00000
__Lbank31                                       bank31       00000
__Lbank32                                       bank32       00000
__Lbank33                                       bank33       00000
__Lbank34                                       bank34       00000
__Lbank35                                       bank35       00000
__Lbank36                                       bank36       00000
__Lbank37                                       bank37       00000
__Lbank38                                       bank38       00000
__Lbank39                                       bank39       00000
__Lbank4                                        bank4        00000
__Lbank40                                       bank40       00000
__Lbank41                                       bank41       00000
__Lbank42                                       bank42       00000
__Lbank43                                       bank43       00000
__Lbank44                                       bank44       00000
__Lbank45                                       bank45       00000
__Lbank46                                       bank46       00000
__Lbank47                                       bank47       00000
__Lbank48                                       bank48       00000
__Lbank49                                       bank49       00000
__Lbank5                                        bank5        00000
__Lbank50                                       bank50       00000
__Lbank51                                       bank51       00000
__Lbank52                                       bank52       00000
__Lbank53                                       bank53       00000
__Lbank54                                       bank54       00000
__Lbank55                                       bank55       00000
__Lbank56                                       bank56       00000
__Lbank57                                       bank57       00000
__Lbank58                                       bank58       00000
__Lbank59                                       bank59       00000
__Lbank6                                        bank6        00000
__Lbank60                                       bank60       00000
__Lbank61                                       bank61       00000
__Lbank62                                       bank62       00000
__Lbank63                                       bank63       00000
__Lbank7                                        bank7        00000
__Lbank8                                        bank8        00000
__Lbank9                                        bank9        00000
__Lbigram                                       bigram       00000
__LbssBANK1                                     bssBANK1     00000
__LbssBANK2                                     bssBANK2     00000
__LbssBANK3                                     bssBANK3     00000
__LbssCOMMON                                    bssCOMMON    00000
__Lcinit                                        cinit        00051
__Lclrtext                                      clrtext      00000
__Lcode                                         code         00000
__Lcommon                                       common       00000
__Lconfig                                       config       00000
__LcstackBANK0                                  cstackBANK0  00000
__LcstackBANK1                                  cstackBANK1  00000
__LcstackCOMMON                                 cstackCOMMON 00000
__LdataBANK1                                    dataBANK1    00000
__Leeprom_data                                  eeprom_data  00000
__Lend_init                                     end_init     0004F
__Lfunctab                                      functab      00000
__LidataBANK1                                   idataBANK1   00000
__Linit                                         init         0004F
__Linittext                                     inittext     00000
__Lintentry                                     intentry     00004
__Lmaintext                                     maintext     00000
__LnvBANK1                                      nvBANK1      00000
__LnvBANK2                                      nvBANK2      00000
__LnvBANK3                                      nvBANK3      00000
__Lpowerup                                      powerup      00000
__Lram                                          ram          00000
__Lreset_vec                                    reset_vec    00000
__Lsfr0                                         sfr0         00000
__Lsfr1                                         sfr1         00000
__Lsfr10                                        sfr10        00000
__Lsfr11                                        sfr11        00000
__Lsfr12                                        sfr12        00000
__Lsfr13                                        sfr13        00000
__Lsfr14                                        sfr14        00000
__Lsfr15                                        sfr15        00000
__Lsfr16                                        sfr16        00000
__Lsfr17                                        sfr17        00000
__Lsfr18                                        sfr18        00000
__Lsfr19                                        sfr19        00000
__Lsfr2                                         sfr2         00000
__Lsfr20                                        sfr20        00000
__Lsfr21                                        sfr21        00000
__Lsfr22                                        sfr22        00000
__Lsfr23                                        sfr23        00000
__Lsfr24                                        sfr24        00000
__Lsfr25                                        sfr25        00000
__Lsfr26                                        sfr26        00000
__Lsfr27                                        sfr27        00000
__Lsfr28                                        sfr28        00000
__Lsfr29                                        sfr29        00000
__Lsfr3                                         sfr3         00000
__Lsfr30                                        sfr30        00000
__Lsfr31                                        sfr31        00000
__Lsfr32                                        sfr32        00000
__Lsfr33                                        sfr33        00000
__Lsfr34                                        sfr34        00000
__Lsfr35                                        sfr35        00000
__Lsfr36                                        sfr36        00000
__Lsfr37                                        sfr37        00000
__Lsfr38                                        sfr38        00000
__Lsfr39                                        sfr39        00000
__Lsfr4                                         sfr4         00000
__Lsfr40                                        sfr40        00000
__Lsfr41                                        sfr41        00000
__Lsfr42                                        sfr42        00000
__Lsfr43                                        sfr43        00000
__Lsfr44                                        sfr44        00000
__Lsfr45                                        sfr45        00000
__Lsfr46                                        sfr46        00000
__Lsfr47                                        sfr47        00000
__Lsfr48                                        sfr48        00000
__Lsfr49                                        sfr49        00000
__Lsfr5                                         sfr5         00000
__Lsfr50                                        sfr50        00000
__Lsfr51                                        sfr51        00000
__Lsfr52                                        sfr52        00000
__Lsfr53                                        sfr53        00000
__Lsfr54                                        sfr54        00000
__Lsfr55                                        sfr55        00000
__Lsfr56                                        sfr56        00000
__Lsfr57                                        sfr57        00000
__Lsfr58                                        sfr58        00000
__Lsfr59                                        sfr59        00000
__Lsfr6                                         sfr6         00000
__Lsfr60                                        sfr60        00000
__Lsfr61                                        sfr61        00000
__Lsfr62                                        sfr62        00000
__Lsfr63                                        sfr63        00000
__Lsfr7                                         sfr7         00000
__Lsfr8                                         sfr8         00000
__Lsfr9                                         sfr9         00000
__Lspace_0                                      (abs)        00000
__Lspace_1                                      (abs)        00000
__Lspace_2                                      (abs)        00000
__Lspace_3                                      (abs)        00000
__Lspace_4                                      (abs)        00000
__Lstack                                        stack        00000
__Lstrings                                      strings      00000
__Lstringtext1                                  stringtext1  00000
__Lstringtext2                                  stringtext2  00000
__Lstringtext3                                  stringtext3  00000
__Lstringtext4                                  stringtext4  00000
__Lstringtext5                                  stringtext5  00000
__Ltext                                         text         00000
__S0                                            (abs)        0101E
__S1                                            (abs)        001C4
__S2                                            (abs)        00000
___aodiv                                        text17       0049D
___aodiv@counter                                cstackBANK0  00031
___aodiv@dividend                               cstackBANK0  00028
___aodiv@divisor                                cstackBANK0  00020
___aodiv@quotient                               cstackBANK0  00033
___aodiv@sign                                   cstackBANK0  00032
___aomod                                        text16       00F13
___aomod@counter                                cstackBANK0  00031
___aomod@dividend                               cstackBANK0  00028
___aomod@divisor                                cstackBANK0  00020
___aomod@sign                                   cstackBANK0  00032
___awdiv                                        text11       00DC5
___awdiv@counter                                cstackBANK0  00025
___awdiv@dividend                               cstackBANK0  00022
___awdiv@divisor                                cstackBANK0  00020
___awdiv@quotient                               cstackBANK0  00027
___awdiv@sign                                   cstackBANK0  00026
___bmul                                         text50       00979
___bmul@multiplicand                            cstackCOMMON 00070
___bmul@multiplier                              cstackCOMMON 00073
___bmul@product                                 cstackCOMMON 00072
___int_sp                                       stack        00000
___latbits                                      (abs)        00002
___sp                                           stack        00000
___stackhi                                      (abs)        023EF
___stacklo                                      (abs)        02114
__end_of_ADC_Initialize                         text36       008ED
__end_of_BitReverseTable256                     stringtext1  006A2
__end_of_EUSART1_DefaultErrorHandler            text59       008C8
__end_of_EUSART1_DefaultFramingErrorHandler     text58       00003
__end_of_EUSART1_DefaultOverrunErrorHandler     text57       008CC
__end_of_EUSART1_Initialize                     text30       00D11
__end_of_EUSART1_Receive_ISR                    text56       00C8A
__end_of_EUSART1_RxDataHandler                  text60       00A35
__end_of_EUSART1_SetErrorHandler                text35       00906
__end_of_EUSART1_SetFramingErrorHandler         text34       0090F
__end_of_EUSART1_SetOverrunErrorHandler         text33       00918
__end_of_EUSART1_SetRxInterruptHandler          text32       00921
__end_of_EUSART1_SetTxInterruptHandler          text31       0092A
__end_of_EUSART1_Transmit_ISR                   text55       00AE7
__end_of_EUSART1_Write                          text14       00BE0
__end_of_I2C2_BusCollisionISR                   text54       008BE
__end_of_I2C2_FunctionComplete                  text53       00979
__end_of_I2C2_ISR                               text51       001F3
__end_of_I2C2_Initialize                        text29       00A6C
__end_of_I2C2_MasterTRBInsert                   text40       00DC5
__end_of_I2C2_MasterWrite                       text38       00BB0
__end_of_I2C2_MasterWriteTRBBuild               text39       00B0A
__end_of_I2C2_Stop                              text52       00A1A
__end_of_I2C2_WaitForLastPacketToComplete       text41       008E5
__end_of_INTERRUPT_InterruptManager             intentry     0004F
__end_of_OLED_Clear                             text13       00966
__end_of_OLED_GotoXY                            text12       00B83
__end_of_OLED_Init                              text42       00C4E
__end_of_OLED_Putc                              text10       0049D
__end_of_OSCILLATOR_Initialize                  text28       00800
__end_of_PBA_Init                               text20       009D0
__end_of_PIN_MANAGER_Initialize                 text27       007F6
__end_of_PMD_Initialize                         text26       008F5
__end_of_RTC_Init                               text37       00B2E
__end_of_SPI1_Exchange8bit                      text44       00957
__end_of_SPI1_Initialize                        text25       008FD
__end_of_SYSTEM_Initialize                      text21       00A88
__end_of_SYSTICK_Handler                        text48       00F13
__end_of_Send                                   text43       00AC4
__end_of_TMR0_CallBack                          text47       00949
__end_of_TMR0_DefaultInterruptHandler           text49       00004
__end_of_TMR0_ISR                               text46       008D2
__end_of_TMR0_Initialize                        text23       009A3
__end_of_TMR0_SetInterruptHandler               text24       00933
__end_of_TMR1_Initialize                        text22       009B9
__end_of_TMR1_StartTimer                        text19       008C1
__end_of_TMR1_StopTimer                         text18       008C4
__end_of___aodiv                                text17       005A2
__end_of___aomod                                text16       01000
__end_of___awdiv                                text11       00E25
__end_of___bmul                                 text50       0098E
__end_of__initialization                        cinit        00079
__end_of_abs                                    text15       00AA4
__end_of_dtoa                                   text4        00363
__end_of_fputc                                  text8        00CCB
__end_of_fputs                                  text7        00B57
__end_of_main                                   maintext     00E9A
__end_of_pad                                    text5        00D6A
__end_of_printf                                 text1        009E7
__end_of_putch                                  text9        00A00
__end_of_strlen                                 text6        00A50
__end_of_vfpfcnvrt                              text3        00795
__end_of_vfprintf                               text2        00C16
__initialization                                cinit        00051
__pbssBANK1                                     bssBANK1     000A0
__pbssBANK2                                     bssBANK2     00120
__pbssBANK3                                     bssBANK3     001A0
__pbssCOMMON                                    bssCOMMON    0007A
__pcstackBANK0                                  cstackBANK0  00020
__pcstackBANK1                                  cstackBANK1  000C8
__pcstackCOMMON                                 cstackCOMMON 00070
__pdataBANK1                                    dataBANK1    000E2
__pidataBANK1                                   idataBANK1   00933
__pintentry                                     intentry     00004
[...]
 Tracked objects:
		On entry : 
		On exit  : 
		Unchanged: 
 Data sizes:     COMMON   BANK0   BANK1   BANK2   BANK3   BANK4   BANK5   BANK6   BANK7   BANK8   BANK9  BANK10  BANK11  BANK12
      Params:         1       0       0       0       0       0       0       0       0       0       0       0       0       0
      Locals:         2       0       0       0       0       0       0       0       0       0       0       0       0       0
      Temps:          1       0       0       0       0       0       0       0       0       0       0       0       0       0
      Totals:         4       0       0       0       0       0       0       0       0       0       0       0       0       0
Total ram usage:        4 bytes
 Hardware stack levels used:    1
 This function calls:
		Nothing
 This function is called by:
		_SYSTICK_Handler
		_BcdToBinary
		_SYSTICK_TimerRun
		_SYSTICK_TimerLoad
		_SYSTICK_TimerStop
		_SYSTICK_Timeout
		_SYSTICK_AddTimeoutHandler
 This function uses a non-reentrant model


 *************** function _I2C2_ISR *****************
 Defined at:
		line 235 in file "mcc_generated_files/i2c2.c"
 Parameters:    Size  Location     Type
		None
 Auto vars:     Size  Location     Type
		None
 Return value:  Size  Location     Type
                  1    wreg      void 
 Registers used:
		wreg, fsr0l, fsr0h, fsr1l, fsr1h, status,2, status,0, pclath, cstack
 Tracked objects:
		On entry : 
		On exit  : 
		Unchanged: 
 Data sizes:     COMMON   BANK0   BANK1   BANK2   BANK3   BANK4   BANK5   BANK6   BANK7   BANK8   BANK9  BANK10  BANK11  BANK12
      Params:         0       0       0       0       0       0       0       0       0       0       0       0       0       0
      Locals:         0       0       0       0       0       0       0       0       0       0       0       0       0       0
      Temps:          4       0       0       0       0       0       0       0       0       0       0       0       0       0
      Totals:         4       0       0       0       0       0       0       0       0       0       0       0       0       0
Total ram usage:        4 bytes
 Hardware stack levels used:    1
 Hardware stack levels required when called:    1
 This function calls:
		_I2C2_FunctionComplete
		_I2C2_Stop
 This function is called by:
		_INTERRUPT_InterruptManager
 This function uses a non-reentrant model


 *************** function _I2C2_Stop *****************
 Defined at:
		line 583 in file "mcc_generated_files/i2c2.c"
 Parameters:    Size  Location     Type
  completion_c    1    wreg     enum E8045
 Auto vars:     Size  Location     Type
  completion_c    1    1[COMMON] enum E8045
 Return value:  Size  Location     Type
                  1    wreg      void 
 Registers used:
		wreg, fsr1l, fsr1h, status,2, status,0
 Tracked objects:
		On entry : 
		On exit  : 
		Unchanged: 
 Data sizes:     COMMON   BANK0   BANK1   BANK2   BANK3   BANK4   BANK5   BANK6   BANK7   BANK8   BANK9  BANK10  BANK11  BANK12
      Params:         0       0       0       0       0       0       0       0       0       0       0       0       0       0
      Locals:         1       0       0       0       0       0       0       0       0       0       0       0       0       0
      Temps:          1       0       0       0       0       0       0       0       0       0       0       0       0       0
      Totals:         2       0       0       0       0       0       0       0       0       0       0       0       0       0
Total ram usage:        2 bytes
 Hardware stack levels used:    1
 This function calls:
		Nothing
 This function is called by:
		_I2C2_ISR
 This function uses a non-reentrant model


 *************** function _I2C2_FunctionComplete *****************
 Defined at:
		line 565 in file "mcc_generated_files/i2c2.c"
 Parameters:    Size  Location     Type
		None
 Auto vars:     Size  Location     Type
		None
 Return value:  Size  Location     Type
                  1    wreg      void 
 Registers used:
		wreg, status,2, status,0
 Tracked objects:
		On entry : 
		On exit  : 
		Unchanged: 
 Data sizes:     COMMON   BANK0   BANK1   BANK2   BANK3   BANK4   BANK5   BANK6   BANK7   BANK8   BANK9  BANK10  BANK11  BANK12
      Params:         0       0       0       0       0       0       0       0       0       0       0       0       0       0
      Locals:         0       0       0       0       0       0       0       0       0       0       0       0       0       0
      Temps:          1       0       0       0       0       0       0       0       0       0       0       0       0       0
      Totals:         1       0       0       0       0       0       0       0       0       0       0       0       0       0
Total ram usage:        1 bytes
 Hardware stack levels used:    1
 This function calls:
		Nothing
 This function is called by:
		_I2C2_ISR
 This function uses a non-reentrant model


 *************** function _I2C2_BusCollisionISR *****************
 Defined at:
		line 742 in file "mcc_generated_files/i2c2.c"
 Parameters:    Size  Location     Type
		None
 Auto vars:     Size  Location     Type
		None
 Return value:  Size  Location     Type
                  1    wreg      void 
 Registers used:
		None
 Tracked objects:
		On entry : 
		On exit  : 
		Unchanged: 
 Data sizes:     COMMON   BANK0   BANK1   BANK2   BANK3   BANK4   BANK5   BANK6   BANK7   BANK8   BANK9  BANK10  BANK11  BANK12
      Params:         0       0       0       0       0       0       0       0       0       0       0       0       0       0
      Locals:         0       0       0       0       0       0       0       0       0       0       0       0       0       0
      Temps:          0       0       0       0       0       0       0       0       0       0       0       0       0       0
      Totals:         0       0       0       0       0       0       0       0       0       0       0       0       0       0
Total ram usage:        0 bytes
 Hardware stack levels used:    1
 This function calls:
		Nothing
 This function is called by:
		_INTERRUPT_InterruptManager
 This function uses a non-reentrant model


 *************** function _EUSART1_Transmit_ISR *****************
 Defined at:
		line 197 in file "mcc_generated_files/eusart1.c"
 Parameters:    Size  Location     Type
		None
 Auto vars:     Size  Location     Type
		None
 Return value:  Size  Location     Type
                  1    wreg      void 
 Registers used:
		wreg, fsr1l, fsr1h, status,2, status,0
 Tracked objects:
		On entry : 
		On exit  : 
		Unchanged: 
 Data sizes:     COMMON   BANK0   BANK1   BANK2   BANK3   BANK4   BANK5   BANK6   BANK7   BANK8   BANK9  BANK10  BANK11  BANK12
      Params:         0       0       0       0       0       0       0       0       0       0       0       0       0       0
      Locals:         0       0       0       0       0       0       0       0       0       0       0       0       0       0
      Temps:          1       0       0       0       0       0       0       0       0       0       0       0       0       0
      Totals:         1       0       0       0       0       0       0       0       0       0       0       0       0       0
Total ram usage:        1 bytes
 Hardware stack levels used:    1
 This function calls:
		Nothing
 This function is called by:
		_EUSART1_Initialize
		_INTERRUPT_InterruptManager
 This function uses a non-reentrant model


 *************** function _EUSART1_Receive_ISR *****************
 Defined at:
		line 216 in file "mcc_generated_files/eusart1.c"
 Parameters:    Size  Location     Type
		None
 Auto vars:     Size  Location     Type
		None
 Return value:  Size  Location     Type
                  1    wreg      void 
 Registers used:
		wreg, fsr1l, fsr1h, status,2, status,0, pclath, cstack
 Tracked objects:
		On entry : 
		On exit  : 
		Unchanged: 
 Data sizes:     COMMON   BANK0   BANK1   BANK2   BANK3   BANK4   BANK5   BANK6   BANK7   BANK8   BANK9  BANK10  BANK11  BANK12
      Params:         0       0       0       0       0       0       0       0       0       0       0       0       0       0
      Locals:         0       0       0       0       0       0       0       0       0       0       0       0       0       0
      Temps:          0       0       0       0       0       0       0       0       0       0       0       0       0       0
      Totals:         0       0       0       0       0       0       0       0       0       0       0       0       0       0
Total ram usage:        0 bytes
 Hardware stack levels used:    1
 Hardware stack levels required when called:    2
 This function calls:
		Absolute function
		_EUSART1_DefaultErrorHandler
		_EUSART1_DefaultFramingErrorHandler
		_EUSART1_DefaultOverrunErrorHandler
		_EUSART1_RxDataHandler
 This function is called by:
		_EUSART1_Initialize
		_INTERRUPT_InterruptManager
 This function uses a non-reentrant model


 *************** function _EUSART1_DefaultOverrunErrorHandler *****************
 Defined at:
		line 252 in file "mcc_generated_files/eusart1.c"
 Parameters:    Size  Location     Type
		None
 Auto vars:     Size  Location     Type
		None
 Return value:  Size  Location     Type
                  1    wreg      void 
 Registers used:
		None
 Tracked objects:
		On entry : 
		On exit  : 
		Unchanged: 
 Data sizes:     COMMON   BANK0   BANK1   BANK2   BANK3   BANK4   BANK5   BANK6   BANK7   BANK8   BANK9  BANK10  BANK11  BANK12
      Params:         0       0       0       0       0       0       0       0       0       0       0       0       0       0
      Locals:         0       0       0       0       0       0       0       0       0       0       0       0       0       0
      Temps:          0       0       0       0       0       0       0       0       0       0       0       0       0       0
      Totals:         0       0       0       0       0       0       0       0       0       0       0       0       0       0
Total ram usage:        0 bytes
 Hardware stack levels used:    1
 This function calls:
		Nothing
 This function is called by:
		_EUSART1_Initialize
		_EUSART1_Receive_ISR
 This function uses a non-reentrant model


 *************** function _EUSART1_DefaultFramingErrorHandler *****************
 Defined at:
		line 250 in file "mcc_generated_files/eusart1.c"
 Parameters:    Size  Location     Type
		None
 Auto vars:     Size  Location     Type
		None
 Return value:  Size  Location     Type
                  1    wreg      void 
 Registers used:
		None
 Tracked objects:
		On entry : 
		On exit  : 
		Unchanged: 
 Data sizes:     COMMON   BANK0   BANK1   BANK2   BANK3   BANK4   BANK5   BANK6   BANK7   BANK8   BANK9  BANK10  BANK11  BANK12
      Params:         0       0       0       0       0       0       0       0       0       0       0       0       0       0
      Locals:         0       0       0       0       0       0       0       0       0       0       0       0       0       0
      Temps:          0       0       0       0       0       0       0       0       0       0       0       0       0       0
      Totals:         0       0       0       0       0       0       0       0       0       0       0       0       0       0
Total ram usage:        0 bytes
 Hardware stack levels used:    1
 This function calls:
		Nothing
 This function is called by:
		_EUSART1_Initialize
		_EUSART1_Receive_ISR
 This function uses a non-reentrant model


 *************** function _EUSART1_DefaultErrorHandler *****************
 Defined at:
		line 260 in file "mcc_generated_files/eusart1.c"
 Parameters:    Size  Location     Type
		None
 Auto vars:     Size  Location     Type
		None
 Return value:  Size  Location     Type
                  1    wreg      void 
 Registers used:
		wreg, fsr1l, fsr1h, status,2, status,0, pclath, cstack
 Tracked objects:
		On entry : 
		On exit  : 
		Unchanged: 
 Data sizes:     COMMON   BANK0   BANK1   BANK2   BANK3   BANK4   BANK5   BANK6   BANK7   BANK8   BANK9  BANK10  BANK11  BANK12
      Params:         0       0       0       0       0       0       0       0       0       0       0       0       0       0
      Locals:         0       0       0       0       0       0       0       0       0       0       0       0       0       0
      Temps:          0       0       0       0       0       0       0       0       0       0       0       0       0       0
      Totals:         0       0       0       0       0       0       0       0       0       0       0       0       0       0
Total ram usage:        0 bytes
 Hardware stack levels used:    1
 Hardware stack levels required when called:    1
 This function calls:
		_EUSART1_RxDataHandler
 This function is called by:
		_EUSART1_Initialize
		_EUSART1_Receive_ISR
 This function uses a non-reentrant model


 *************** function _EUSART1_RxDataHandler *****************
 Defined at:
		line 240 in file "mcc_generated_files/eusart1.c"
 Parameters:    Size  Location     Type
		None
 Auto vars:     Size  Location     Type
		None
 Return value:  Size  Location     Type
                  1    wreg      void 
 Registers used:
		wreg, fsr1l, fsr1h, status,2, status,0
 Tracked objects:
		On entry : 
		On exit  : 
		Unchanged: 
 Data sizes:     COMMON   BANK0   BANK1   BANK2   BANK3   BANK4   BANK5   BANK6   BANK7   BANK8   BANK9  BANK10  BANK11  BANK12
      Params:         0       0       0       0       0       0       0       0       0       0       0       0       0       0
      Locals:         0       0       0       0       0       0       0       0       0       0       0       0       0       0
      Temps:          1       0       0       0       0       0       0       0       0       0       0       0       0       0
      Totals:         1       0       0       0       0       0       0       0       0       0       0       0       0       0
Total ram usage:        1 bytes
 Hardware stack levels used:    1
 This function calls:
		Nothing
 This function is called by:
		_EUSART1_Receive_ISR
		_EUSART1_DefaultErrorHandler
 This function uses a non-reentrant model



MODULE INFORMATION

Module		Function		Class		Link	Load	Size
C:\Program Files\Microchip\xc8\v2.30\pic\sources\c99\common\aomod.c
		___aomod       		CODE           	0F13	0000	237

C:\Program Files\Microchip\xc8\v2.30\pic\sources\c99\common\aomod.c estimated size: 237

C:\Program Files\Microchip\xc8\v2.30\pic\sources\c99\common\abs.c
		_abs           		CODE           	0A88	0000	28

C:\Program Files\Microchip\xc8\v2.30\pic\sources\c99\common\abs.c estimated size: 28

C:\Program Files\Microchip\xc8\v2.30\pic\sources\c99\common\doprnt.c
		_vfpfcnvrt     		CODE           	06A2	0000	243
		_pad           		CODE           	0D11	0000	89
		_dtoa          		CODE           	01F3	0000	368
		_vfprintf      		CODE           	0BE0	0000	54

C:\Program Files\Microchip\xc8\v2.30\pic\sources\c99\common\doprnt.c estimated size: 754

C:\Program Files\Microchip\xc8\v2.30\pic\sources\c99\common\nf_fputs.c
		_fputs         		CODE           	0B2E	0000	41

C:\Program Files\Microchip\xc8\v2.30\pic\sources\c99\common\nf_fputs.c estimated size: 41

mcc_generated_files/interrupt_manager.c
		_INTERRUPT_InterruptManager		CODE           	0004	0000	75

mcc_generated_files/interrupt_manager.c estimated size: 75

src/pba_systick.c
		_SYSTICK_Handler		CODE           	0E9A	0000	121

src/pba_systick.c estimated size: 121

mcc_generated_files/tmr0.c
		_TMR0_SetInterruptHandler		CODE           	092A	0000	9
		_TMR0_DefaultInterruptHandler		CODE           	0003	0000	1
		_TMR0_CallBack 		CODE           	093C	0000	13
		_TMR0_ISR      		CODE           	08CC	0000	6
		_TMR0_Initialize		CODE           	098E	0000	21

mcc_generated_files/tmr0.c estimated size: 50

src/pba_oled.c
		_OLED_Clear    		CODE           	0957	0000	15
		_Send          		CODE           	0AA4	0000	32
		_OLED_Init     		CODE           	0C16	0000	56
		_OLED_GotoXY   		CODE           	0B57	0000	44
		_OLED_Putc     		CODE           	0363	0000	314

src/pba_oled.c estimated size: 461

mcc_generated_files/pin_manager.c
		_PIN_MANAGER_Initialize		CODE           	0795	0000	97

mcc_generated_files/pin_manager.c estimated size: 97

C:\Program Files\Microchip\xc8\v2.30\pic\sources\c99\common\aodiv.c
		___aodiv       		CODE           	049D	0000	261

C:\Program Files\Microchip\xc8\v2.30\pic\sources\c99\common\aodiv.c estimated size: 261

src/pba_rtc.c
		_RTC_Init      		CODE           	0B0A	0000	36

src/pba_rtc.c estimated size: 36

mcc_generated_files/spi1.c
		_SPI1_Initialize		CODE           	08F5	0000	8
		_SPI1_Exchange8bit		CODE           	0949	0000	14

mcc_generated_files/spi1.c estimated size: 22

mcc_generated_files/adc.c
		_ADC_Initialize		CODE           	08E5	0000	8

mcc_generated_files/adc.c estimated size: 8

src/pba_config.c
		_putch         		CODE           	09E7	0000	25
		_PBA_Init      		CODE           	09B9	0000	23

src/pba_config.c estimated size: 48

C:\Program Files\Microchip\xc8\v2.30\pic\sources\c99\common\awdiv.c
		___awdiv       		CODE           	0DC5	0000	96

C:\Program Files\Microchip\xc8\v2.30\pic\sources\c99\common\awdiv.c estimated size: 96

C:\Program Files\Microchip\xc8\v2.30\pic\sources\c99\common\Umul8.c
		___bmul        		CODE           	0979	0000	21

C:\Program Files\Microchip\xc8\v2.30\pic\sources\c99\common\Umul8.c estimated size: 21

C:\Program Files\Microchip\xc8\v2.30\pic\sources\c99\common\printf.c
		_printf        		CODE           	09D0	0000	23

C:\Program Files\Microchip\xc8\v2.30\pic\sources\c99\common\printf.c estimated size: 23

shared
		_BitReverseTable256		STRCODE        	05A2	0000	256
		__initialization		CODE           	0051	0000	40

shared estimated size: 296

C:\Program Files\Microchip\xc8\v2.30\pic\sources\c99\common\nf_fputc.c
		_fputc         		CODE           	0C8A	0000	65

C:\Program Files\Microchip\xc8\v2.30\pic\sources\c99\common\nf_fputc.c estimated size: 65

mcc_generated_files/eusart1.c
		_EUSART1_SetRxInterruptHandler		CODE           	0918	0000	9
		_EUSART1_SetTxInterruptHandler		CODE           	0921	0000	9
		_EUSART1_Initialize		CODE           	0CCB	0000	70
		_EUSART1_DefaultErrorHandler		CODE           	08C4	0000	4
		_EUSART1_SetFramingErrorHandler		CODE           	0906	0000	9
		_EUSART1_SetOverrunErrorHandler		CODE           	090F	0000	9
		_EUSART1_SetErrorHandler		CODE           	08FD	0000	9
		_EUSART1_Write 		CODE           	0BB0	0000	48
		_EUSART1_Receive_ISR		CODE           	0C4E	0000	60
		_EUSART1_RxDataHandler		CODE           	0A1A	0000	27
		_EUSART1_DefaultOverrunErrorHandler		CODE           	08C8	0000	4
		_EUSART1_Transmit_ISR		CODE           	0AC4	0000	35
		_EUSART1_DefaultFramingErrorHandler		CODE           	0002	0000	1

mcc_generated_files/eusart1.c estimated size: 294

mcc_generated_files/mcc.c
		_PMD_Initialize		CODE           	08ED	0000	8
		_OSCILLATOR_Initialize		CODE           	07F6	0000	10
		_SYSTEM_Initialize		CODE           	0A6C	0000	28

mcc_generated_files/mcc.c estimated size: 46

C:\Program Files\Microchip\xc8\v2.30\pic\sources\c99\common\strlen.c
		_strlen        		CODE           	0A35	0000	27

C:\Program Files\Microchip\xc8\v2.30\pic\sources\c99\common\strlen.c estimated size: 27

mcc_generated_files/tmr1.c
		_TMR1_Initialize		CODE           	09A3	0000	22
		_TMR1_StopTimer		CODE           	08C1	0000	3
		_TMR1_StartTimer		CODE           	08BE	0000	3

mcc_generated_files/tmr1.c estimated size: 28

mcc_generated_files/i2c2.c
		_I2C2_BusCollisionISR		CODE           	08BB	0000	3
		_I2C2_FunctionComplete		CODE           	0966	0000	19
		_I2C2_MasterWriteTRBBuild		CODE           	0AE7	0000	35
		_I2C2_ISR      		CODE           	007D	0000	374
		_I2C2_MasterWrite		CODE           	0B83	0000	45
		_I2C2_Initialize		CODE           	0A50	0000	28
		_I2C2_Stop     		CODE           	0A00	0000	26
		_I2C2_WaitForLastPacketToComplete		CODE           	08DE	0000	7
		_I2C2_MasterTRBInsert		CODE           	0D6A	0000	91

mcc_generated_files/i2c2.c estimated size: 628

main.c
		_main          		CODE           	0E25	0000	117

main.c estimated size: 117

