Microchip MPLAB XC8 Compiler V2.30

Linker command line:

-W-3 --edf=C:\Program Files\Microchip\xc8\v2.30\pic\dat\en_msgs.txt -cn \
  -h+dist/default/debug\Sensor_Board.debug.sym \
  --cmf=dist/default/debug\Sensor_Board.debug.cmf -z -Q16F15385 \
  -oC:\Users\bweina\AppData\Local\Temp\s6s0x2 --defsym=__MPLAB_BUILD=1 \
  -Mdist/default/debug/Sensor_Board.debug.map -E1 -ver=XC8 Compiler \
  --acfsm=1493 -ASTACK=02114h-023EFh -pstack=STACK -ACODE=00h-07FFhx4 \
  -ASTRCODE=00h-01FFFh -ASTRING=00h-0FFhx32 -ACONST=00h-0FFhx32 \
  -AENTRY=00h-0FFhx32 -ACOMMON=070h-07Fh -ABANK0=020h-06Fh \
  -ABANK1=0A0h-0EFh -ABANK2=0120h-016Fh -ABANK3=01A0h-01EFh \
  -ABANK4=0220h-026Fh -ABANK5=02A0h-02EFh -ABANK6=0320h-036Fh \
  -ABANK7=03A0h-03EFh -ABANK8=0420h-046Fh -ABANK9=04A0h-04EFh \
  -ABANK10=0520h-056Fh -ABANK11=05A0h-05EFh -ABANK12=0620h-064Fh \
  -ABIGRAM=02000h-023EFh \
  -ARAM=020h-06Fh,0A0h-0EFh,0120h-016Fh,01A0h-01EFh,0220h-026Fh,02A0h-02EFh,0320h-036Fh,03A0h-03EFh,0420h-046Fh,04A0h-04EFh,0520h-056Fh,05A0h-05EFh,0620h-064Fh \
  -AABS1=020h-07Fh,0A0h-0EFh,0120h-016Fh,01A0h-01EFh,0220h-026Fh,02A0h-02EFh,0320h-036Fh,03A0h-03EFh,0420h-046Fh,04A0h-04EFh,0520h-056Fh,05A0h-05EFh,0620h-064Fh \
  -ASFR0=00h-01Fh -ASFR1=080h-09Fh -ASFR2=0100h-011Fh -ASFR3=0180h-019Fh \
  -ASFR4=0200h-021Fh -ASFR5=0280h-029Fh -ASFR6=0300h-031Fh \
  -ASFR7=0380h-039Fh -ASFR8=0400h-041Fh -ASFR9=0480h-049Fh \
  -ASFR10=0500h-051Fh -ASFR11=0580h-059Fh -ASFR12=0600h-061Fh \
  -ASFR13=0680h-06EFh -ASFR14=0700h-076Fh -ASFR15=0780h-07EFh \
  -ASFR16=0800h-086Fh -ASFR17=0880h-08EFh -ASFR18=0900h-096Fh \
  -ASFR19=0980h-09EFh -ASFR20=0A00h-0A6Fh -ASFR21=0A80h-0AEFh \
  -ASFR22=0B00h-0B6Fh -ASFR23=0B80h-0BEFh -ASFR24=0C00h-0C6Fh \
  -ASFR25=0C80h-0CEFh -ASFR26=0D00h-0D6Fh -ASFR27=0D80h-0DEFh \
  -ASFR28=0E00h-0E6Fh -ASFR29=0E80h-0EEFh -ASFR30=0F00h-0F6Fh \
  -ASFR31=0F80h-0FEFh -ASFR32=01000h-0106Fh -ASFR33=01080h-010EFh \
  -ASFR34=01100h-0116Fh -ASFR35=01180h-011EFh -ASFR36=01200h-0126Fh \
  -ASFR37=01280h-012EFh -ASFR38=01300h-0136Fh -ASFR39=01380h-013EFh \
  -ASFR40=01400h-0146Fh -ASFR41=01480h-014EFh -ASFR42=01500h-0156Fh \
  -ASFR43=01580h-015EFh -ASFR44=01600h-0166Fh -ASFR45=01680h-016EFh \
  -ASFR46=01700h-0176Fh -ASFR47=01780h-017EFh -ASFR48=01800h-0186Fh \
  -ASFR49=01880h-018EFh -ASFR50=01900h-0196Fh -ASFR51=01980h-019EFh \
  -ASFR52=01A00h-01A6Fh -ASFR53=01A80h-01AEFh -ASFR54=01B00h-01B6Fh \
  -ASFR55=01B80h-01BEFh -ASFR56=01C00h-01C6Fh -ASFR57=01C80h-01CEFh \
  -ASFR58=01D00h-01D6Fh -ASFR59=01D80h-01DEFh -ASFR60=01E00h-01E6Fh \
  -ASFR61=01E80h-01EEFh -ASFR62=01F00h-01F6Fh -ASFR63=01F80h-01FEFh \
  -ACONFIG=08007h-0800Bh -DCONFIG=2 -AIDLOC=08000h-08003h -DIDLOC=2 \
  -DCODE=2 -DSTRCODE=2 -DSTRING=2 -DCONST=2 -DENTRY=2 \
  -preset_vec=00h,intentry=04h,init,end_init -ppowerup=CODE -pcinit=CODE \
  -pfunctab=ENTRY -k C:\Users\bweina\AppData\Local\Temp\s6s0xg.o \
  dist/default/debug\Sensor_Board.debug.o 

Object code version is 3.11

Machine type is 16F15385



                Name                               Link     Load   Length Selector   Space Scale
C:\Users\bweina\AppData\Local\Temp\s6s0xg.o
                end_init                             4F       4F        2        8       0
                reset_vec                             0        0        2        0       0
                config                             8007     8007        5        0       4
dist/default/debug\Sensor_Board.debug.o
                cinit                                51       51       2C        8       0
                intentry                              4        4       4B        8       0
                config                             8007     8007        5        0       4
                text63                             1733     1733       1B     2E66       0
                text62                             15DA     15DA        4     2BB4       0
                text61                                2        2        1        0       0
                text60                             15DE     15DE        4     2BBC       0
                text59                              9C4      9C4       3C     1388       0
                text58                             17DD     17DD       23     2FBA       0
                text57                             15D1     15D1        3     2BA2       0
                text56                             167F     167F       13     2CFE       0
                text55                             1719     1719       1A     2E32       0
                text54                              231      231      176        8       0
                text53                             1692     1692       15     2D24       0
                text52                                3        3        1        6       0
                text51                              C71      C71       79     18E2       0
                text50                             1655     1655        D     2CAA       0
                text49                             15E2     15E2        6     2BC4       0
                text47                             1662     1662        E     2CC4       0
                text46                             17BD     17BD       20     2F7A       0
                text45                              98C      98C       38     1318       0
                text44                              856      856        7     10AC       0
                text43                              AE0      AE0       5B     15C0       0
                text42                              85D      85D       23     10BA       0
                text41                              8F9      8F9       2D     11F2       0
                text40                              880      880       24     1100       0
                text39                             15F4     15F4        8     2BE8       0
                text38                             160C     160C        9     2C18       0
                text37                             1615     1615        9     2C2A       0
                text36                             161E     161E        9     2C3C       0
                text35                             1627     1627        9     2C4E       0
                text34                             1630     1630        9     2C60       0
                text33                              A41      A41       46     1482       0
                text32                             1769     1769       1C     2ED2       0
                text31                             164B     164B        A     2C96       0
                text30                              B9B      B9B       61     1736       0
                text29                             15FC     15FC        8     2BF8       0
                text28                             1604     1604        8     2C08       0
                text27                             1639     1639        9     2C72       0
                text26                             16A7     16A7       15     2D4E       0
                text25                             16BC     16BC       16     2D78       0
                text24                             1785     1785       1C     2F0A       0
                text23                             16D2     16D2       17     2DA4       0
                text22                             15D4     15D4        3     2BA8       0
                text21                             15D7     15D7        3     2BAE       0
                text20                               7D       7D      1B4        8       0
                text19                              BFC      BFC       75     17F8       0
                text18                              D73      D73       AD     1AE6       0
                text17                              651      651      105        8       0
                text16                              E20      E20       ED     1C40       0
                text15                             17A1     17A1       1C     2F42       0
                text14                              926      926       30     124C       0
                text13                             1670     1670        F     2CE0       0
                text12                              8CD      8CD       2C     119A       0
                text11                              B3B      B3B       60     1676       0
                text10                              517      517      13A        8       0
                text9                              1700     1700       19     2E00       0
                text8                               A00      A00       41     1400       0
                text7                               8A4      8A4       29     1148       0
                text6                              174E     174E       1B     2E9C       0
                text5                               A87      A87       59     150E       0
                text4                               3A7      3A7      170        8       0
                text3                               F0D      F0D       F3     1E1A       0
                text2                               956      956       36     12AC       0
                text1                              16E9     16E9       17     2DD2       0
                maintext                            CEA      CEA       89     19D4       0
                cstackBANK0                          20       20       50       20       1
                cstackCOMMON                         70       70        A       70       1
                cstackBANK1                          C8       C8       1A       A0       1
                clrtext                            15E8     15E8        6     2BD0       0
                inittext                           15EE     15EE        6     2BDC       0
                bssBANK3                            1A0      1A0       20      1A0       1
                bssBANK2                            120      120       4A      120       1
                dataBANK1                            E2       E2        9       A0       1
                bssBANK1                             A0       A0       28       A0       1
                bssCOMMON                            7A       7A        4       70       1
                stringtext3                        180E     180E        3     3000       0
                stringtext2                        1800     1800        E     3000       0
                nvBANK3                             1C0      1C0        4      1A0       1
                nvBANK2                             16A      16A        6      120       1
                nvBANK1                              EB       EB        5       A0       1
                stringtext1                         756      756      100      EAC       0
                idataBANK1                         1642     1642        9     2C84       0

TOTAL           Name                               Link     Load   Length     Space
        CLASS   STACK          

        CLASS   CODE           
                end_init                             4F       4F        2         0
                cinit                                51       51       2C         0
                intentry                              4        4       4B         0
                reset_vec                             0        0        2         0
                text63                             1733     1733       1B         0
                text62                             15DA     15DA        4         0
                text61                                2        2        1         0
                text60                             15DE     15DE        4         0
                text59                              9C4      9C4       3C         0
                text58                             17DD     17DD       23         0
                text57                             15D1     15D1        3         0
                text56                             167F     167F       13         0
                text55                             1719     1719       1A         0
                text54                              231      231      176         0
                text53                             1692     1692       15         0
                text52                                3        3        1         0
                text51                              C71      C71       79         0
                text50                             1655     1655        D         0
                text49                             15E2     15E2        6         0
                text47                             1662     1662        E         0
                text46                             17BD     17BD       20         0
                text45                              98C      98C       38         0
                text44                              856      856        7         0
                text43                              AE0      AE0       5B         0
                text42                              85D      85D       23         0
                text41                              8F9      8F9       2D         0
                text40                              880      880       24         0
                text39                             15F4     15F4        8         0
                text38                             160C     160C        9         0
                text37                             1615     1615        9         0
                text36                             161E     161E        9         0
                text35                             1627     1627        9         0
                text34                             1630     1630        9         0
                text33                              A41      A41       46         0
                text32                             1769     1769       1C         0
                text31                             164B     164B        A         0
                text30                              B9B      B9B       61         0
                text29                             15FC     15FC        8         0
                text28                             1604     1604        8         0
                text27                             1639     1639        9         0
                text26                             16A7     16A7       15         0
                text25                             16BC     16BC       16         0
                text24                             1785     1785       1C         0
                text23                             16D2     16D2       17         0
                text22                             15D4     15D4        3         0
                text21                             15D7     15D7        3         0
                text20                               7D       7D      1B4         0
                text19                              BFC      BFC       75         0
                text18                              D73      D73       AD         0
                text17                              651      651      105         0
                text16                              E20      E20       ED         0
                text15                             17A1     17A1       1C         0
                text14                              926      926       30         0
                text13                             1670     1670        F         0
                text12                              8CD      8CD       2C         0
                text11                              B3B      B3B       60         0
                text10                              517      517      13A         0
                text9                              1700     1700       19         0
                text8                               A00      A00       41         0
                text7                               8A4      8A4       29         0
                text6                              174E     174E       1B         0
                text5                               A87      A87       59         0
                text4                               3A7      3A7      170         0
                text3                               F0D      F0D       F3         0
                text2                               956      956       36         0
                text1                              16E9     16E9       17         0
                maintext                            CEA      CEA       89         0
                clrtext                            15E8     15E8        6         0
                inittext                           15EE     15EE        6         0
                idataBANK1                         1642     1642        9         0

        CLASS   STRCODE        
                stringtext3                        180E     180E        3         0
                stringtext2                        1800     1800        E         0
                stringtext1                         756      756      100         0

        CLASS   STRING         

        CLASS   CONST          

        CLASS   ENTRY          

        CLASS   COMMON         
                cstackCOMMON                         70       70        A         1
                bssCOMMON                            7A       7A        4         1

        CLASS   BANK0          
                cstackBANK0                          20       20       50         1

        CLASS   BANK1          
                cstackBANK1                          C8       C8       1A         1
                dataBANK1                            E2       E2        9         1
                bssBANK1                             A0       A0       28         1
                nvBANK1                              EB       EB        5         1

        CLASS   BANK2          
                bssBANK2                            120      120       4A         1
                nvBANK2                             16A      16A        6         1

        CLASS   BANK3          
                bssBANK3                            1A0      1A0       20         1
                nvBANK3                             1C0      1C0        4         1

        CLASS   BANK4          

        CLASS   BANK5          

        CLASS   BANK6          

        CLASS   BANK7          

        CLASS   BANK8          

        CLASS   BANK9          

        CLASS   BANK10         

        CLASS   BANK11         

        CLASS   BANK12         

        CLASS   BIGRAM         

        CLASS   RAM            

        CLASS   ABS1           
                abs_s1                               7E       7E        2         1

        CLASS   SFR0           

        CLASS   SFR1           

        CLASS   SFR2           

        CLASS   SFR3           

        CLASS   SFR4           

        CLASS   SFR5           

        CLASS   SFR6           

        CLASS   SFR7           

        CLASS   SFR8           

        CLASS   SFR9           

        CLASS   SFR10          

        CLASS   SFR11          

        CLASS   SFR12          

        CLASS   SFR13          

        CLASS   SFR14          

        CLASS   SFR15          

        CLASS   SFR16          

        CLASS   SFR17          

        CLASS   SFR18          

        CLASS   SFR19          

        CLASS   SFR20          

        CLASS   SFR21          

        CLASS   SFR22          

        CLASS   SFR23          

        CLASS   SFR24          

        CLASS   SFR25          

        CLASS   SFR26          

        CLASS   SFR27          

        CLASS   SFR28          

        CLASS   SFR29          

        CLASS   SFR30          

        CLASS   SFR31          

        CLASS   SFR32          

        CLASS   SFR33          

        CLASS   SFR34          

        CLASS   SFR35          

        CLASS   SFR36          

        CLASS   SFR37          

        CLASS   SFR38          

        CLASS   SFR39          

        CLASS   SFR40          

        CLASS   SFR41          

        CLASS   SFR42          

        CLASS   SFR43          

        CLASS   SFR44          

        CLASS   SFR45          

        CLASS   SFR46          

        CLASS   SFR47          

        CLASS   SFR48          

        CLASS   SFR49          

        CLASS   SFR50          

        CLASS   SFR51          

        CLASS   SFR52          

        CLASS   SFR53          

        CLASS   SFR54          

        CLASS   SFR55          

        CLASS   SFR56          

        CLASS   SFR57          

        CLASS   SFR58          

        CLASS   SFR59          

        CLASS   SFR60          

        CLASS   SFR61          

        CLASS   SFR62          

        CLASS   SFR63          

        CLASS   CONFIG         
                config                             8007     8007        5         4

        CLASS   IDLOC          

        CLASS   BANK63         

        CLASS   BANK62         

        CLASS   BANK61         

        CLASS   BANK60         

        CLASS   BANK59         

        CLASS   BANK58         

        CLASS   BANK57         

        CLASS   BANK56         

        CLASS   BANK55         

        CLASS   BANK54         

        CLASS   BANK53         

        CLASS   BANK52         

        CLASS   BANK51         

        CLASS   BANK50         

        CLASS   BANK49         

        CLASS   BANK48         

        CLASS   BANK47         

        CLASS   BANK46         

        CLASS   BANK45         

        CLASS   BANK44         

        CLASS   BANK43         

        CLASS   BANK42         

        CLASS   BANK41         

        CLASS   BANK40         

        CLASS   BANK39         

        CLASS   BANK38         

        CLASS   BANK37         

        CLASS   BANK36         

        CLASS   BANK35         

        CLASS   BANK34         

        CLASS   BANK33         

        CLASS   BANK32         

        CLASS   BANK31         

        CLASS   BANK30         

        CLASS   BANK29         

        CLASS   BANK28         

        CLASS   BANK27         

        CLASS   BANK26         

        CLASS   BANK25         

        CLASS   BANK24         

        CLASS   BANK23         

        CLASS   BANK22         

        CLASS   BANK21         

        CLASS   BANK20         

        CLASS   BANK19         

        CLASS   BANK18         

        CLASS   BANK17         

        CLASS   BANK16         

        CLASS   BANK15         

        CLASS   BANK14         

        CLASS   BANK13         

        CLASS   EEDATA         



SEGMENTS        Name                           Load    Length   Top    Selector   Space  Class     Delta

                reset_vec                      000000  000003  000003         0       0  CODE        2
                text52                         000003  000001  000004         6       0  CODE        2
                intentry                       000004  000752  000756         8       0  CODE        2
                cstackBANK0                    000020  000050  000070        20       1  BANK0       1
                cstackCOMMON                   000070  00000E  00007E        70       1  COMMON      1
                bssBANK1                       0000A0  000050  0000F0        A0       1  BANK1       1
                bssBANK2                       000120  000050  000170       120       1  BANK2       1
                bssBANK3                       0001A0  000024  0001C4       1A0       1  BANK3       1
                stringtext1                    000756  000100  000856       EAC       0  STRCODE     2
                text44                         000856  000007  00085D      10AC       0  CODE        2
                text42                         00085D  000023  000880      10BA       0  CODE        2
                text40                         000880  000024  0008A4      1100       0  CODE        2
                text7                          0008A4  000029  0008CD      1148       0  CODE        2
                text12                         0008CD  00002C  0008F9      119A       0  CODE        2
                text41                         0008F9  00002D  000926      11F2       0  CODE        2
                text14                         000926  000030  000956      124C       0  CODE        2
                text2                          000956  000036  00098C      12AC       0  CODE        2
                text45                         00098C  000038  0009C4      1318       0  CODE        2
                text59                         0009C4  00003C  000A00      1388       0  CODE        2
                text8                          000A00  000041  000A41      1400       0  CODE        2
                text33                         000A41  000046  000A87      1482       0  CODE        2
                text5                          000A87  000059  000AE0      150E       0  CODE        2
                text43                         000AE0  00005B  000B3B      15C0       0  CODE        2
                text11                         000B3B  000060  000B9B      1676       0  CODE        2
                text30                         000B9B  000061  000BFC      1736       0  CODE        2
                text19                         000BFC  000075  000C71      17F8       0  CODE        2
                text51                         000C71  000079  000CEA      18E2       0  CODE        2
                maintext                       000CEA  000089  000D73      19D4       0  CODE        2
                text18                         000D73  0000AD  000E20      1AE6       0  CODE        2
                text16                         000E20  0000ED  000F0D      1C40       0  CODE        2
                text3                          000F0D  0000F3  001000      1E1A       0  CODE        2
                text57                         0015D1  000003  0015D4      2BA2       0  CODE        2
                text22                         0015D4  000003  0015D7      2BA8       0  CODE        2
                text21                         0015D7  000003  0015DA      2BAE       0  CODE        2
                text62                         0015DA  000004  0015DE      2BB4       0  CODE        2
                text60                         0015DE  000004  0015E2      2BBC       0  CODE        2
                text49                         0015E2  000006  0015E8      2BC4       0  CODE        2
                clrtext                        0015E8  000006  0015EE      2BD0       0  CODE        2
                inittext                       0015EE  000006  0015F4      2BDC       0  CODE        2
                text39                         0015F4  000008  0015FC      2BE8       0  CODE        2
                text29                         0015FC  000008  001604      2BF8       0  CODE        2
                text28                         001604  000008  00160C      2C08       0  CODE        2
                text38                         00160C  000009  001615      2C18       0  CODE        2
                text37                         001615  000009  00161E      2C2A       0  CODE        2
                text36                         00161E  000009  001627      2C3C       0  CODE        2
                text35                         001627  000009  001630      2C4E       0  CODE        2
                text34                         001630  000009  001639      2C60       0  CODE        2
                text27                         001639  000009  001642      2C72       0  CODE        2
                idataBANK1                     001642  000009  00164B      2C84       0  CODE        2
                text31                         00164B  00000A  001655      2C96       0  CODE        2
                text50                         001655  00000D  001662      2CAA       0  CODE        2
                text47                         001662  00000E  001670      2CC4       0  CODE        2
                text13                         001670  00000F  00167F      2CE0       0  CODE        2
                text56                         00167F  000013  001692      2CFE       0  CODE        2
                text53                         001692  000015  0016A7      2D24       0  CODE        2
                text26                         0016A7  000015  0016BC      2D4E       0  CODE        2
                text25                         0016BC  000016  0016D2      2D78       0  CODE        2
                text23                         0016D2  000017  0016E9      2DA4       0  CODE        2
                text1                          0016E9  000017  001700      2DD2       0  CODE        2
                text9                          001700  000019  001719      2E00       0  CODE        2
                text55                         001719  00001A  001733      2E32       0  CODE        2
                text63                         001733  00001B  00174E      2E66       0  CODE        2
                text6                          00174E  00001B  001769      2E9C       0  CODE        2
                text32                         001769  00001C  001785      2ED2       0  CODE        2
                text24                         001785  00001C  0017A1      2F0A       0  CODE        2
                text15                         0017A1  00001C  0017BD      2F42       0  CODE        2
                text46                         0017BD  000020  0017DD      2F7A       0  CODE        2
                text58                         0017DD  000023  001800      2FBA       0  CODE        2
                stringtext2                    001800  000011  001811      3000       0  STRCODE     2


UNUSED ADDRESS RANGES

        Name                Unused          Largest block    Delta
        BANK10           00520-0056F              50           1
        BANK11           005A0-005EF              50           1
        BANK12           00620-0064F              30           1
        BANK3            001C4-001EF              2C           1
        BANK4            00220-0026F              50           1
        BANK5            002A0-002EF              50           1
        BANK6            00320-0036F              50           1
        BANK7            003A0-003EF              50           1
        BANK8            00420-0046F              50           1
        BANK9            004A0-004EF              50           1
        BIGRAM           02000-023EF             3F0           1
        CODE             01000-015D0             5D1           2
                         01811-01FFF             7EF
        CONST            01000-015D0             100           2
                         01811-01FFF             100
        ENTRY            01000-015D0             100           2
                         01811-01FFF             100
        IDLOC            08000-08003               4           2
        RAM              001C4-001EF              2C           1
                         00220-0026F              50
                         002A0-002EF              50
                         00320-0036F              50
                         003A0-003EF              50
                         00420-0046F              50
                         004A0-004EF              50
                         00520-0056F              50
                         005A0-005EF              50
                         00620-0064F              30
        SFR0             00000-0001F              20           1
        SFR1             00080-0009F              20           1
        SFR10            00500-0051F              20           1
        SFR11            00580-0059F              20           1
        SFR12            00600-0061F              20           1
        SFR13            00680-006EF              70           1
        SFR14            00700-0076F              70           1
        SFR15            00780-007EF              70           1
        SFR16            00800-0086F              70           1
        SFR17            00880-008EF              70           1
        SFR18            00900-0096F              70           1
        SFR19            00980-009EF              70           1
        SFR2             00100-0011F              20           1
        SFR20            00A00-00A6F              70           1
        SFR21            00A80-00AEF              70           1
        SFR22            00B00-00B6F              70           1
        SFR23            00B80-00BEF              70           1
        SFR24            00C00-00C6F              70           1
        SFR25            00C80-00CEF              70           1
        SFR26            00D00-00D6F              70           1
        SFR27            00D80-00DEF              70           1
        SFR28            00E00-00E6F              70           1
        SFR29            00E80-00EEF              70           1
        SFR3             00180-0019F              20           1
        SFR30            00F00-00F6F              70           1
        SFR31            00F80-00FEF              70           1
        SFR32            01000-0106F              70           1
        SFR33            01080-010EF              70           1
        SFR34            01100-0116F              70           1
        SFR35            01180-011EF              70           1
        SFR36            01200-0126F              70           1
        SFR37            01280-012EF              70           1
        SFR38            01300-0136F              70           1
        SFR39            01380-013EF              70           1
        SFR4             00200-0021F              20           1
        SFR40            01400-0146F              70           1
        SFR41            01480-014EF              70           1
        SFR42            01500-0156F              70           1
        SFR43            01580-015EF              70           1
        SFR44            01600-0166F              70           1
        SFR45            01680-016EF              70           1
        SFR46            01700-0176F              70           1
        SFR47            01780-017EF              70           1
        SFR48            01800-0186F              70           1
        SFR49            01880-018EF              70           1
        SFR5             00280-0029F              20           1
        SFR50            01900-0196F              70           1
        SFR51            01980-019EF              70           1
        SFR52            01A00-01A6F              70           1
        SFR53            01A80-01AEF              70           1
        SFR54            01B00-01B6F              70           1
        SFR55            01B80-01BEF              70           1
        SFR56            01C00-01C6F              70           1
        SFR57            01C80-01CEF              70           1
        SFR58            01D00-01D6F              70           1
        SFR59            01D80-01DEF              70           1
        SFR6             00300-0031F              20           1
        SFR60            01E00-01E6F              70           1
        SFR61            01E80-01EEF              70           1
        SFR62            01F00-01F6F              70           1
        SFR63            01F80-01FEF              70           1
        SFR7             00380-0039F              20           1
        SFR8             00400-0041F              20           1
        SFR9             00480-0049F              20           1
        STACK            02114-023EF             2DC           1
        STRCODE          01000-015D0             5D1           2
                         01811-01FFF             7EF
        STRING           01000-015D0             100           2
                         01811-01FFF             100

                                  Symbol Table

?___aodiv                                       cstackBANK0  00020
?___aomod                                       cstackBANK0  00020
?___awdiv                                       cstackBANK0  00020
?___fldiv                                       cstackBANK0  0002E
?___fltol                                       cstackBANK0  00048
?___xxtofl                                      cstackBANK0  00020
?_abs                                           cstackBANK0  00033
?_dtoa                                          cstackBANK0  00048
?_pad                                           cstackBANK0  0003F
?_printf                                        cstackBANK1  000D6
?_strlen                                        cstackBANK0  00020
?_vfpfcnvrt                                     cstackBANK0  00066
?_vfprintf                                      cstackBANK0  0006D
BTN_GetNegEdge@flags                            bssBANK1     000C2
BTN_GetPosEdge@flags                            dataBANK1    000EA
EUSART1_SetErrorHandler@interruptHandler        cstackBANK0  00020
EUSART1_SetFramingErrorHandler@interruptHandler cstackBANK0  00020
EUSART1_SetOverrunErrorHandler@interruptHandler cstackBANK0  00020
EUSART1_SetRxInterruptHandler@interruptHandler  cstackBANK0  00020
EUSART1_SetTxInterruptHandler@interruptHandler  cstackBANK0  00020
EUSART1_Write@txData                            cstackBANK0  00021
I2C2_ISR@i2c_10bit_address_restart              bssBANK1     000B3
I2C2_ISR@i2c_address                            bssBANK1     000C6
I2C2_ISR@i2c_bytes_left                         bssBANK1     000B4
I2C2_ISR@pi2c_buf_ptr                           bssBANK1     000B5
I2C2_MasterRead@trBlock                         bssBANK2     00162
I2C2_MasterTRBInsert@count                      cstackBANK0  00023
I2C2_MasterTRBInsert@pflag                      cstackBANK0  00021
I2C2_MasterTRBInsert@ptrb_list                  cstackBANK0  00020
I2C2_MasterWrite@address                        cstackBANK0  00028
I2C2_MasterWrite@length                         cstackBANK0  00027
I2C2_MasterWrite@pdata                          cstackBANK0  0002D
I2C2_MasterWrite@pflag                          cstackBANK0  0002A
I2C2_MasterWrite@trBlock                        bssBANK2     00166
I2C2_MasterWriteTRBBuild@address                cstackBANK0  00022
I2C2_MasterWriteTRBBuild@length                 cstackBANK0  00021
I2C2_MasterWriteTRBBuild@pdata                  cstackBANK0  00020
I2C2_MasterWriteTRBBuild@ptrb                   cstackBANK0  00026
I2C2_Stop@completion_code                       cstackCOMMON 00071
OLED_GotoXY@x                                   cstackBANK0  00025
OLED_GotoXY@y                                   cstackBANK0  00023
OLED_Putc@arrowCnt                              bssBANK1     000C0
OLED_Putc@ch                                    cstackBANK0  0002D
RTC_ConvertTemp@F8254                           dataBANK1    000E4
RTC_Init@F8226                                  dataBANK1    000E6
RTC_Init@data                                   cstackBANK0  00030
RTC_Init@i2cWflag                               cstackBANK0  00032
RTC_IsTempConvDone@F8258                        dataBANK1    000E2
SPI1_Exchange8bit@data                          cstackBANK0  00020
SYSTICK_Handler@i                               cstackCOMMON 00079
Send@data                                       cstackBANK0  00022
TMR0_SetInterruptHandler@InterruptHandler       cstackBANK0  00020
_ADCON0                                         (abs)        0009D
_ADCON0bits                                     (abs)        0009D
_ADCON1                                         (abs)        0009E
_ADC_Initialize                                 text39       015F4
_ADRESH                                         (abs)        0009C
_ADRESL                                         (abs)        0009B
_ANSELA                                         (abs)        01F38
_ANSELB                                         (abs)        01F43
_ANSELC                                         (abs)        01F4E
_ANSELD                                         (abs)        01F59
_ANSELE                                         (abs)        01F64
_ANSELF                                         (abs)        01E50
_BAUD1CON                                       (abs)        0011F
_BitReverseTable256                             stringtext1  00756
_EUSART1_DefaultErrorHandler                    text62       015DA
_EUSART1_DefaultFramingErrorHandler             text61       00002
_EUSART1_DefaultOverrunErrorHandler             text60       015DE
_EUSART1_ErrorHandler                           nvBANK3      001C0
_EUSART1_FramingErrorHandler                    nvBANK2      0016A
_EUSART1_Initialize                             text33       00A41
_EUSART1_OverrunErrorHandler                    nvBANK3      001C2
_EUSART1_Receive_ISR                            text59       009C4
_EUSART1_RxDataHandler                          text63       01733
_EUSART1_RxDefaultInterruptHandler              nvBANK2      0016C
_EUSART1_SetErrorHandler                        text38       0160C
_EUSART1_SetFramingErrorHandler                 text37       01615
_EUSART1_SetOverrunErrorHandler                 text36       0161E
_EUSART1_SetRxInterruptHandler                  text35       01627
_EUSART1_SetTxInterruptHandler                  text34       01630
_EUSART1_Transmit_ISR                           text58       017DD
_EUSART1_TxDefaultInterruptHandler              nvBANK2      0016E
_EUSART1_Write                                  text14       00926
_I2C2_BusCollisionISR                           text57       015D1
_I2C2_FunctionComplete                          text56       0167F
_I2C2_ISR                                       text54       00231
_I2C2_Initialize                                text32       01769
_I2C2_MasterTRBInsert                           text43       00AE0
_I2C2_MasterWrite                               text41       008F9
_I2C2_MasterWriteTRBBuild                       text42       0085D
_I2C2_Stop                                      text55       01719
_I2C2_WaitForLastPacketToComplete               text44       00856
_INLVLA                                         (abs)        01F3C
_INLVLB                                         (abs)        01F47
_INLVLC                                         (abs)        01F52
_INLVLD                                         (abs)        01F5D
_INLVLE                                         (abs)        01F68
_INLVLF                                         (abs)        01E54
_INTCONbits                                     (abs)        0000B
_INTERRUPT_InterruptManager                     intentry     00004
_LATA                                           (abs)        00018
_LATAbits                                       (abs)        00018
_LATB                                           (abs)        00019
_LATBbits                                       (abs)        00019
_LATC                                           (abs)        0001A
_LATD                                           (abs)        0001B
_LATE                                           (abs)        0001C
_LATF                                           (abs)        0001D
_ODCONA                                         (abs)        01F3A
_ODCONB                                         (abs)        01F45
_ODCONC                                         (abs)        01F50
_ODCOND                                         (abs)        01F5B
_ODCONE                                         (abs)        01F66
_ODCONF                                         (abs)        01E52
_OLED_Clear                                     text13       01670
_OLED_GotoXY                                    text12       008CD
_OLED_Init                                      text45       0098C
_OLED_Putc                                      text10       00517
_OSCCON1                                        (abs)        0088D
_OSCCON3                                        (abs)        0088F
_OSCEN                                          (abs)        00891
_OSCFRQ                                         (abs)        00893
_OSCILLATOR_Initialize                          text31       0164B
_OSCSTAT                                        (abs)        00890
_OSCTUNE                                        (abs)        00892
_PBA_Init                                       text23       016D2
_PIE0bits                                       (abs)        00716
_PIE3bits                                       (abs)        00719
_PIN_MANAGER_Initialize                         text30       00B9B
_PIR0bits                                       (abs)        0070C
_PIR3bits                                       (abs)        0070F
_PIR4bits                                       (abs)        00710
_PMD0                                           (abs)        00796
_PMD1                                           (abs)        00797
_PMD2                                           (abs)        00798
_PMD3                                           (abs)        00799
_PMD4                                           (abs)        0079A
_PMD5                                           (abs)        0079B
_PMD_Initialize                                 text29       015FC
_PORTC                                          (abs)        0000E
_RA6                                            (abs)        00066
_RA7                                            (abs)        00067
_RB0PPS                                         (abs)        01F18
_RB2PPS                                         (abs)        01F1A
_RB3PPS                                         (abs)        01F1B
_RB4PPS                                         (abs)        01F1C
_RC1REG                                         (abs)        00119
_RC1STA                                         (abs)        0011D
_RC1STAbits                                     (abs)        0011D
_RF6PPS                                         (abs)        01E3E
_RTC_Init                                       text40       00880
_RX1DTPPS                                       (abs)        01ECB
_SLRCONA                                        (abs)        01F3B
_SLRCONB                                        (abs)        01F46
_SLRCONC                                        (abs)        01F51
_SLRCOND                                        (abs)        01F5C
_SLRCONE                                        (abs)        01F67
_SLRCONF                                        (abs)        01E53
_SP1BRGH                                        (abs)        0011C
_SP1BRGL                                        (abs)        0011B
_SPI1_Exchange8bit                              text47       01662
_SPI1_Initialize                                text28       01604
_SSP1ADD                                        (abs)        0018D
_SSP1BUF                                        (abs)        0018C
_SSP1CLKPPS                                     (abs)        01EC5
_SSP1CON1                                       (abs)        00190
_SSP1CON1bits                                   (abs)        00190
_SSP1DATPPS                                     (abs)        01EC6
_SSP1STAT                                       (abs)        0018F
_SSP1STATbits                                   (abs)        0018F
_SSP2ADD                                        (abs)        00197
_SSP2BUF                                        (abs)        00196
_SSP2CLKPPS                                     (abs)        01EC8
_SSP2CON1                                       (abs)        0019A
_SSP2CON1bits                                   (abs)        0019A
_SSP2CON2bits                                   (abs)        0019B
_SSP2CON3                                       (abs)        0019C
_SSP2DATPPS                                     (abs)        01EC9
_SSP2STAT                                       (abs)        00199
_SYSTEM_Initialize                              text24       01785
_SYSTICK_Handler                                text51       00C71
_Send                                           text46       017BD
_T0CON0                                         (abs)        0059E
_T0CON0bits                                     (abs)        0059E
_T0CON1                                         (abs)        0059F
_T1CLK                                          (abs)        00211
_T1CON                                          (abs)        0020E
_T1CONbits                                      (abs)        0020E
_T1GATE                                         (abs)        00210
_T1GCON                                         (abs)        0020F
_T1GCONbits                                     (abs)        0020F
_TMR0H                                          (abs)        0059D
_TMR0L                                          (abs)        0059C
_TMR0_CallBack                                  text50       01655
_TMR0_DefaultInterruptHandler                   text52       00003
_TMR0_ISR                                       text49       015E2
_TMR0_Initialize                                text26       016A7
_TMR0_InterruptHandler                          nvBANK1      000ED
_TMR0_SetInterruptHandler                       text27       01639
_TMR1H                                          (abs)        0020D
_TMR1L                                          (abs)        0020C
_TMR1_Initialize                                text25       016BC
_TMR1_StartTimer                                text22       015D4
_TMR1_StopTimer                                 text21       015D7
_TRISA                                          (abs)        00012
_TRISB                                          (abs)        00013
_TRISC                                          (abs)        00014
_TRISD                                          (abs)        00015
_TRISE                                          (abs)        00016
_TRISF                                          (abs)        00017
_TX1REG                                         (abs)        0011A
_TX1STA                                         (abs)        0011E
_TX1STAbits                                     (abs)        0011E
_WPUA                                           (abs)        01F39
_WPUB                                           (abs)        01F44
_WPUC                                           (abs)        01F4F
_WPUD                                           (abs)        01F5A
_WPUE                                           (abs)        01F65
_WPUF                                           (abs)        01E51
__Habs1                                         abs1         00000
__Hbank0                                        bank0        00000
__Hbank1                                        bank1        00000
__Hbank10                                       bank10       00000
__Hbank11                                       bank11       00000
__Hbank12                                       bank12       00000
__Hbank13                                       bank13       00000
__Hbank14                                       bank14       00000
__Hbank15                                       bank15       00000
__Hbank16                                       bank16       00000
__Hbank17                                       bank17       00000
__Hbank18                                       bank18       00000
__Hbank19                                       bank19       00000
__Hbank2                                        bank2        00000
__Hbank20                                       bank20       00000
__Hbank21                                       bank21       00000
__Hbank22                                       bank22       00000
__Hbank23                                       bank23       00000
__Hbank24                                       bank24       00000
__Hbank25                                       bank25       00000
__Hbank26                                       bank26       00000
__Hbank27                                       bank27       00000
__Hbank28                                       bank28       00000
__Hbank29                                       bank29       00000
__Hbank3                                        bank3        00000
__Hbank30                                       bank30       00000
__Hbank31                                       bank31       00000
__Hbank32                                       bank32       00000
__Hbank33                                       bank33       00000
__Hbank34                                       bank34       00000
__Hbank35                                       bank35       00000
__Hbank36                                       bank36       00000
__Hbank37                                       bank37       00000
__Hbank38                                       bank38       00000
__Hbank39                                       bank39       00000
__Hbank4                                        bank4        00000
__Hbank40                                       bank40       00000
__Hbank41                                       bank41       00000
__Hbank42                                       bank42       00000
__Hbank43                                       bank43       00000
__Hbank44                                       bank44       00000
__Hbank45                                       bank45       00000
__Hbank46                                       bank46       00000
__Hbank47                                       bank47       00000
__Hbank48                                       bank48       00000
__Hbank49                                       bank49       00000
__Hbank5                                        bank5        00000
__Hbank50                                       bank50       00000
__Hbank51                                       bank51       00000
__Hbank52                                       bank52       00000
__Hbank53                                       bank53       00000
__Hbank54                                       bank54       00000
__Hbank55                                       bank55       00000
__Hbank56                                       bank56       00000
__Hbank57                                       bank57       00000
__Hbank58                                       bank58       00000
__Hbank59                                       bank59       00000
__Hbank6                                        bank6        00000
__Hbank60                                       bank60       00000
__Hbank61                                       bank61       00000
__Hbank62                                       bank62       00000
__Hbank63                                       bank63       00000
__Hbank7                                        bank7        00000
__Hbank8                                        bank8        00000
__Hbank9                                        bank9        00000
__Hbigram                                       bigram       00000
__HbssBANK1                                     bssBANK1     00000
__HbssBANK2                                     bssBANK2     00000
__HbssBANK3                                     bssBANK3     00000
__HbssCOMMON                                    bssCOMMON    00000
__Hcinit                                        cinit        0007D
__Hclrtext                                      clrtext      00000
__Hcode                                         code         00000
__Hcommon                                       common       00000
__Hconfig                                       config       0800C
__HcstackBANK0                                  cstackBANK0  00000
__HcstackBANK1                                  cstackBANK1  00000
__HcstackCOMMON                                 cstackCOMMON 00000
__HdataBANK1                                    dataBANK1    00000
__Heeprom_data                                  eeprom_data  00000
__Hend_init                                     end_init     00051
__Hfunctab                                      functab      00000
__HidataBANK1                                   idataBANK1   00000
__Hinit                                         init         0004F
__Hinittext                                     inittext     00000
__Hintentry                                     intentry     0004F
__Hmaintext                                     maintext     00000
__HnvBANK1                                      nvBANK1      00000
__HnvBANK2                                      nvBANK2      00000
__HnvBANK3                                      nvBANK3      00000
__Hpowerup                                      powerup      00000
__Hram                                          ram          00000
__Hreset_vec                                    reset_vec    00002
__Hsfr0                                         sfr0         00000
__Hsfr1                                         sfr1         00000
__Hsfr10                                        sfr10        00000
__Hsfr11                                        sfr11        00000
__Hsfr12                                        sfr12        00000
__Hsfr13                                        sfr13        00000
__Hsfr14                                        sfr14        00000
__Hsfr15                                        sfr15        00000
__Hsfr16                                        sfr16        00000
__Hsfr17                                        sfr17        00000
__Hsfr18                                        sfr18        00000
__Hsfr19                                        sfr19        00000
__Hsfr2                                         sfr2         00000
__Hsfr20                                        sfr20        00000
__Hsfr21                                        sfr21        00000
__Hsfr22                                        sfr22        00000
__Hsfr23                                        sfr23        00000
__Hsfr24                                        sfr24        00000
__Hsfr25                                        sfr25        00000
__Hsfr26                                        sfr26        00000
__Hsfr27                                        sfr27        00000
__Hsfr28                                        sfr28        00000
__Hsfr29                                        sfr29        00000
__Hsfr3                                         sfr3         00000
__Hsfr30                                        sfr30        00000
__Hsfr31                                        sfr31        00000
__Hsfr32                                        sfr32        00000
__Hsfr33                                        sfr33        00000
__Hsfr34                                        sfr34        00000
__Hsfr35                                        sfr35        00000
__Hsfr36                                        sfr36        00000
__Hsfr37                                        sfr37        00000
__Hsfr38                                        sfr38        00000
__Hsfr39                                        sfr39        00000
__Hsfr4                                         sfr4         00000
__Hsfr40                                        sfr40        00000
__Hsfr41                                        sfr41        00000
__Hsfr42                                        sfr42        00000
__Hsfr43                                        sfr43        00000
__Hsfr44                                        sfr44        00000
__Hsfr45                                        sfr45        00000
__Hsfr46                                        sfr46        00000
__Hsfr47                                        sfr47        00000
__Hsfr48                                        sfr48        00000
__Hsfr49                                        sfr49        00000
__Hsfr5                                         sfr5         00000
__Hsfr50                                        sfr50        00000
__Hsfr51                                        sfr51        00000
__Hsfr52                                        sfr52        00000
__Hsfr53                                        sfr53        00000
__Hsfr54                                        sfr54        00000
__Hsfr55                                        sfr55        00000
__Hsfr56                                        sfr56        00000
__Hsfr57                                        sfr57        00000
__Hsfr58                                        sfr58        00000
__Hsfr59                                        sfr59        00000
__Hsfr6                                         sfr6         00000
__Hsfr60                                        sfr60        00000
__Hsfr61                                        sfr61        00000
__Hsfr62                                        sfr62        00000
__Hsfr63                                        sfr63        00000
__Hsfr7                                         sfr7         00000
__Hsfr8                                         sfr8         00000
__Hsfr9                                         sfr9         00000
__Hspace_0                                      (abs)        01811
__Hspace_1                                      (abs)        001C4
__Hspace_2                                      (abs)        00000
__Hspace_3                                      (abs)        00000
__Hspace_4                                      (abs)        10013
__Hstack                                        stack        00000
__Hstrings                                      strings      00000
__Hstringtext1                                  stringtext1  00000
__Hstringtext2                                  stringtext2  00000
__Hstringtext3                                  stringtext3  00000
__Hstringtext4                                  stringtext4  00000
__Htext                                         text         00000
__Labs1                                         abs1         00000
__Lbank0                                        bank0        00000
__Lbank1                                        bank1        00000
__Lbank10                                       bank10       00000
__Lbank11                                       bank11       00000
__Lbank12                                       bank12       00000
__Lbank13                                       bank13       00000
__Lbank14                                       bank14       00000
__Lbank15                                       bank15       00000
__Lbank16                                       bank16       00000
__Lbank17                                       bank17       00000
__Lbank18                                       bank18       00000
__Lbank19                                       bank19       00000
__Lbank2                                        bank2        00000
__Lbank20                                       bank20       00000
__Lbank21                                       bank21       00000
__Lbank22                                       bank22       00000
__Lbank23                                       bank23       00000
__Lbank24                                       bank24       00000
__Lbank25                                       bank25       00000
__Lbank26                                       bank26       00000
__Lbank27                                       bank27       00000
__Lbank28                                       bank28       00000
__Lbank29                                       bank29       00000
__Lbank3                                        bank3        00000
__Lbank30                                       bank30       00000
__Lbank31                                       bank31       00000
__Lbank32                                       bank32       00000
__Lbank33                                       bank33       00000
__Lbank34                                       bank34       00000
__Lbank35                                       bank35       00000
__Lbank36                                       bank36       00000
__Lbank37                                       bank37       00000
__Lbank38                                       bank38       00000
__Lbank39                                       bank39       00000
__Lbank4                                        bank4        00000
__Lbank40                                       bank40       00000
__Lbank41                                       bank41       00000
__Lbank42                                       bank42       00000
__Lbank43                                       bank43       00000
__Lbank44                                       bank44       00000
__Lbank45                                       bank45       00000
__Lbank46                                       bank46       00000
__Lbank47                                       bank47       00000
__Lbank48                                       bank48       00000
__Lbank49                                       bank49       00000
__Lbank5                                        bank5        00000
__Lbank50                                       bank50       00000
__Lbank51                                       bank51       00000
__Lbank52                                       bank52       00000
__Lbank53                                       bank53       00000
__Lbank54                                       bank54       00000
__Lbank55                                       bank55       00000
__Lbank56                                       bank56       00000
__Lbank57                                       bank57       00000
__Lbank58                                       bank58       00000
__Lbank59                                       bank59       00000
__Lbank6                                        bank6        00000
__Lbank60                                       bank60       00000
__Lbank61                                       bank61       00000
__Lbank62                                       bank62       00000
__Lbank63                                       bank63       00000
__Lbank7                                        bank7        00000
__Lbank8                                        bank8        00000
__Lbank9                                        bank9        00000
__Lbigram                                       bigram       00000
__LbssBANK1                                     bssBANK1     00000
__LbssBANK2                                     bssBANK2     00000
__LbssBANK3                                     bssBANK3     00000
__LbssCOMMON                                    bssCOMMON    00000
__Lcinit                                        cinit        00051
__Lclrtext                                      clrtext      00000
__Lcode                                         code         00000
__Lcommon                                       common       00000
__Lconfig                                       config       00000
__LcstackBANK0                                  cstackBANK0  00000
__LcstackBANK1                                  cstackBANK1  00000
__LcstackCOMMON                                 cstackCOMMON 00000
__LdataBANK1                                    dataBANK1    00000
__Leeprom_data                                  eeprom_data  00000
__Lend_init                                     end_init     0004F
__Lfunctab                                      functab      00000
__LidataBANK1                                   idataBANK1   00000
__Linit                                         init         0004F
__Linittext                                     inittext     00000
__Lintentry                                     intentry     00004
__Lmaintext                                     maintext     00000
__LnvBANK1                                      nvBANK1      00000
__LnvBANK2                                      nvBANK2      00000
__LnvBANK3                                      nvBANK3      00000
__Lpowerup                                      powerup      00000
__Lram                                          ram          00000
__Lreset_vec                                    reset_vec    00000
__Lsfr0                                         sfr0         00000
__Lsfr1                                         sfr1         00000
__Lsfr10                                        sfr10        00000
__Lsfr11                                        sfr11        00000
__Lsfr12                                        sfr12        00000
__Lsfr13                                        sfr13        00000
__Lsfr14                                        sfr14        00000
__Lsfr15                                        sfr15        00000
__Lsfr16                                        sfr16        00000
__Lsfr17                                        sfr17        00000
__Lsfr18                                        sfr18        00000
__Lsfr19                                        sfr19        00000
__Lsfr2                                         sfr2         00000
__Lsfr20                                        sfr20        00000
__Lsfr21                                        sfr21        00000
__Lsfr22                                        sfr22        00000
__Lsfr23                                        sfr23        00000
__Lsfr24                                        sfr24        00000
__Lsfr25                                        sfr25        00000
__Lsfr26                                        sfr26        00000
__Lsfr27                                        sfr27        00000
__Lsfr28                                        sfr28        00000
__Lsfr29                                        sfr29        00000
__Lsfr3                                         sfr3         00000
__Lsfr30                                        sfr30        00000
__Lsfr31                                        sfr31        00000
__Lsfr32                                        sfr32        00000
__Lsfr33                                        sfr33        00000
__Lsfr34                                        sfr34        00000
__Lsfr35                                        sfr35        00000
__Lsfr36                                        sfr36        00000
__Lsfr37                                        sfr37        00000
__Lsfr38                                        sfr38        00000
__Lsfr39                                        sfr39        00000
__Lsfr4                                         sfr4         00000
__Lsfr40                                        sfr40        00000
__Lsfr41                                        sfr41        00000
__Lsfr42                                        sfr42        00000
__Lsfr43                                        sfr43        00000
__Lsfr44                                        sfr44        00000
__Lsfr45                                        sfr45        00000
__Lsfr46                                        sfr46        00000
__Lsfr47                                        sfr47        00000
__Lsfr48                                        sfr48        00000
__Lsfr49                                        sfr49        00000
__Lsfr5                                         sfr5         00000
__Lsfr50                                        sfr50        00000
__Lsfr51                                        sfr51        00000
__Lsfr52                                        sfr52        00000
__Lsfr53                                        sfr53        00000
__Lsfr54                                        sfr54        00000
__Lsfr55                                        sfr55        00000
__Lsfr56                                        sfr56        00000
__Lsfr57                                        sfr57        00000
__Lsfr58                                        sfr58        00000
__Lsfr59                                        sfr59        00000
__Lsfr6                                         sfr6         00000
__Lsfr60                                        sfr60        00000
__Lsfr61                                        sfr61        00000
__Lsfr62                                        sfr62        00000
__Lsfr63                                        sfr63        00000
__Lsfr7                                         sfr7         00000
__Lsfr8                                         sfr8         00000
__Lsfr9                                         sfr9         00000
__Lspace_0                                      (abs)        00000
__Lspace_1                                      (abs)        00000
__Lspace_2                                      (abs)        00000
__Lspace_3                                      (abs)        00000
__Lspace_4                                      (abs)        00000
__Lstack                                        stack        00000
__Lstrings                                      strings      00000
__Lstringtext1                                  stringtext1  00000
__Lstringtext2                                  stringtext2  00000
__Lstringtext3                                  stringtext3  00000
__Lstringtext4                                  stringtext4  00000
__Ltext                                         text         00000
__S0                                            (abs)        01811
__S1                                            (abs)        001C4
__S2                                            (abs)        00000
___aodiv                                        text17       00651
___aodiv@counter                                cstackBANK0  00031
___aodiv@dividend                               cstackBANK0  00028
___aodiv@divisor                                cstackBANK0  00020
___aodiv@quotient                               cstackBANK0  00033
___aodiv@sign                                   cstackBANK0  00032
___aomod                                        text16       00E20
___aomod@counter                                cstackBANK0  00031
___aomod@dividend                               cstackBANK0  00028
___aomod@divisor                                cstackBANK0  00020
___aomod@sign                                   cstackBANK0  00032
___awdiv                                        text11       00B3B
___awdiv@counter                                cstackBANK0  00025
___awdiv@dividend                               cstackBANK0  00022
___awdiv@divisor                                cstackBANK0  00020
___awdiv@quotient                               cstackBANK0  00027
___awdiv@sign                                   cstackBANK0  00026
___bmul                                         text53       01692
___bmul@multiplicand                            cstackCOMMON 00070
___bmul@multiplier                              cstackCOMMON 00073
___bmul@product                                 cstackCOMMON 00072
___fldiv                                        text20       0007D
___fldiv@a                                      cstackBANK0  0002E
___fldiv@aexp                                   cstackBANK0  00047
___fldiv@b                                      cstackBANK0  00032
___fldiv@bexp                                   cstackBANK0  00046
___fldiv@grs                                    cstackBANK0  00042
___fldiv@new_exp                                cstackBANK0  00040
___fldiv@rem                                    cstackBANK0  0003B
___fldiv@sign                                   cstackBANK0  0003F
___fltol                                        text19       00BFC
___fltol@exp1                                   cstackBANK0  00052
___fltol@f1                                     cstackBANK0  00048
___fltol@sign1                                  cstackBANK0  00051
___int_sp                                       stack        00000
___latbits                                      (abs)        00002
___sp                                           stack        00000
___stackhi                                      (abs)        023EF
___stacklo                                      (abs)        02114
___xxtofl                                       text18       00D73
___xxtofl@arg                                   cstackBANK0  0002A
___xxtofl@exp                                   cstackBANK0  00029
___xxtofl@sign                                  cstackBANK0  00028
___xxtofl@val                                   cstackBANK0  00020
__end_of_ADC_Initialize                         text39       015FC
__end_of_BitReverseTable256                     stringtext1  00856
__end_of_EUSART1_DefaultErrorHandler            text62       015DE
__end_of_EUSART1_DefaultFramingErrorHandler     text61       00003
__end_of_EUSART1_DefaultOverrunErrorHandler     text60       015E2
__end_of_EUSART1_Initialize                     text33       00A87
__end_of_EUSART1_Receive_ISR                    text59       00A00
__end_of_EUSART1_RxDataHandler                  text63       0174E
__end_of_EUSART1_SetErrorHandler                text38       01615
__end_of_EUSART1_SetFramingErrorHandler         text37       0161E
__end_of_EUSART1_SetOverrunErrorHandler         text36       01627
__end_of_EUSART1_SetRxInterruptHandler          text35       01630
__end_of_EUSART1_SetTxInterruptHandler          text34       01639
__end_of_EUSART1_Transmit_ISR                   text58       01800
__end_of_EUSART1_Write                          text14       00956
__end_of_I2C2_BusCollisionISR                   text57       015D4
__end_of_I2C2_FunctionComplete                  text56       01692
__end_of_I2C2_ISR                               text54       003A7
__end_of_I2C2_Initialize                        text32       01785
__end_of_I2C2_MasterTRBInsert                   text43       00B3B
__end_of_I2C2_MasterWrite                       text41       00926
__end_of_I2C2_MasterWriteTRBBuild               text42       00880
__end_of_I2C2_Stop                              text55       01733
__end_of_I2C2_WaitForLastPacketToComplete       text44       0085D
__end_of_INTERRUPT_InterruptManager             intentry     0004F
__end_of_OLED_Clear                             text13       0167F
__end_of_OLED_GotoXY                            text12       008F9
__end_of_OLED_Init                              text45       009C4
__end_of_OLED_Putc                              text10       00651
__end_of_OSCILLATOR_Initialize                  text31       01655
__end_of_PBA_Init                               text23       016E9
__end_of_PIN_MANAGER_Initialize                 text30       00BFC
__end_of_PMD_Initialize                         text29       01604
__end_of_RTC_Init                               text40       008A4
__end_of_SPI1_Exchange8bit                      text47       01670
__end_of_SPI1_Initialize                        text28       0160C
__end_of_SYSTEM_Initialize                      text24       017A1
__end_of_SYSTICK_Handler                        text51       00CEA
__end_of_Send                                   text46       017DD
__end_of_TMR0_CallBack                          text50       01662
__end_of_TMR0_DefaultInterruptHandler           text52       00004
__end_of_TMR0_ISR                               text49       015E8
__end_of_TMR0_Initialize                        text26       016BC
__end_of_TMR0_SetInterruptHandler               text27       01642
__end_of_TMR1_Initialize                        text25       016D2
[...]
Total ram usage:        4 bytes
 Hardware stack levels used:    1
 This function calls:
		Nothing
 This function is called by:
		_SYSTICK_Handler
		_BcdToBinary
		_SYSTICK_TimerRun
		_SYSTICK_TimerLoad
		_SYSTICK_TimerStop
		_SYSTICK_Timeout
		_SYSTICK_AddTimeoutHandler
 This function uses a non-reentrant model


 *************** function _I2C2_ISR *****************
 Defined at:
		line 235 in file "mcc_generated_files/i2c2.c"
 Parameters:    Size  Location     Type
		None
 Auto vars:     Size  Location     Type
		None
 Return value:  Size  Location     Type
                  1    wreg      void 
 Registers used:
		wreg, fsr0l, fsr0h, fsr1l, fsr1h, status,2, status,0, pclath, cstack
 Tracked objects:
		On entry : 
		On exit  : 
		Unchanged: 
 Data sizes:     COMMON   BANK0   BANK1   BANK2   BANK3   BANK4   BANK5   BANK6   BANK7   BANK8   BANK9  BANK10  BANK11  BANK12
      Params:         0       0       0       0       0       0       0       0       0       0       0       0       0       0
      Locals:         0       0       0       0       0       0       0       0       0       0       0       0       0       0
      Temps:          4       0       0       0       0       0       0       0       0       0       0       0       0       0
      Totals:         4       0       0       0       0       0       0       0       0       0       0       0       0       0
Total ram usage:        4 bytes
 Hardware stack levels used:    1
 Hardware stack levels required when called:    1
 This function calls:
		_I2C2_FunctionComplete
		_I2C2_Stop
 This function is called by:
		_INTERRUPT_InterruptManager
 This function uses a non-reentrant model


 *************** function _I2C2_Stop *****************
 Defined at:
		line 583 in file "mcc_generated_files/i2c2.c"
 Parameters:    Size  Location     Type
  completion_c    1    wreg     enum E8045
 Auto vars:     Size  Location     Type
  completion_c    1    1[COMMON] enum E8045
 Return value:  Size  Location     Type
                  1    wreg      void 
 Registers used:
		wreg, fsr1l, fsr1h, status,2, status,0
 Tracked objects:
		On entry : 
		On exit  : 
		Unchanged: 
 Data sizes:     COMMON   BANK0   BANK1   BANK2   BANK3   BANK4   BANK5   BANK6   BANK7   BANK8   BANK9  BANK10  BANK11  BANK12
      Params:         0       0       0       0       0       0       0       0       0       0       0       0       0       0
      Locals:         1       0       0       0       0       0       0       0       0       0       0       0       0       0
      Temps:          1       0       0       0       0       0       0       0       0       0       0       0       0       0
      Totals:         2       0       0       0       0       0       0       0       0       0       0       0       0       0
Total ram usage:        2 bytes
 Hardware stack levels used:    1
 This function calls:
		Nothing
 This function is called by:
		_I2C2_ISR
 This function uses a non-reentrant model


 *************** function _I2C2_FunctionComplete *****************
 Defined at:
		line 565 in file "mcc_generated_files/i2c2.c"
 Parameters:    Size  Location     Type
		None
 Auto vars:     Size  Location     Type
		None
 Return value:  Size  Location     Type
                  1    wreg      void 
 Registers used:
		wreg, status,2, status,0
 Tracked objects:
		On entry : 
		On exit  : 
		Unchanged: 
 Data sizes:     COMMON   BANK0   BANK1   BANK2   BANK3   BANK4   BANK5   BANK6   BANK7   BANK8   BANK9  BANK10  BANK11  BANK12
      Params:         0       0       0       0       0       0       0       0       0       0       0       0       0       0
      Locals:         0       0       0       0       0       0       0       0       0       0       0       0       0       0
      Temps:          1       0       0       0       0       0       0       0       0       0       0       0       0       0
      Totals:         1       0       0       0       0       0       0       0       0       0       0       0       0       0
Total ram usage:        1 bytes
 Hardware stack levels used:    1
 This function calls:
		Nothing
 This function is called by:
		_I2C2_ISR
 This function uses a non-reentrant model


 *************** function _I2C2_BusCollisionISR *****************
 Defined at:
		line 742 in file "mcc_generated_files/i2c2.c"
 Parameters:    Size  Location     Type
		None
 Auto vars:     Size  Location     Type
		None
 Return value:  Size  Location     Type
                  1    wreg      void 
 Registers used:
		None
 Tracked objects:
		On entry : 
		On exit  : 
		Unchanged: 
 Data sizes:     COMMON   BANK0   BANK1   BANK2   BANK3   BANK4   BANK5   BANK6   BANK7   BANK8   BANK9  BANK10  BANK11  BANK12
      Params:         0       0       0       0       0       0       0       0       0       0       0       0       0       0
      Locals:         0       0       0       0       0       0       0       0       0       0       0       0       0       0
      Temps:          0       0       0       0       0       0       0       0       0       0       0       0       0       0
      Totals:         0       0       0       0       0       0       0       0       0       0       0       0       0       0
Total ram usage:        0 bytes
 Hardware stack levels used:    1
 This function calls:
		Nothing
 This function is called by:
		_INTERRUPT_InterruptManager
 This function uses a non-reentrant model


 *************** function _EUSART1_Transmit_ISR *****************
 Defined at:
		line 197 in file "mcc_generated_files/eusart1.c"
 Parameters:    Size  Location     Type
		None
 Auto vars:     Size  Location     Type
		None
 Return value:  Size  Location     Type
                  1    wreg      void 
 Registers used:
		wreg, fsr1l, fsr1h, status,2, status,0
 Tracked objects:
		On entry : 
		On exit  : 
		Unchanged: 
 Data sizes:     COMMON   BANK0   BANK1   BANK2   BANK3   BANK4   BANK5   BANK6   BANK7   BANK8   BANK9  BANK10  BANK11  BANK12
      Params:         0       0       0       0       0       0       0       0       0       0       0       0       0       0
      Locals:         0       0       0       0       0       0       0       0       0       0       0       0       0       0
      Temps:          1       0       0       0       0       0       0       0       0       0       0       0       0       0
      Totals:         1       0       0       0       0       0       0       0       0       0       0       0       0       0
Total ram usage:        1 bytes
 Hardware stack levels used:    1
 This function calls:
		Nothing
 This function is called by:
		_EUSART1_Initialize
		_INTERRUPT_InterruptManager
 This function uses a non-reentrant model


 *************** function _EUSART1_Receive_ISR *****************
 Defined at:
		line 216 in file "mcc_generated_files/eusart1.c"
 Parameters:    Size  Location     Type
		None
 Auto vars:     Size  Location     Type
		None
 Return value:  Size  Location     Type
                  1    wreg      void 
 Registers used:
		wreg, fsr1l, fsr1h, status,2, status,0, pclath, cstack
 Tracked objects:
		On entry : 
		On exit  : 
		Unchanged: 
 Data sizes:     COMMON   BANK0   BANK1   BANK2   BANK3   BANK4   BANK5   BANK6   BANK7   BANK8   BANK9  BANK10  BANK11  BANK12
      Params:         0       0       0       0       0       0       0       0       0       0       0       0       0       0
      Locals:         0       0       0       0       0       0       0       0       0       0       0       0       0       0
      Temps:          0       0       0       0       0       0       0       0       0       0       0       0       0       0
      Totals:         0       0       0       0       0       0       0       0       0       0       0       0       0       0
Total ram usage:        0 bytes
 Hardware stack levels used:    1
 Hardware stack levels required when called:    2
 This function calls:
		Absolute function
		_EUSART1_DefaultErrorHandler
		_EUSART1_DefaultFramingErrorHandler
		_EUSART1_DefaultOverrunErrorHandler
		_EUSART1_RxDataHandler
 This function is called by:
		_EUSART1_Initialize
		_INTERRUPT_InterruptManager
 This function uses a non-reentrant model


 *************** function _EUSART1_DefaultOverrunErrorHandler *****************
 Defined at:
		line 252 in file "mcc_generated_files/eusart1.c"
 Parameters:    Size  Location     Type
		None
 Auto vars:     Size  Location     Type
		None
 Return value:  Size  Location     Type
                  1    wreg      void 
 Registers used:
		None
 Tracked objects:
		On entry : 
		On exit  : 
		Unchanged: 
 Data sizes:     COMMON   BANK0   BANK1   BANK2   BANK3   BANK4   BANK5   BANK6   BANK7   BANK8   BANK9  BANK10  BANK11  BANK12
      Params:         0       0       0       0       0       0       0       0       0       0       0       0       0       0
      Locals:         0       0       0       0       0       0       0       0       0       0       0       0       0       0
      Temps:          0       0       0       0       0       0       0       0       0       0       0       0       0       0
      Totals:         0       0       0       0       0       0       0       0       0       0       0       0       0       0
Total ram usage:        0 bytes
 Hardware stack levels used:    1
 This function calls:
		Nothing
 This function is called by:
		_EUSART1_Initialize
		_EUSART1_Receive_ISR
 This function uses a non-reentrant model


 *************** function _EUSART1_DefaultFramingErrorHandler *****************
 Defined at:
		line 250 in file "mcc_generated_files/eusart1.c"
 Parameters:    Size  Location     Type
		None
 Auto vars:     Size  Location     Type
		None
 Return value:  Size  Location     Type
                  1    wreg      void 
 Registers used:
		None
 Tracked objects:
		On entry : 
		On exit  : 
		Unchanged: 
 Data sizes:     COMMON   BANK0   BANK1   BANK2   BANK3   BANK4   BANK5   BANK6   BANK7   BANK8   BANK9  BANK10  BANK11  BANK12
      Params:         0       0       0       0       0       0       0       0       0       0       0       0       0       0
      Locals:         0       0       0       0       0       0       0       0       0       0       0       0       0       0
      Temps:          0       0       0       0       0       0       0       0       0       0       0       0       0       0
      Totals:         0       0       0       0       0       0       0       0       0       0       0       0       0       0
Total ram usage:        0 bytes
 Hardware stack levels used:    1
 This function calls:
		Nothing
 This function is called by:
		_EUSART1_Initialize
		_EUSART1_Receive_ISR
 This function uses a non-reentrant model


 *************** function _EUSART1_DefaultErrorHandler *****************
 Defined at:
		line 260 in file "mcc_generated_files/eusart1.c"
 Parameters:    Size  Location     Type
		None
 Auto vars:     Size  Location     Type
		None
 Return value:  Size  Location     Type
                  1    wreg      void 
 Registers used:
		wreg, fsr1l, fsr1h, status,2, status,0, pclath, cstack
 Tracked objects:
		On entry : 
		On exit  : 
		Unchanged: 
 Data sizes:     COMMON   BANK0   BANK1   BANK2   BANK3   BANK4   BANK5   BANK6   BANK7   BANK8   BANK9  BANK10  BANK11  BANK12
      Params:         0       0       0       0       0       0       0       0       0       0       0       0       0       0
      Locals:         0       0       0       0       0       0       0       0       0       0       0       0       0       0
      Temps:          0       0       0       0       0       0       0       0       0       0       0       0       0       0
      Totals:         0       0       0       0       0       0       0       0       0       0       0       0       0       0
Total ram usage:        0 bytes
 Hardware stack levels used:    1
 Hardware stack levels required when called:    1
 This function calls:
		_EUSART1_RxDataHandler
 This function is called by:
		_EUSART1_Initialize
		_EUSART1_Receive_ISR
 This function uses a non-reentrant model


 *************** function _EUSART1_RxDataHandler *****************
 Defined at:
		line 240 in file "mcc_generated_files/eusart1.c"
 Parameters:    Size  Location     Type
		None
 Auto vars:     Size  Location     Type
		None
 Return value:  Size  Location     Type
                  1    wreg      void 
 Registers used:
		wreg, fsr1l, fsr1h, status,2, status,0
 Tracked objects:
		On entry : 
		On exit  : 
		Unchanged: 
 Data sizes:     COMMON   BANK0   BANK1   BANK2   BANK3   BANK4   BANK5   BANK6   BANK7   BANK8   BANK9  BANK10  BANK11  BANK12
      Params:         0       0       0       0       0       0       0       0       0       0       0       0       0       0
      Locals:         0       0       0       0       0       0       0       0       0       0       0       0       0       0
      Temps:          1       0       0       0       0       0       0       0       0       0       0       0       0       0
      Totals:         1       0       0       0       0       0       0       0       0       0       0       0       0       0
Total ram usage:        1 bytes
 Hardware stack levels used:    1
 This function calls:
		Nothing
 This function is called by:
		_EUSART1_Receive_ISR
		_EUSART1_DefaultErrorHandler
 This function uses a non-reentrant model



MODULE INFORMATION

Module		Function		Class		Link	Load	Size
C:\Program Files\Microchip\xc8\v2.30\pic\sources\c99\common\aomod.c
		___aomod       		CODE           	0E20	0000	237

C:\Program Files\Microchip\xc8\v2.30\pic\sources\c99\common\aomod.c estimated size: 237

C:\Program Files\Microchip\xc8\v2.30\pic\sources\c99\common\sprcdiv.c
		___fldiv       		CODE           	007D	0000	436

C:\Program Files\Microchip\xc8\v2.30\pic\sources\c99\common\sprcdiv.c estimated size: 436

C:\Program Files\Microchip\xc8\v2.30\pic\sources\c99\common\abs.c
		_abs           		CODE           	17A1	0000	28

C:\Program Files\Microchip\xc8\v2.30\pic\sources\c99\common\abs.c estimated size: 28

C:\Program Files\Microchip\xc8\v2.30\pic\sources\c99\common\doprnt.c
		_vfpfcnvrt     		CODE           	0F0D	0000	243
		_pad           		CODE           	0A87	0000	89
		_dtoa          		CODE           	03A7	0000	368
		_vfprintf      		CODE           	0956	0000	54

C:\Program Files\Microchip\xc8\v2.30\pic\sources\c99\common\doprnt.c estimated size: 754

C:\Program Files\Microchip\xc8\v2.30\pic\sources\c99\common\nf_fputs.c
		_fputs         		CODE           	08A4	0000	41

C:\Program Files\Microchip\xc8\v2.30\pic\sources\c99\common\nf_fputs.c estimated size: 41

mcc_generated_files/interrupt_manager.c
		_INTERRUPT_InterruptManager		CODE           	0004	0000	75

mcc_generated_files/interrupt_manager.c estimated size: 75

src/pba_systick.c
		_SYSTICK_Handler		CODE           	0C71	0000	121

src/pba_systick.c estimated size: 121

mcc_generated_files/tmr0.c
		_TMR0_SetInterruptHandler		CODE           	1639	0000	9
		_TMR0_DefaultInterruptHandler		CODE           	0003	0000	1
		_TMR0_CallBack 		CODE           	1655	0000	13
		_TMR0_ISR      		CODE           	15E2	0000	6
		_TMR0_Initialize		CODE           	16A7	0000	21

mcc_generated_files/tmr0.c estimated size: 50

src/pba_oled.c
		_OLED_Clear    		CODE           	1670	0000	15
		_Send          		CODE           	17BD	0000	32
		_OLED_Init     		CODE           	098C	0000	56
		_OLED_GotoXY   		CODE           	08CD	0000	44
		_OLED_Putc     		CODE           	0517	0000	314

src/pba_oled.c estimated size: 461

mcc_generated_files/pin_manager.c
		_PIN_MANAGER_Initialize		CODE           	0B9B	0000	97

mcc_generated_files/pin_manager.c estimated size: 97

C:\Program Files\Microchip\xc8\v2.30\pic\sources\c99\common\aodiv.c
		___aodiv       		CODE           	0651	0000	261

C:\Program Files\Microchip\xc8\v2.30\pic\sources\c99\common\aodiv.c estimated size: 261

src/pba_rtc.c
		_RTC_Init      		CODE           	0880	0000	36

src/pba_rtc.c estimated size: 36

mcc_generated_files/spi1.c
		_SPI1_Initialize		CODE           	1604	0000	8
		_SPI1_Exchange8bit		CODE           	1662	0000	14

mcc_generated_files/spi1.c estimated size: 22

mcc_generated_files/adc.c
		_ADC_Initialize		CODE           	15F4	0000	8

mcc_generated_files/adc.c estimated size: 8

src/pba_config.c
		_putch         		CODE           	1700	0000	25
		_PBA_Init      		CODE           	16D2	0000	23

src/pba_config.c estimated size: 48

C:\Program Files\Microchip\xc8\v2.30\pic\sources\c99\common\awdiv.c
		___awdiv       		CODE           	0B3B	0000	96

C:\Program Files\Microchip\xc8\v2.30\pic\sources\c99\common\awdiv.c estimated size: 96

C:\Program Files\Microchip\xc8\v2.30\pic\sources\c99\common\fltol.c
		___fltol       		CODE           	0BFC	0000	117

C:\Program Files\Microchip\xc8\v2.30\pic\sources\c99\common\fltol.c estimated size: 117

C:\Program Files\Microchip\xc8\v2.30\pic\sources\c99\common\Umul8.c
		___bmul        		CODE           	1692	0000	21

C:\Program Files\Microchip\xc8\v2.30\pic\sources\c99\common\Umul8.c estimated size: 21

C:\Program Files\Microchip\xc8\v2.30\pic\sources\c99\common\xxtofl.c
		___xxtofl      		CODE           	0D73	0000	173

C:\Program Files\Microchip\xc8\v2.30\pic\sources\c99\common\xxtofl.c estimated size: 173

C:\Program Files\Microchip\xc8\v2.30\pic\sources\c99\common\printf.c
		_printf        		CODE           	16E9	0000	23

C:\Program Files\Microchip\xc8\v2.30\pic\sources\c99\common\printf.c estimated size: 23

shared
		_BitReverseTable256		STRCODE        	0756	0000	256
		__initialization		CODE           	0051	0000	40

shared estimated size: 296

C:\Program Files\Microchip\xc8\v2.30\pic\sources\c99\common\nf_fputc.c
		_fputc         		CODE           	0A00	0000	65

C:\Program Files\Microchip\xc8\v2.30\pic\sources\c99\common\nf_fputc.c estimated size: 65

mcc_generated_files/eusart1.c
		_EUSART1_SetRxInterruptHandler		CODE           	1627	0000	9
		_EUSART1_SetTxInterruptHandler		CODE           	1630	0000	9
		_EUSART1_Initialize		CODE           	0A41	0000	70
		_EUSART1_DefaultErrorHandler		CODE           	15DA	0000	4
		_EUSART1_SetFramingErrorHandler		CODE           	1615	0000	9
		_EUSART1_SetOverrunErrorHandler		CODE           	161E	0000	9
		_EUSART1_SetErrorHandler		CODE           	160C	0000	9
		_EUSART1_Write 		CODE           	0926	0000	48
		_EUSART1_Receive_ISR		CODE           	09C4	0000	60
		_EUSART1_RxDataHandler		CODE           	1733	0000	27
		_EUSART1_DefaultOverrunErrorHandler		CODE           	15DE	0000	4
		_EUSART1_Transmit_ISR		CODE           	17DD	0000	35
		_EUSART1_DefaultFramingErrorHandler		CODE           	0002	0000	1

mcc_generated_files/eusart1.c estimated size: 294

mcc_generated_files/mcc.c
		_PMD_Initialize		CODE           	15FC	0000	8
		_OSCILLATOR_Initialize		CODE           	164B	0000	10
		_SYSTEM_Initialize		CODE           	1785	0000	28

mcc_generated_files/mcc.c estimated size: 46

C:\Program Files\Microchip\xc8\v2.30\pic\sources\c99\common\strlen.c
		_strlen        		CODE           	174E	0000	27

C:\Program Files\Microchip\xc8\v2.30\pic\sources\c99\common\strlen.c estimated size: 27

mcc_generated_files/tmr1.c
		_TMR1_Initialize		CODE           	16BC	0000	22
		_TMR1_StopTimer		CODE           	15D7	0000	3
		_TMR1_StartTimer		CODE           	15D4	0000	3

mcc_generated_files/tmr1.c estimated size: 28

mcc_generated_files/i2c2.c
		_I2C2_BusCollisionISR		CODE           	15D1	0000	3
		_I2C2_FunctionComplete		CODE           	167F	0000	19
		_I2C2_MasterWriteTRBBuild		CODE           	085D	0000	35
		_I2C2_ISR      		CODE           	0231	0000	374
		_I2C2_MasterWrite		CODE           	08F9	0000	45
		_I2C2_Initialize		CODE           	1769	0000	28
		_I2C2_Stop     		CODE           	1719	0000	26
		_I2C2_WaitForLastPacketToComplete		CODE           	0856	0000	7
		_I2C2_MasterTRBInsert		CODE           	0AE0	0000	91

mcc_generated_files/i2c2.c estimated size: 628

main.c
		_main          		CODE           	0CEA	0000	137

main.c estimated size: 137

