Microchip MPLAB XC8 Compiler V2.30

Linker command line:

-W-3 --edf=C:\Program Files\Microchip\xc8\v2.30\pic\dat\en_msgs.txt -cn \
  -h+dist/default/production\PBA7_firmware.production.sym \
  --cmf=dist/default/production\PBA7_firmware.production.cmf -z -Q16F15385 \
  -oC:\Users\bweina\AppData\Local\Temp\s96sx2 --defsym=__MPLAB_BUILD=1 \
  -Mdist/default/production/PBA7_firmware.production.map -E1 \
  -ver=XC8 Compiler --acfsm=1493 -ASTACK=020C0h-023EFh -pstack=STACK \
  -ACODE=00h-07FFhx4 -ASTRCODE=00h-01FFFh -ASTRING=00h-0FFhx32 \
  -ACONST=00h-0FFhx32 -AENTRY=00h-0FFhx32 -ACOMMON=070h-07Fh \
  -ABANK0=020h-06Fh -ABANK1=0A0h-0EFh -ABANK2=0120h-016Fh \
  -ABANK3=01A0h-01EFh -ABANK4=0220h-026Fh -ABANK5=02A0h-02EFh \
  -ABANK6=0320h-036Fh -ABANK7=03A0h-03EFh -ABANK8=0420h-046Fh \
  -ABANK9=04A0h-04EFh -ABANK10=0520h-056Fh -ABANK11=05A0h-05EFh \
  -ABANK12=0620h-064Fh -ABIGRAM=02000h-023EFh \
  -ARAM=020h-06Fh,0A0h-0EFh,0120h-016Fh,01A0h-01EFh,0220h-026Fh,02A0h-02EFh,0320h-036Fh,03A0h-03EFh,0420h-046Fh,04A0h-04EFh,0520h-056Fh,05A0h-05EFh,0620h-064Fh \
  -AABS1=020h-07Fh,0A0h-0EFh,0120h-016Fh,01A0h-01EFh,0220h-026Fh,02A0h-02EFh,0320h-036Fh,03A0h-03EFh,0420h-046Fh,04A0h-04EFh,0520h-056Fh,05A0h-05EFh,0620h-064Fh \
  -ASFR0=00h-01Fh -ASFR1=080h-09Fh -ASFR2=0100h-011Fh -ASFR3=0180h-019Fh \
  -ASFR4=0200h-021Fh -ASFR5=0280h-029Fh -ASFR6=0300h-031Fh \
  -ASFR7=0380h-039Fh -ASFR8=0400h-041Fh -ASFR9=0480h-049Fh \
  -ASFR10=0500h-051Fh -ASFR11=0580h-059Fh -ASFR12=0600h-061Fh \
  -ASFR13=0680h-06EFh -ASFR14=0700h-076Fh -ASFR15=0780h-07EFh \
  -ASFR16=0800h-086Fh -ASFR17=0880h-08EFh -ASFR18=0900h-096Fh \
  -ASFR19=0980h-09EFh -ASFR20=0A00h-0A6Fh -ASFR21=0A80h-0AEFh \
  -ASFR22=0B00h-0B6Fh -ASFR23=0B80h-0BEFh -ASFR24=0C00h-0C6Fh \
  -ASFR25=0C80h-0CEFh -ASFR26=0D00h-0D6Fh -ASFR27=0D80h-0DEFh \
  -ASFR28=0E00h-0E6Fh -ASFR29=0E80h-0EEFh -ASFR30=0F00h-0F6Fh \
  -ASFR31=0F80h-0FEFh -ASFR32=01000h-0106Fh -ASFR33=01080h-010EFh \
  -ASFR34=01100h-0116Fh -ASFR35=01180h-011EFh -ASFR36=01200h-0126Fh \
  -ASFR37=01280h-012EFh -ASFR38=01300h-0136Fh -ASFR39=01380h-013EFh \
  -ASFR40=01400h-0146Fh -ASFR41=01480h-014EFh -ASFR42=01500h-0156Fh \
  -ASFR43=01580h-015EFh -ASFR44=01600h-0166Fh -ASFR45=01680h-016EFh \
  -ASFR46=01700h-0176Fh -ASFR47=01780h-017EFh -ASFR48=01800h-0186Fh \
  -ASFR49=01880h-018EFh -ASFR50=01900h-0196Fh -ASFR51=01980h-019EFh \
  -ASFR52=01A00h-01A6Fh -ASFR53=01A80h-01AEFh -ASFR54=01B00h-01B6Fh \
  -ASFR55=01B80h-01BEFh -ASFR56=01C00h-01C6Fh -ASFR57=01C80h-01CEFh \
  -ASFR58=01D00h-01D6Fh -ASFR59=01D80h-01DEFh -ASFR60=01E00h-01E6Fh \
  -ASFR61=01E80h-01EEFh -ASFR62=01F00h-01F6Fh -ASFR63=01F80h-01FEFh \
  -ACONFIG=08007h-0800Bh -DCONFIG=2 -AIDLOC=08000h-08003h -DIDLOC=2 \
  -DCODE=2 -DSTRCODE=2 -DSTRING=2 -DCONST=2 -DENTRY=2 \
  -preset_vec=00h,intentry=04h,init,end_init -ppowerup=CODE -pcinit=CODE \
  -pfunctab=ENTRY -k C:\Users\bweina\AppData\Local\Temp\s96sxg.o \
  dist/default/production\PBA7_firmware.production.o 

Object code version is 3.11

Machine type is 16F15385



                Name                               Link     Load   Length Selector   Space Scale
C:\Users\bweina\AppData\Local\Temp\s96sxg.o
                stack                              20C0     20C0      330     20C0       2
                end_init                             6F       6F        2        8       0
                reset_vec                             0        0        2        0       0
                config                             8007     8007        5        0       4
dist/default/production\PBA7_firmware.production.o
                cinit                                71       71       2F        8       0
                intentry                              4        4       6B        8       0
                config                             8007     8007        5        0       4
                text96                             1CA0     1CA0       12     3940       0
                text95                             1B8F     1B8F        4     371E       0
                text94                                2        2        1        0       0
                text93                             1B93     1B93        4     3726       0
                text92                             1DD8     1DD8       1C     3BB0       0
                text91                              800      800        3        8       0
                text90                             1C1B     1C1B        D     3836       0
                text89                             1E66     1E66       20     3CCC       0
                text88                              6B7      6B7      141        8       0
                text87                             1C42     1C42        E     3884       0
                text86                             140F     140F       45     281E       0
                text85                             1C6E     1C6E       10     38DC       0
                text84                                3        3        1        6       0
                text83                              857      857       8A     10AE       0
                text82                             1C7E     1C7E       11     38FC       0
                text81                             1B97     1B97        6     372E       0
                text79                             1E2C     1E2C       1D     3C58       0
                text78                             1D46     1D46       17     3A8C       0
                text77                             12E2     12E2       39     25C4       0
                text76                             1C28     1C28        D     3850       0
                text75                             1DF4     1DF4       1C     3BE8       0
                text74                             1EA7     1EA7       22     3D4E       0
                text73                             13CF     13CF       40     279E       0
                text72                             1BEA     1BEA        9     37D4       0
                text71                             12AB     12AB       37     2556       0
                text70                             1BA9     1BA9        7     3752       0
                text69                             14E2     14E2       49     29C4       0
                text68                             1EC9     1EC9       23     3D92       0
                text67                             1F32     1F32       26     3E64       0
                text66                             1182     1182       30     2304       0
                text65                             1BDA     1BDA        8     37B4       0
                text64                             1BB0     1BB0        7     3760       0
                text63                             1BB7     1BB7        7     376E       0
                text62                             1BBE     1BBE        7     377C       0
                text61                             1BC5     1BC5        7     378A       0
                text60                             1BCC     1BCC        7     3798       0
                text59                             1392     1392       3D     2724       0
                text58                             1CDA     1CDA       15     39B4       0
                text57                             1BFC     1BFC        A     37F8       0
                text56                             1723     1723       61     2E46       0
                text55                             1BE2     1BE2        8     37C4       0
                text54                              7F8      7F8        8        8       0
                text53                             1BD3     1BD3        7     37A6       0
                text52                             1CB2     1CB2       14     3964       0
                text51                             1DA4     1DA4       19     3B48       0
                text50                             1D04     1D04       16     3A08       0
                text49                             11B2     11B2       30     2364       0
                text48                             1E10     1E10       1C     3C20       0
                text47                             1CEF     1CEF       15     39DE       0
                text46                             1F7E     1F7E       2B     3EFC       0
                text45                             1F58     1F58       26     3EB0       0
                text44                             1615     1615       50     2C2A       0
                text43                             1577     1577       4F     2AEE       0
                text42                             15C6     15C6       4F     2B8C       0
                text41                             152B     152B       4C     2A56       0
                text40                             16C3     16C3       60     2D86       0
                text39                             131B     131B       3B     2636       0
                text38                             1154     1154       2E     22A8       0
                text37                             1D74     1D74       18     3AE8       0
                text36                             1276     1276       35     24EC       0
                text35                             1212     1212       32     2424       0
                text34                             1244     1244       32     2488       0
                text33                             1C35     1C35        D     386A       0
                text32                             1C10     1C10        B     3820       0
                text31                             1C50     1C50        F     38A0       0
                text30                             1C06     1C06        A     380C       0
                text29                             1C8F     1C8F       11     391E       0
                text28                             1D1A     1D1A       16     3A34       0
                text27                             1356     1356       3C     26AC       0
                text26                             1E49     1E49       1D     3C92       0
                text25                             1D5D     1D5D       17     3ABA       0
                text24                             1CC6     1CC6       14     398C       0
                text23                              803      803       54     1006       0
                text22                             1454     1454       46     28A8       0
                text21                             1FD4     1FD4       2C     3FA8       0
                text20                             1D30     1D30       16     3A60       0
                text19                             1EEC     1EEC       23     3DD8       0
                text18                              8E1      8E1       BD     11C2       0
                text17                             1101     1101       26     2202       0
                text16                             1C5F     1C5F        F     38BE       0
                text15                             1127     1127       2D     224E       0
                text14                              99E      99E       FC     133C       0
                text13                             1D8C     1D8C       18     3B18       0
                text12                             149A     149A       48     2934       0
                text11                             1784     1784       7C     2F08       0
                text10                              E11      E11      1EF     1C22       0
                text9                               A9A      A9A      1B3     1534       0
                text8                              1E86     1E86       21     3D0C       0
                text7                              1FA9     1FA9       2B     3F52       0
                text6                              1DBD     1DBD       1B     3B7A       0
                text5                              1665     1665       5E     2CCA       0
                text4                               C4D      C4D      1C4     189A       0
                text3                               4B1      4B1      206        8       0
                text2                              11E2     11E2       30     23C4       0
                text1                              1F0F     1F0F       23     3E1E       0
                maintext                             A0       A0      411        8       0
                cstackBANK0                          67       67        5       20       1
                clrtext                            1B9D     1B9D        6     373A       0
                inittext                           1BA3     1BA3        6     3746       0
                bssBANK2                            120      120       20      120       1
                bssBANK1                             A0       A0       32       A0       1
                dataBANK0                            5E       5E        9       20       1
                bssBANK0                             20       20       3E       20       1
                bssCOMMON                            70       70        4       70       1
                stringtext17                       1A28     1A28        7     3000       0
                stringtext16                       1A19     1A19        F     3000       0
                stringtext15                       1A08     1A08       11     3000       0
                stringtext14                       19F6     19F6       12     3000       0
                stringtext13                       19DE     19DE       18     3000       0
                stringtext12                       19BF     19BF       1F     3000       0
                stringtext11                       199A     199A       25     3000       0
                stringtext10                       1974     1974       26     3000       0
                stringtext9                        194D     194D       27     3000       0
                stringtext8                        191F     191F       2E     3000       0
                stringtext7                        18F0     18F0       2F     3000       0
                stringtext6                        18C1     18C1       2F     3000       0
                stringtext5                        1892     1892       2F     3000       0
                stringtext4                        1863     1863       2F     3000       0
                stringtext3                        1832     1832       31     3000       0
                stringtext2                        1800     1800       32     3000       0
                nvBANK1                              D2       D2       19       A0       1
                nvBANK0                              6C       6C        4       20       1
                stringtext1                        1000     1000      100     2000       0
                idataBANK0                         1BF3     1BF3        9     37E6       0

TOTAL           Name                               Link     Load   Length     Space
        CLASS   STACK          
                stack                              20C0     20C0      330         2

        CLASS   CODE           
                end_init                             6F       6F        2         0
                cinit                                71       71       2F         0
                intentry                              4        4       6B         0
                reset_vec                             0        0        2         0
                text96                             1CA0     1CA0       12         0
                text95                             1B8F     1B8F        4         0
                text94                                2        2        1         0
                text93                             1B93     1B93        4         0
                text92                             1DD8     1DD8       1C         0
                text91                              800      800        3         0
                text90                             1C1B     1C1B        D         0
                text89                             1E66     1E66       20         0
                text88                              6B7      6B7      141         0
                text87                             1C42     1C42        E         0
                text86                             140F     140F       45         0
                text85                             1C6E     1C6E       10         0
                text84                                3        3        1         0
                text83                              857      857       8A         0
                text82                             1C7E     1C7E       11         0
                text81                             1B97     1B97        6         0
                text79                             1E2C     1E2C       1D         0
                text78                             1D46     1D46       17         0
                text77                             12E2     12E2       39         0
                text76                             1C28     1C28        D         0
                text75                             1DF4     1DF4       1C         0
                text74                             1EA7     1EA7       22         0
                text73                             13CF     13CF       40         0
                text72                             1BEA     1BEA        9         0
                text71                             12AB     12AB       37         0
                text70                             1BA9     1BA9        7         0
                text69                             14E2     14E2       49         0
                text68                             1EC9     1EC9       23         0
                text67                             1F32     1F32       26         0
                text66                             1182     1182       30         0
                text65                             1BDA     1BDA        8         0
                text64                             1BB0     1BB0        7         0
                text63                             1BB7     1BB7        7         0
                text62                             1BBE     1BBE        7         0
                text61                             1BC5     1BC5        7         0
                text60                             1BCC     1BCC        7         0
                text59                             1392     1392       3D         0
                text58                             1CDA     1CDA       15         0
                text57                             1BFC     1BFC        A         0
                text56                             1723     1723       61         0
                text55                             1BE2     1BE2        8         0
                text54                              7F8      7F8        8         0
                text53                             1BD3     1BD3        7         0
                text52                             1CB2     1CB2       14         0
                text51                             1DA4     1DA4       19         0
                text50                             1D04     1D04       16         0
                text49                             11B2     11B2       30         0
                text48                             1E10     1E10       1C         0
                text47                             1CEF     1CEF       15         0
                text46                             1F7E     1F7E       2B         0
                text45                             1F58     1F58       26         0
                text44                             1615     1615       50         0
                text43                             1577     1577       4F         0
                text42                             15C6     15C6       4F         0
                text41                             152B     152B       4C         0
                text40                             16C3     16C3       60         0
                text39                             131B     131B       3B         0
                text38                             1154     1154       2E         0
                text37                             1D74     1D74       18         0
                text36                             1276     1276       35         0
                text35                             1212     1212       32         0
                text34                             1244     1244       32         0
                text33                             1C35     1C35        D         0
                text32                             1C10     1C10        B         0
                text31                             1C50     1C50        F         0
                text30                             1C06     1C06        A         0
                text29                             1C8F     1C8F       11         0
                text28                             1D1A     1D1A       16         0
                text27                             1356     1356       3C         0
                text26                             1E49     1E49       1D         0
                text25                             1D5D     1D5D       17         0
                text24                             1CC6     1CC6       14         0
                text23                              803      803       54         0
                text22                             1454     1454       46         0
                text21                             1FD4     1FD4       2C         0
                text20                             1D30     1D30       16         0
                text19                             1EEC     1EEC       23         0
                text18                              8E1      8E1       BD         0
                text17                             1101     1101       26         0
                text16                             1C5F     1C5F        F         0
                text15                             1127     1127       2D         0
                text14                              99E      99E       FC         0
                text13                             1D8C     1D8C       18         0
                text12                             149A     149A       48         0
                text11                             1784     1784       7C         0
                text10                              E11      E11      1EF         0
                text9                               A9A      A9A      1B3         0
                text8                              1E86     1E86       21         0
                text7                              1FA9     1FA9       2B         0
                text6                              1DBD     1DBD       1B         0
                text5                              1665     1665       5E         0
                text4                               C4D      C4D      1C4         0
                text3                               4B1      4B1      206         0
                text2                              11E2     11E2       30         0
                text1                              1F0F     1F0F       23         0
                maintext                             A0       A0      411         0
                clrtext                            1B9D     1B9D        6         0
                inittext                           1BA3     1BA3        6         0
                idataBANK0                         1BF3     1BF3        9         0

        CLASS   STRCODE        
                stringtext17                       1A28     1A28        7         0
                stringtext16                       1A19     1A19        F         0
                stringtext15                       1A08     1A08       11         0
                stringtext14                       19F6     19F6       12         0
                stringtext13                       19DE     19DE       18         0
                stringtext12                       19BF     19BF       1F         0
                stringtext11                       199A     199A       25         0
                stringtext10                       1974     1974       26         0
                stringtext9                        194D     194D       27         0
                stringtext8                        191F     191F       2E         0
                stringtext7                        18F0     18F0       2F         0
                stringtext6                        18C1     18C1       2F         0
                stringtext5                        1892     1892       2F         0
                stringtext4                        1863     1863       2F         0
                stringtext3                        1832     1832       31         0
                stringtext2                        1800     1800       32         0
                stringtext1                        1000     1000      100         0

        CLASS   STRING         

        CLASS   CONST          

        CLASS   ENTRY          

        CLASS   COMMON         
                bssCOMMON                            70       70        4         1

        CLASS   BANK0          
                cstackBANK0                          67       67        5         1
                dataBANK0                            5E       5E        9         1
                bssBANK0                             20       20       3E         1
                nvBANK0                              6C       6C        4         1

        CLASS   BANK1          
                bssBANK1                             A0       A0       32         1
                nvBANK1                              D2       D2       19         1

        CLASS   BANK2          
                bssBANK2                            120      120       20         1

        CLASS   BANK3          

        CLASS   BANK4          

        CLASS   BANK5          

        CLASS   BANK6          

        CLASS   BANK7          

        CLASS   BANK8          

        CLASS   BANK9          

        CLASS   BANK10         

        CLASS   BANK11         

        CLASS   BANK12         

        CLASS   BIGRAM         

        CLASS   RAM            

        CLASS   ABS1           
                abs_s1                               74       74        C         1

        CLASS   SFR0           

        CLASS   SFR1           

        CLASS   SFR2           

        CLASS   SFR3           

        CLASS   SFR4           

        CLASS   SFR5           

        CLASS   SFR6           

        CLASS   SFR7           

        CLASS   SFR8           

        CLASS   SFR9           

        CLASS   SFR10          

        CLASS   SFR11          

        CLASS   SFR12          

        CLASS   SFR13          

        CLASS   SFR14          

        CLASS   SFR15          

        CLASS   SFR16          

        CLASS   SFR17          

        CLASS   SFR18          

        CLASS   SFR19          

        CLASS   SFR20          

        CLASS   SFR21          

        CLASS   SFR22          

        CLASS   SFR23          

        CLASS   SFR24          

        CLASS   SFR25          

        CLASS   SFR26          

        CLASS   SFR27          

        CLASS   SFR28          

        CLASS   SFR29          

        CLASS   SFR30          

        CLASS   SFR31          

        CLASS   SFR32          

        CLASS   SFR33          

        CLASS   SFR34          

        CLASS   SFR35          

        CLASS   SFR36          

        CLASS   SFR37          

        CLASS   SFR38          

        CLASS   SFR39          

        CLASS   SFR40          

        CLASS   SFR41          

        CLASS   SFR42          

        CLASS   SFR43          

        CLASS   SFR44          

        CLASS   SFR45          

        CLASS   SFR46          

        CLASS   SFR47          

        CLASS   SFR48          

        CLASS   SFR49          

        CLASS   SFR50          

        CLASS   SFR51          

        CLASS   SFR52          

        CLASS   SFR53          

        CLASS   SFR54          

        CLASS   SFR55          

        CLASS   SFR56          

        CLASS   SFR57          

        CLASS   SFR58          

        CLASS   SFR59          

        CLASS   SFR60          

        CLASS   SFR61          

        CLASS   SFR62          

        CLASS   SFR63          

        CLASS   CONFIG         
                config                             8007     8007        5         4

        CLASS   IDLOC          

        CLASS   BANK63         

        CLASS   BANK62         

        CLASS   BANK61         

        CLASS   BANK60         

        CLASS   BANK59         

        CLASS   BANK58         

        CLASS   BANK57         

        CLASS   BANK56         

        CLASS   BANK55         

        CLASS   BANK54         

        CLASS   BANK53         

        CLASS   BANK52         

        CLASS   BANK51         

        CLASS   BANK50         

        CLASS   BANK49         

        CLASS   BANK48         

        CLASS   BANK47         

        CLASS   BANK46         

        CLASS   BANK45         

        CLASS   BANK44         

        CLASS   BANK43         

        CLASS   BANK42         

        CLASS   BANK41         

        CLASS   BANK40         

        CLASS   BANK39         

        CLASS   BANK38         

        CLASS   BANK37         

        CLASS   BANK36         

        CLASS   BANK35         

        CLASS   BANK34         

        CLASS   BANK33         

        CLASS   BANK32         

        CLASS   BANK31         

        CLASS   BANK30         

        CLASS   BANK29         

        CLASS   BANK28         

        CLASS   BANK27         

        CLASS   BANK26         

        CLASS   BANK25         

        CLASS   BANK24         

        CLASS   BANK23         

        CLASS   BANK22         

        CLASS   BANK21         

        CLASS   BANK20         

        CLASS   BANK19         

        CLASS   BANK18         

        CLASS   BANK17         

        CLASS   BANK16         

        CLASS   BANK15         

        CLASS   BANK14         

        CLASS   BANK13         

        CLASS   EEDATA         



SEGMENTS        Name                           Load    Length   Top    Selector   Space  Class     Delta

                reset_vec                      000000  000003  000003         0       0  CODE        2
                text84                         000003  000001  000004         6       0  CODE        2
                intentry                       000004  0007FF  000803         8       0  CODE        2
                bssBANK0                       000020  000050  000070        20       1  BANK0       1
                bssCOMMON                      000070  000004  000074        70       1  COMMON      1
                bssBANK1                       0000A0  00004B  0000EB        A0       1  BANK1       1
                bssBANK2                       000120  000020  000140       120       1  BANK2       1
                text23                         000803  000054  000857      1006       0  CODE        2
                text83                         000857  00008A  0008E1      10AE       0  CODE        2
                text18                         0008E1  0000BD  00099E      11C2       0  CODE        2
                text14                         00099E  0000FC  000A9A      133C       0  CODE        2
                text9                          000A9A  0001B3  000C4D      1534       0  CODE        2
                text4                          000C4D  0001C4  000E11      189A       0  CODE        2
                text10                         000E11  0001EF  001000      1C22       0  CODE        2
                stringtext1                    001000  000100  001100      2000       0  STRCODE     2
                stack                          0020C0  000330  0023F0      20C0       2  STACK       1
                text17                         001101  000026  001127      2202       0  CODE        2
                text15                         001127  00002D  001154      224E       0  CODE        2
                text38                         001154  00002E  001182      22A8       0  CODE        2
                text66                         001182  000030  0011B2      2304       0  CODE        2
                text49                         0011B2  000030  0011E2      2364       0  CODE        2
                text2                          0011E2  000030  001212      23C4       0  CODE        2
                text35                         001212  000032  001244      2424       0  CODE        2
                text34                         001244  000032  001276      2488       0  CODE        2
                text36                         001276  000035  0012AB      24EC       0  CODE        2
                text71                         0012AB  000037  0012E2      2556       0  CODE        2
                text77                         0012E2  000039  00131B      25C4       0  CODE        2
                text39                         00131B  00003B  001356      2636       0  CODE        2
                text27                         001356  00003C  001392      26AC       0  CODE        2
                text59                         001392  00003D  0013CF      2724       0  CODE        2
                text73                         0013CF  000040  00140F      279E       0  CODE        2
                text86                         00140F  000045  001454      281E       0  CODE        2
                text22                         001454  000046  00149A      28A8       0  CODE        2
                text12                         00149A  000048  0014E2      2934       0  CODE        2
                text69                         0014E2  000049  00152B      29C4       0  CODE        2
                text41                         00152B  00004C  001577      2A56       0  CODE        2
                text43                         001577  00004F  0015C6      2AEE       0  CODE        2
                text42                         0015C6  00004F  001615      2B8C       0  CODE        2
                text44                         001615  000050  001665      2C2A       0  CODE        2
                text5                          001665  00005E  0016C3      2CCA       0  CODE        2
                text40                         0016C3  000060  001723      2D86       0  CODE        2
                text56                         001723  000061  001784      2E46       0  CODE        2
                text11                         001784  00007C  001800      2F08       0  CODE        2
                stringtext2                    001800  00022F  001A2F      3000       0  STRCODE     2
                text95                         001B8F  000004  001B93      371E       0  CODE        2
                text93                         001B93  000004  001B97      3726       0  CODE        2
                text81                         001B97  000006  001B9D      372E       0  CODE        2
                clrtext                        001B9D  000006  001BA3      373A       0  CODE        2
                inittext                       001BA3  000006  001BA9      3746       0  CODE        2
                text70                         001BA9  000007  001BB0      3752       0  CODE        2
                text64                         001BB0  000007  001BB7      3760       0  CODE        2
                text63                         001BB7  000007  001BBE      376E       0  CODE        2
                text62                         001BBE  000007  001BC5      377C       0  CODE        2
                text61                         001BC5  000007  001BCC      378A       0  CODE        2
                text60                         001BCC  000007  001BD3      3798       0  CODE        2
                text53                         001BD3  000007  001BDA      37A6       0  CODE        2
                text65                         001BDA  000008  001BE2      37B4       0  CODE        2
                text55                         001BE2  000008  001BEA      37C4       0  CODE        2
                text72                         001BEA  000009  001BF3      37D4       0  CODE        2
                idataBANK0                     001BF3  000009  001BFC      37E6       0  CODE        2
                text57                         001BFC  00000A  001C06      37F8       0  CODE        2
                text30                         001C06  00000A  001C10      380C       0  CODE        2
                text32                         001C10  00000B  001C1B      3820       0  CODE        2
                text90                         001C1B  00000D  001C28      3836       0  CODE        2
                text76                         001C28  00000D  001C35      3850       0  CODE        2
                text33                         001C35  00000D  001C42      386A       0  CODE        2
                text87                         001C42  00000E  001C50      3884       0  CODE        2
                text31                         001C50  00000F  001C5F      38A0       0  CODE        2
                text16                         001C5F  00000F  001C6E      38BE       0  CODE        2
                text85                         001C6E  000010  001C7E      38DC       0  CODE        2
                text82                         001C7E  000011  001C8F      38FC       0  CODE        2
                text29                         001C8F  000011  001CA0      391E       0  CODE        2
                text96                         001CA0  000012  001CB2      3940       0  CODE        2
                text52                         001CB2  000014  001CC6      3964       0  CODE        2
                text24                         001CC6  000014  001CDA      398C       0  CODE        2
                text58                         001CDA  000015  001CEF      39B4       0  CODE        2
                text47                         001CEF  000015  001D04      39DE       0  CODE        2
                text50                         001D04  000016  001D1A      3A08       0  CODE        2
                text28                         001D1A  000016  001D30      3A34       0  CODE        2
                text20                         001D30  000016  001D46      3A60       0  CODE        2
                text78                         001D46  000017  001D5D      3A8C       0  CODE        2
                text25                         001D5D  000017  001D74      3ABA       0  CODE        2
                text37                         001D74  000018  001D8C      3AE8       0  CODE        2
                text13                         001D8C  000018  001DA4      3B18       0  CODE        2
                text51                         001DA4  000019  001DBD      3B48       0  CODE        2
                text6                          001DBD  00001B  001DD8      3B7A       0  CODE        2
                text92                         001DD8  00001C  001DF4      3BB0       0  CODE        2
                text75                         001DF4  00001C  001E10      3BE8       0  CODE        2
                text48                         001E10  00001C  001E2C      3C20       0  CODE        2
                text79                         001E2C  00001D  001E49      3C58       0  CODE        2
                text26                         001E49  00001D  001E66      3C92       0  CODE        2
                text89                         001E66  000020  001E86      3CCC       0  CODE        2
                text8                          001E86  000021  001EA7      3D0C       0  CODE        2
                text74                         001EA7  000022  001EC9      3D4E       0  CODE        2
                text68                         001EC9  000023  001EEC      3D92       0  CODE        2
                text19                         001EEC  000023  001F0F      3DD8       0  CODE        2
                text1                          001F0F  000023  001F32      3E1E       0  CODE        2
                text67                         001F32  000026  001F58      3E64       0  CODE        2
                text45                         001F58  000026  001F7E      3EB0       0  CODE        2
                text46                         001F7E  00002B  001FA9      3EFC       0  CODE        2
                text7                          001FA9  00002B  001FD4      3F52       0  CODE        2
                text21                         001FD4  00002C  002000      3FA8       0  CODE        2


UNUSED ADDRESS RANGES

        Name                Unused          Largest block    Delta
        BANK1            000EB-000EF               5           1
        BANK10           00520-0056F              50           1
        BANK11           005A0-005EF              50           1
        BANK12           00620-0064F              30           1
        BANK2            00140-0016F              30           1
        BANK3            001A0-001EF              50           1
        BANK4            00220-0026F              50           1
        BANK5            002A0-002EF              50           1
        BANK6            00320-0036F              50           1
        BANK7            003A0-003EF              50           1
        BANK8            00420-0046F              50           1
        BANK9            004A0-004EF              50           1
        BIGRAM           02000-023EF             3F0           1
        CODE             01100-01100               1           2
                         01A2F-01B8E             160
        CONST            01100-01100               1           2
                         01A2F-01B8E              D1
        ENTRY            01100-01100               1           2
                         01A2F-01B8E              D1
        IDLOC            08000-08003               4           2
        RAM              000EB-000EF               5           1
                         00140-0016F              30
                         001A0-001EF              50
                         00220-0026F              50
                         002A0-002EF              50
                         00320-0036F              50
                         003A0-003EF              50
                         00420-0046F              50
                         004A0-004EF              50
                         00520-0056F              50
                         005A0-005EF              50
                         00620-0064F              30
        SFR0             00000-0001F              20           1
        SFR1             00080-0009F              20           1
        SFR10            00500-0051F              20           1
        SFR11            00580-0059F              20           1
        SFR12            00600-0061F              20           1
        SFR13            00680-006EF              70           1
        SFR14            00700-0076F              70           1
        SFR15            00780-007EF              70           1
        SFR16            00800-0086F              70           1
        SFR17            00880-008EF              70           1
        SFR18            00900-0096F              70           1
        SFR19            00980-009EF              70           1
        SFR2             00100-0011F              20           1
        SFR20            00A00-00A6F              70           1
        SFR21            00A80-00AEF              70           1
        SFR22            00B00-00B6F              70           1
        SFR23            00B80-00BEF              70           1
        SFR24            00C00-00C6F              70           1
        SFR25            00C80-00CEF              70           1
        SFR26            00D00-00D6F              70           1
        SFR27            00D80-00DEF              70           1
        SFR28            00E00-00E6F              70           1
        SFR29            00E80-00EEF              70           1
        SFR3             00180-0019F              20           1
        SFR30            00F00-00F6F              70           1
        SFR31            00F80-00FEF              70           1
        SFR32            01000-0106F              70           1
        SFR33            01080-010EF              70           1
        SFR34            01100-0116F              70           1
        SFR35            01180-011EF              70           1
        SFR36            01200-0126F              70           1
        SFR37            01280-012EF              70           1
        SFR38            01300-0136F              70           1
        SFR39            01380-013EF              70           1
        SFR4             00200-0021F              20           1
        SFR40            01400-0146F              70           1
        SFR41            01480-014EF              70           1
        SFR42            01500-0156F              70           1
        SFR43            01580-015EF              70           1
        SFR44            01600-0166F              70           1
        SFR45            01680-016EF              70           1
        SFR46            01700-0176F              70           1
        SFR47            01780-017EF              70           1
        SFR48            01800-0186F              70           1
        SFR49            01880-018EF              70           1
        SFR5             00280-0029F              20           1
        SFR50            01900-0196F              70           1
        SFR51            01980-019EF              70           1
        SFR52            01A00-01A6F              70           1
        SFR53            01A80-01AEF              70           1
        SFR54            01B00-01B6F              70           1
        SFR55            01B80-01BEF              70           1
        SFR56            01C00-01C6F              70           1
        SFR57            01C80-01CEF              70           1
        SFR58            01D00-01D6F              70           1
        SFR59            01D80-01DEF              70           1
        SFR6             00300-0031F              20           1
        SFR60            01E00-01E6F              70           1
        SFR61            01E80-01EEF              70           1
        SFR62            01F00-01F6F              70           1
        SFR63            01F80-01FEF              70           1
        SFR7             00380-0039F              20           1
        SFR8             00400-0041F              20           1
        SFR9             00480-0049F              20           1
        STRCODE          01100-01100               1           2
                         01A2F-01B8E             160
        STRING           01100-01100               1           2
                         01A2F-01B8E              D1

                                  Symbol Table

BTN_GetPosEdge@flags                         dataBANK0    00066
I2C2_ISR@i2c_10bit_address_restart           bssBANK0     00044
I2C2_ISR@i2c_address                         bssBANK0     0005C
I2C2_ISR@i2c_bytes_left                      bssBANK0     00045
I2C2_ISR@pi2c_buf_ptr                        bssBANK0     0003F
I2C2_MasterRead@trBlock                      bssBANK0     0004E
I2C2_MasterWrite@trBlock                     bssBANK0     00053
OLED_Putc@arrowCnt                           bssBANK0     00042
RTC_ConvertTemp@F8244                        dataBANK0    00060
RTC_Init@F8216                               dataBANK0    00062
RTC_IsTempConvDone@F8248                     dataBANK0    0005E
_ADCON0                                      (abs)        0009D
_ADCON0bits                                  (abs)        0009D
_ADCON1                                      (abs)        0009E
_ADC_GetConversion                           text79       01E2C
_ADC_Initialize                              text65       01BDA
_ADRESH                                      (abs)        0009C
_ADRESL                                      (abs)        0009B
_ANSELA                                      (abs)        01F38
_ANSELB                                      (abs)        01F43
_ANSELC                                      (abs)        01F4E
_ANSELD                                      (abs)        01F59
_ANSELE                                      (abs)        01F64
_ANSELF                                      (abs)        01E50
_BAUD1CON                                    (abs)        0011F
_BTN_GetPosEdge                              text77       012E2
_BcdToBinary                                 text47       01CEF
_BinaryToBcd                                 text37       01D74
_BitReverseTable256                          stringtext1  01000
_BitTest                                     text78       01D46
_EUSART1_DefaultErrorHandler                 text95       01B8F
_EUSART1_DefaultFramingErrorHandler          text94       00002
_EUSART1_DefaultOverrunErrorHandler          text93       01B93
_EUSART1_ErrorHandler                        nvBANK1      000D2
_EUSART1_FramingErrorHandler                 nvBANK1      000D6
_EUSART1_Initialize                          text59       01392
_EUSART1_OverrunErrorHandler                 nvBANK1      000D4
_EUSART1_Receive_ISR                         text86       0140F
_EUSART1_RxDataHandler                       text96       01CA0
_EUSART1_RxDefaultInterruptHandler           nvBANK1      000D8
_EUSART1_SetErrorHandler                     text64       01BB0
_EUSART1_SetFramingErrorHandler              text63       01BB7
_EUSART1_SetOverrunErrorHandler              text62       01BBE
_EUSART1_SetRxInterruptHandler               text61       01BC5
_EUSART1_SetTxInterruptHandler               text60       01BCC
_EUSART1_Transmit_ISR                        text92       01DD8
_EUSART1_TxDefaultInterruptHandler           nvBANK1      000DA
_EUSART1_Write                               text17       01101
_I2C2_BusCollisionISR                        text91       00800
_I2C2_FunctionComplete                       text90       01C1B
_I2C2_ISR                                    text88       006B7
_I2C2_Initialize                             text58       01CDA
_I2C2_MasterRead                             text45       01F58
_I2C2_MasterReadTRBBuild                     text46       01F7E
_I2C2_MasterTRBInsert                        text69       014E2
_I2C2_MasterWrite                            text67       01F32
_I2C2_MasterWriteTRBBuild                    text68       01EC9
_I2C2_Stop                                   text89       01E66
_I2C2_WaitForLastPacketToComplete            text70       01BA9
_INLVLA                                      (abs)        01F3C
_INLVLB                                      (abs)        01F47
_INLVLC                                      (abs)        01F52
_INLVLD                                      (abs)        01F5D
_INLVLE                                      (abs)        01F68
_INLVLF                                      (abs)        01E54
_INTCONbits                                  (abs)        0000B
_INTERRUPT_InterruptManager                  intentry     00004
_LATA                                        (abs)        00018
_LATAbits                                    (abs)        00018
_LATB                                        (abs)        00019
_LATBbits                                    (abs)        00019
_LATC                                        (abs)        0001A
_LATD                                        (abs)        0001B
_LATDbits                                    (abs)        0001B
_LATE                                        (abs)        0001C
_LATEbits                                    (abs)        0001C
_LATF                                        (abs)        0001D
_ODCONA                                      (abs)        01F3A
_ODCONB                                      (abs)        01F45
_ODCONC                                      (abs)        01F50
_ODCOND                                      (abs)        01F5B
_ODCONE                                      (abs)        01F66
_ODCONF                                      (abs)        01E52
_OLED_Clear                                  text16       01C5F
_OLED_CursorOn                               text74       01EA7
_OLED_GotoXY                                 text15       01127
_OLED_Init                                   text71       012AB
_OLED_Putc                                   text14       0099E
_OLED_SelectROM                              text73       013CF
_OSCCON1                                     (abs)        0088D
_OSCCON3                                     (abs)        0088F
_OSCEN                                       (abs)        00891
_OSCFRQ                                      (abs)        00893
_OSCILLATOR_Initialize                       text57       01BFC
_OSCSTAT                                     (abs)        00890
_OSCTUNE                                     (abs)        00892
_PBA_ConfigPrintf                            text72       01BEA
_PBA_Init                                    text50       01D04
_PIE0bits                                    (abs)        00716
_PIE3bits                                    (abs)        00719
_PIN_MANAGER_Initialize                      text56       01723
_PIR0bits                                    (abs)        0070C
_PIR3bits                                    (abs)        0070F
_PMD0                                        (abs)        00796
_PMD1                                        (abs)        00797
_PMD2                                        (abs)        00798
_PMD3                                        (abs)        00799
_PMD4                                        (abs)        0079A
_PMD5                                        (abs)        0079B
_PMD_Initialize                              text55       01BE2
_PORTC                                       (abs)        0000E
_RB0PPS                                      (abs)        01F18
_RB2PPS                                      (abs)        01F1A
_RB3PPS                                      (abs)        01F1B
_RB4PPS                                      (abs)        01F1C
_RC1REG                                      (abs)        00119
_RC1STA                                      (abs)        0011D
_RC1STAbits                                  (abs)        0011D
_RF6PPS                                      (abs)        01E3E
_RTC_ConvertTemp                             text49       011B2
_RTC_GetHours                                text44       01615
_RTC_GetMinutes                              text43       01577
_RTC_GetSeconds                              text42       015C6
_RTC_GetTemp                                 text41       0152B
_RTC_Init                                    text66       01182
_RTC_IsTempConvDone                          text40       016C3
_RTC_SetHours                                text36       01276
_RTC_SetMinutes                              text35       01212
_RTC_SetSeconds                              text34       01244
_RX1DTPPS                                    (abs)        01ECB
_ReceiveHandler                              text87       01C42
_SLRCONA                                     (abs)        01F3B
_SLRCONB                                     (abs)        01F46
_SLRCONC                                     (abs)        01F51
_SLRCOND                                     (abs)        01F5C
_SLRCONE                                     (abs)        01F67
_SLRCONF                                     (abs)        01E53
_SP1BRGH                                     (abs)        0011C
_SP1BRGL                                     (abs)        0011B
_SPI1_Exchange8bit                           text76       01C28
_SPI1_Initialize                             text54       007F8
_SSP1ADD                                     (abs)        0018D
_SSP1BUF                                     (abs)        0018C
_SSP1CLKPPS                                  (abs)        01EC5
_SSP1CON1                                    (abs)        00190
_SSP1CON1bits                                (abs)        00190
_SSP1DATPPS                                  (abs)        01EC6
_SSP1STAT                                    (abs)        0018F
_SSP1STATbits                                (abs)        0018F
_SSP2ADD                                     (abs)        00197
_SSP2BUF                                     (abs)        00196
_SSP2CLKPPS                                  (abs)        01EC8
_SSP2CON1                                    (abs)        0019A
_SSP2CON1bits                                (abs)        0019A
_SSP2CON2bits                                (abs)        0019B
_SSP2CON3                                    (abs)        0019C
_SSP2DATPPS                                  (abs)        01EC9
_SSP2STAT                                    (abs)        00199
_STATEMACHINE_Init                           text33       01C35
_STATEMACHINE_StateEntry                     text32       01C10
_STATEMACHINE_StateExit                      text31       01C50
_STATEMACHINE_Update                         text30       01C06
_SYSTEM_Initialize                           text51       01DA4
_SYSTICK_AddTimeoutHandler                   text29       01C8F
_SYSTICK_Handler                             text83       00857
_SYSTICK_Timeout                             text27       01356
_SYSTICK_TimerLoad                           text26       01E49
_SYSTICK_TimerLoadAndRun                     text24       01CC6
_SYSTICK_TimerRun                            text25       01D5D
_SYSTICK_TimerStop                           text28       01D1A
_Send                                        text75       01DF4
_Summer                                      text85       01C6E
_T0CON0                                      (abs)        0059E
_T0CON1                                      (abs)        0059F
_TMR0H                                       (abs)        0059D
_TMR0L                                       (abs)        0059C
_TMR0_CallBack                               text82       01C7E
_TMR0_DefaultInterruptHandler                text84       00003
_TMR0_ISR                                    text81       01B97
_TMR0_Initialize                             text52       01CB2
_TMR0_InterruptHandler                       nvBANK0      0006C
_TMR0_SetInterruptHandler                    text53       01BD3
_TRISA                                       (abs)        00012
_TRISB                                       (abs)        00013
_TRISC                                       (abs)        00014
_TRISD                                       (abs)        00015
_TRISE                                       (abs)        00016
_TRISF                                       (abs)        00017
_TX1REG                                      (abs)        0011A
_TX1STA                                      (abs)        0011E
_WPUA                                        (abs)        01F39
_WPUB                                        (abs)        01F44
_WPUC                                        (abs)        01F4F
_WPUD                                        (abs)        01F5A
_WPUE                                        (abs)        01F65
_WPUF                                        (abs)        01E51
__Habs1                                      abs1         00000
__Hbank0                                     bank0        00000
__Hbank1                                     bank1        00000
__Hbank10                                    bank10       00000
__Hbank11                                    bank11       00000
__Hbank12                                    bank12       00000
__Hbank13                                    bank13       00000
__Hbank14                                    bank14       00000
__Hbank15                                    bank15       00000
__Hbank16                                    bank16       00000
__Hbank17                                    bank17       00000
__Hbank18                                    bank18       00000
__Hbank19                                    bank19       00000
__Hbank2                                     bank2        00000
__Hbank20                                    bank20       00000
__Hbank21                                    bank21       00000
__Hbank22                                    bank22       00000
__Hbank23                                    bank23       00000
__Hbank24                                    bank24       00000
__Hbank25                                    bank25       00000
__Hbank26                                    bank26       00000
__Hbank27                                    bank27       00000
__Hbank28                                    bank28       00000
__Hbank29                                    bank29       00000
__Hbank3                                     bank3        00000
__Hbank30                                    bank30       00000
__Hbank31                                    bank31       00000
__Hbank32                                    bank32       00000
__Hbank33                                    bank33       00000
__Hbank34                                    bank34       00000
__Hbank35                                    bank35       00000
__Hbank36                                    bank36       00000
__Hbank37                                    bank37       00000
__Hbank38                                    bank38       00000
__Hbank39                                    bank39       00000
__Hbank4                                     bank4        00000
__Hbank40                                    bank40       00000
__Hbank41                                    bank41       00000
__Hbank42                                    bank42       00000
__Hbank43                                    bank43       00000
__Hbank44                                    bank44       00000
__Hbank45                                    bank45       00000
__Hbank46                                    bank46       00000
__Hbank47                                    bank47       00000
__Hbank48                                    bank48       00000
__Hbank49                                    bank49       00000
__Hbank5                                     bank5        00000
__Hbank50                                    bank50       00000
__Hbank51                                    bank51       00000
__Hbank52                                    bank52       00000
__Hbank53                                    bank53       00000
__Hbank54                                    bank54       00000
__Hbank55                                    bank55       00000
__Hbank56                                    bank56       00000
__Hbank57                                    bank57       00000
__Hbank58                                    bank58       00000
__Hbank59                                    bank59       00000
__Hbank6                                     bank6        00000
__Hbank60                                    bank60       00000
__Hbank61                                    bank61       00000
__Hbank62                                    bank62       00000
__Hbank63                                    bank63       00000
__Hbank7                                     bank7        00000
__Hbank8                                     bank8        00000
__Hbank9                                     bank9        00000
__Hbigram                                    bigram       00000
__HbssBANK0                                  bssBANK0     00000
__HbssBANK1                                  bssBANK1     00000
__HbssBANK2                                  bssBANK2     00000
__HbssCOMMON                                 bssCOMMON    00000
__Hcinit                                     cinit        000A0
__Hclrtext                                   clrtext      00000
__Hcode                                      code         00000
__Hcommon                                    common       00000
__Hconfig                                    config       0800C
__HcstackBANK0                               cstackBANK0  00000
__HcstackCOMMON                              cstackCOMMON 00000
__HdataBANK0                                 dataBANK0    00000
__Heeprom_data                               eeprom_data  00000
__Hend_init                                  end_init     00071
__Hfunctab                                   functab      00000
__HidataBANK0                                idataBANK0   00000
__Hinit                                      init         0006F
__Hinittext                                  inittext     00000
__Hintentry                                  intentry     0006F
__Hmaintext                                  maintext     00000
__HnvBANK0                                   nvBANK0      00000
__HnvBANK1                                   nvBANK1      00000
__Hpowerup                                   powerup      00000
__Hram                                       ram          00000
__Hreset_vec                                 reset_vec    00002
__Hsfr0                                      sfr0         00000
__Hsfr1                                      sfr1         00000
__Hsfr10                                     sfr10        00000
__Hsfr11                                     sfr11        00000
__Hsfr12                                     sfr12        00000
__Hsfr13                                     sfr13        00000
__Hsfr14                                     sfr14        00000
__Hsfr15                                     sfr15        00000
__Hsfr16                                     sfr16        00000
__Hsfr17                                     sfr17        00000
__Hsfr18                                     sfr18        00000
__Hsfr19                                     sfr19        00000
__Hsfr2                                      sfr2         00000
__Hsfr20                                     sfr20        00000
__Hsfr21                                     sfr21        00000
__Hsfr22                                     sfr22        00000
__Hsfr23                                     sfr23        00000
__Hsfr24                                     sfr24        00000
__Hsfr25                                     sfr25        00000
__Hsfr26                                     sfr26        00000
__Hsfr27                                     sfr27        00000
__Hsfr28                                     sfr28        00000
__Hsfr29                                     sfr29        00000
__Hsfr3                                      sfr3         00000
__Hsfr30                                     sfr30        00000
__Hsfr31                                     sfr31        00000
__Hsfr32                                     sfr32        00000
__Hsfr33                                     sfr33        00000
__Hsfr34                                     sfr34        00000
__Hsfr35                                     sfr35        00000
__Hsfr36                                     sfr36        00000
__Hsfr37                                     sfr37        00000
__Hsfr38                                     sfr38        00000
__Hsfr39                                     sfr39        00000
__Hsfr4                                      sfr4         00000
__Hsfr40                                     sfr40        00000
__Hsfr41                                     sfr41        00000
__Hsfr42                                     sfr42        00000
__Hsfr43                                     sfr43        00000
__Hsfr44                                     sfr44        00000
__Hsfr45                                     sfr45        00000
__Hsfr46                                     sfr46        00000
__Hsfr47                                     sfr47        00000
__Hsfr48                                     sfr48        00000
__Hsfr49                                     sfr49        00000
__Hsfr5                                      sfr5         00000
__Hsfr50                                     sfr50        00000
__Hsfr51                                     sfr51        00000
__Hsfr52                                     sfr52        00000
__Hsfr53                                     sfr53        00000
__Hsfr54                                     sfr54        00000
__Hsfr55                                     sfr55        00000
__Hsfr56                                     sfr56        00000
__Hsfr57                                     sfr57        00000
__Hsfr58                                     sfr58        00000
__Hsfr59                                     sfr59        00000
__Hsfr6                                      sfr6         00000
__Hsfr60                                     sfr60        00000
__Hsfr61                                     sfr61        00000
__Hsfr62                                     sfr62        00000
__Hsfr63                                     sfr63        00000
__Hsfr7                                      sfr7         00000
__Hsfr8                                      sfr8         00000
__Hsfr9                                      sfr9         00000
__Hspace_0                                   (abs)        02000
__Hspace_1                                   (abs)        00140
__Hspace_2                                   (abs)        023F0
__Hspace_3                                   (abs)        00000
__Hspace_4                                   (abs)        10013
__Hstack                                     stack        023F0
__Hstrings                                   strings      00000
__Hstringtext1                               stringtext1  00000
__Hstringtext10                              stringtext10 00000
__Hstringtext11                              stringtext11 00000
__Hstringtext12                              stringtext12 00000
__Hstringtext13                              stringtext13 00000
__Hstringtext14                              stringtext14 00000
__Hstringtext15                              stringtext15 00000
__Hstringtext16                              stringtext16 00000
__Hstringtext17                              stringtext17 00000
__Hstringtext18                              stringtext18 00000
__Hstringtext2                               stringtext2  00000
__Hstringtext3                               stringtext3  00000
__Hstringtext4                               stringtext4  00000
__Hstringtext5                               stringtext5  00000
__Hstringtext6                               stringtext6  00000
__Hstringtext7                               stringtext7  00000
__Hstringtext8                               stringtext8  00000
__Hstringtext9                               stringtext9  00000
__Htext                                      text         00000
__Labs1                                      abs1         00000
__Lbank0                                     bank0        00000
__Lbank1                                     bank1        00000
__Lbank10                                    bank10       00000
__Lbank11                                    bank11       00000
__Lbank12                                    bank12       00000
__Lbank13                                    bank13       00000
__Lbank14                                    bank14       00000
__Lbank15                                    bank15       00000
__Lbank16                                    bank16       00000
__Lbank17                                    bank17       00000
__Lbank18                                    bank18       00000
__Lbank19                                    bank19       00000
__Lbank2                                     bank2        00000
__Lbank20                                    bank20       00000
__Lbank21                                    bank21       00000
__Lbank22                                    bank22       00000
__Lbank23                                    bank23       00000
__Lbank24                                    bank24       00000
__Lbank25                                    bank25       00000
__Lbank26                                    bank26       00000
__Lbank27                                    bank27       00000
__Lbank28                                    bank28       00000
__Lbank29                                    bank29       00000
__Lbank3                                     bank3        00000
__Lbank30                                    bank30       00000
__Lbank31                                    bank31       00000
__Lbank32                                    bank32       00000
__Lbank33                                    bank33       00000
__Lbank34                                    bank34       00000
__Lbank35                                    bank35       00000
__Lbank36                                    bank36       00000
__Lbank37                                    bank37       00000
__Lbank38                                    bank38       00000
__Lbank39                                    bank39       00000
__Lbank4                                     bank4        00000
__Lbank40                                    bank40       00000
__Lbank41                                    bank41       00000
__Lbank42                                    bank42       00000
__Lbank43                                    bank43       00000
__Lbank44                                    bank44       00000
__Lbank45                                    bank45       00000
__Lbank46                                    bank46       00000
__Lbank47                                    bank47       00000
__Lbank48                                    bank48       00000
__Lbank49                                    bank49       00000
__Lbank5                                     bank5        00000
__Lbank50                                    bank50       00000
__Lbank51                                    bank51       00000
__Lbank52                                    bank52       00000
__Lbank53                                    bank53       00000
__Lbank54                                    bank54       00000
__Lbank55                                    bank55       00000
__Lbank56                                    bank56       00000
__Lbank57                                    bank57       00000
__Lbank58                                    bank58       00000
__Lbank59                                    bank59       00000
__Lbank6                                     bank6        00000
__Lbank60                                    bank60       00000
__Lbank61                                    bank61       00000
__Lbank62                                    bank62       00000
__Lbank63                                    bank63       00000
__Lbank7                                     bank7        00000
__Lbank8                                     bank8        00000
__Lbank9                                     bank9        00000
__Lbigram                                    bigram       00000
__LbssBANK0                                  bssBANK0     00000
__LbssBANK1                                  bssBANK1     00000
__LbssBANK2                                  bssBANK2     00000
__LbssCOMMON                                 bssCOMMON    00000
__Lcinit                                     cinit        00071
__Lclrtext                                   clrtext      00000
__Lcode                                      code         00000
__Lcommon                                    common       00000
__Lconfig                                    config       00000
__LcstackBANK0                               cstackBANK0  00000
__LcstackCOMMON                              cstackCOMMON 00000
__LdataBANK0                                 dataBANK0    00000
__Leeprom_data                               eeprom_data  00000
__Lend_init                                  end_init     0006F
__Lfunctab                                   functab      00000
__LidataBANK0                                idataBANK0   00000
__Linit                                      init         0006F
__Linittext                                  inittext     00000
__Lintentry                                  intentry     00004
__Lmaintext                                  maintext     00000
__LnvBANK0                                   nvBANK0      00000
__LnvBANK1                                   nvBANK1      00000
__Lpowerup                                   powerup      00000
__Lram                                       ram          00000
__Lreset_vec                                 reset_vec    00000
__Lsfr0                                      sfr0         00000
__Lsfr1                                      sfr1         00000
__Lsfr10                                     sfr10        00000
__Lsfr11                                     sfr11        00000
__Lsfr12                                     sfr12        00000
__Lsfr13                                     sfr13        00000
__Lsfr14                                     sfr14        00000
__Lsfr15                                     sfr15        00000
__Lsfr16                                     sfr16        00000
__Lsfr17                                     sfr17        00000
__Lsfr18                                     sfr18        00000
__Lsfr19                                     sfr19        00000
__Lsfr2                                      sfr2         00000
__Lsfr20                                     sfr20        00000
__Lsfr21                                     sfr21        00000
__Lsfr22                                     sfr22        00000
__Lsfr23                                     sfr23        00000
__Lsfr24                                     sfr24        00000
__Lsfr25                                     sfr25        00000
__Lsfr26                                     sfr26        00000
__Lsfr27                                     sfr27        00000
__Lsfr28                                     sfr28        00000
__Lsfr29                                     sfr29        00000
__Lsfr3                                      sfr3         00000
__Lsfr30                                     sfr30        00000
__Lsfr31                                     sfr31        00000
__Lsfr32                                     sfr32        00000
__Lsfr33                                     sfr33        00000
__Lsfr34                                     sfr34        00000
__Lsfr35                                     sfr35        00000
__Lsfr36                                     sfr36        00000
__Lsfr37                                     sfr37        00000
[...]
      Params:         0       0       0       0       0       0       0       0       0       0       0       0       0       0
      Locals:         0       0       0       0       0       0       0       0       0       0       0       0       0       0
      Temps:          0       0       0       0       0       0       0       0       0       0       0       0       0       0
      Totals:         0       0       0       0       0       0       0       0       0       0       0       0       0       0
Total ram usage:        0 bytes
 Hardware stack levels used:    1
 Hardware stack levels required when called:    1
 This function calls:
		_I2C2_FunctionComplete
		_I2C2_Stop
 This function is called by:
		_INTERRUPT_InterruptManager
 This function uses a reentrant model


 *************** function _I2C2_Stop *****************
 Defined at:
		line 583 in file "mcc_generated_files/i2c2.c"
 Parameters:    Size  Location     Type
  completion_c    1    wreg     enum E8045
 Auto vars:     Size  Location     Type
  completion_c    1  [STACK] enum E8045
 Return value:  Size  Location     Type
                  1    wreg      void 
 Registers used:
		wreg, fsr0l, fsr0h, fsr1l, fsr1h, status,2, status,0, btemp+0, btemp+10, btemp+11
 Tracked objects:
		On entry : 
		On exit  : 
		Unchanged: 
 Data sizes:     COMMON   BANK0   BANK1   BANK2   BANK3   BANK4   BANK5   BANK6   BANK7   BANK8   BANK9  BANK10  BANK11  BANK12
      Params:         0       0       0       0       0       0       0       0       0       0       0       0       0       0
      Locals:         0       0       0       0       0       0       0       0       0       0       0       0       0       0
      Temps:          0       0       0       0       0       0       0       0       0       0       0       0       0       0
      Totals:         0       0       0       0       0       0       0       0       0       0       0       0       0       0
Total ram usage:        0 bytes
 Hardware stack levels used:    1
 This function calls:
		Nothing
 This function is called by:
		_I2C2_ISR
 This function uses a reentrant model


 *************** function _I2C2_FunctionComplete *****************
 Defined at:
		line 565 in file "mcc_generated_files/i2c2.c"
 Parameters:    Size  Location     Type
		None
 Auto vars:     Size  Location     Type
		None
 Return value:  Size  Location     Type
                  1    wreg      void 
 Registers used:
		wreg, status,2, status,0
 Tracked objects:
		On entry : 
		On exit  : 
		Unchanged: 
 Data sizes:     COMMON   BANK0   BANK1   BANK2   BANK3   BANK4   BANK5   BANK6   BANK7   BANK8   BANK9  BANK10  BANK11  BANK12
      Params:         0       0       0       0       0       0       0       0       0       0       0       0       0       0
      Locals:         0       0       0       0       0       0       0       0       0       0       0       0       0       0
      Temps:          0       0       0       0       0       0       0       0       0       0       0       0       0       0
      Totals:         0       0       0       0       0       0       0       0       0       0       0       0       0       0
Total ram usage:        0 bytes
 Hardware stack levels used:    1
 This function calls:
		Nothing
 This function is called by:
		_I2C2_ISR
 This function uses a reentrant model


 *************** function _I2C2_BusCollisionISR *****************
 Defined at:
		line 742 in file "mcc_generated_files/i2c2.c"
 Parameters:    Size  Location     Type
		None
 Auto vars:     Size  Location     Type
		None
 Return value:  Size  Location     Type
                  1    wreg      void 
 Registers used:
		None
 Tracked objects:
		On entry : 
		On exit  : 
		Unchanged: 
 Data sizes:     COMMON   BANK0   BANK1   BANK2   BANK3   BANK4   BANK5   BANK6   BANK7   BANK8   BANK9  BANK10  BANK11  BANK12
      Params:         0       0       0       0       0       0       0       0       0       0       0       0       0       0
      Locals:         0       0       0       0       0       0       0       0       0       0       0       0       0       0
      Temps:          0       0       0       0       0       0       0       0       0       0       0       0       0       0
      Totals:         0       0       0       0       0       0       0       0       0       0       0       0       0       0
Total ram usage:        0 bytes
 Hardware stack levels used:    1
 This function calls:
		Nothing
 This function is called by:
		_INTERRUPT_InterruptManager
 This function uses a reentrant model


 *************** function _EUSART1_Transmit_ISR *****************
 Defined at:
		line 197 in file "mcc_generated_files/eusart1.c"
 Parameters:    Size  Location     Type
		None
 Auto vars:     Size  Location     Type
		None
 Return value:  Size  Location     Type
                  1    wreg      void 
 Registers used:
		wreg, fsr0l, fsr0h, status,2, status,0
 Tracked objects:
		On entry : 
		On exit  : 
		Unchanged: 
 Data sizes:     COMMON   BANK0   BANK1   BANK2   BANK3   BANK4   BANK5   BANK6   BANK7   BANK8   BANK9  BANK10  BANK11  BANK12
      Params:         0       0       0       0       0       0       0       0       0       0       0       0       0       0
      Locals:         0       0       0       0       0       0       0       0       0       0       0       0       0       0
      Temps:          0       0       0       0       0       0       0       0       0       0       0       0       0       0
      Totals:         0       0       0       0       0       0       0       0       0       0       0       0       0       0
Total ram usage:        0 bytes
 Hardware stack levels used:    1
 This function calls:
		Nothing
 This function is called by:
		_EUSART1_Initialize
		_INTERRUPT_InterruptManager
 This function uses a reentrant model


 *************** function _EUSART1_DefaultOverrunErrorHandler *****************
 Defined at:
		line 252 in file "mcc_generated_files/eusart1.c"
 Parameters:    Size  Location     Type
		None
 Auto vars:     Size  Location     Type
		None
 Return value:  Size  Location     Type
                  1    wreg      void 
 Registers used:
		None
 Tracked objects:
		On entry : 
		On exit  : 
		Unchanged: 
 Data sizes:     COMMON   BANK0   BANK1   BANK2   BANK3   BANK4   BANK5   BANK6   BANK7   BANK8   BANK9  BANK10  BANK11  BANK12
      Params:         0       0       0       0       0       0       0       0       0       0       0       0       0       0
      Locals:         0       0       0       0       0       0       0       0       0       0       0       0       0       0
      Temps:          0       0       0       0       0       0       0       0       0       0       0       0       0       0
      Totals:         0       0       0       0       0       0       0       0       0       0       0       0       0       0
Total ram usage:        0 bytes
 Hardware stack levels used:    1
 This function calls:
		Nothing
 This function is called by:
		_EUSART1_Initialize
		_EUSART1_Receive_ISR
 This function uses a reentrant model


 *************** function _EUSART1_DefaultFramingErrorHandler *****************
 Defined at:
		line 250 in file "mcc_generated_files/eusart1.c"
 Parameters:    Size  Location     Type
		None
 Auto vars:     Size  Location     Type
		None
 Return value:  Size  Location     Type
                  1    wreg      void 
 Registers used:
		None
 Tracked objects:
		On entry : 
		On exit  : 
		Unchanged: 
 Data sizes:     COMMON   BANK0   BANK1   BANK2   BANK3   BANK4   BANK5   BANK6   BANK7   BANK8   BANK9  BANK10  BANK11  BANK12
      Params:         0       0       0       0       0       0       0       0       0       0       0       0       0       0
      Locals:         0       0       0       0       0       0       0       0       0       0       0       0       0       0
      Temps:          0       0       0       0       0       0       0       0       0       0       0       0       0       0
      Totals:         0       0       0       0       0       0       0       0       0       0       0       0       0       0
Total ram usage:        0 bytes
 Hardware stack levels used:    1
 This function calls:
		Nothing
 This function is called by:
		_EUSART1_Initialize
		_EUSART1_Receive_ISR
 This function uses a reentrant model


 *************** function _EUSART1_DefaultErrorHandler *****************
 Defined at:
		line 260 in file "mcc_generated_files/eusart1.c"
 Parameters:    Size  Location     Type
		None
 Auto vars:     Size  Location     Type
		None
 Return value:  Size  Location     Type
                  1    wreg      void 
 Registers used:
		wreg, fsr0l, fsr0h, status,2, status,0, pclath
 Tracked objects:
		On entry : 
		On exit  : 
		Unchanged: 
 Data sizes:     COMMON   BANK0   BANK1   BANK2   BANK3   BANK4   BANK5   BANK6   BANK7   BANK8   BANK9  BANK10  BANK11  BANK12
      Params:         0       0       0       0       0       0       0       0       0       0       0       0       0       0
      Locals:         0       0       0       0       0       0       0       0       0       0       0       0       0       0
      Temps:          0       0       0       0       0       0       0       0       0       0       0       0       0       0
      Totals:         0       0       0       0       0       0       0       0       0       0       0       0       0       0
Total ram usage:        0 bytes
 Hardware stack levels used:    1
 Hardware stack levels required when called:    1
 This function calls:
		_EUSART1_RxDataHandler
 This function is called by:
		_EUSART1_Initialize
		_EUSART1_Receive_ISR
 This function uses a reentrant model


 *************** function _EUSART1_RxDataHandler *****************
 Defined at:
		line 240 in file "mcc_generated_files/eusart1.c"
 Parameters:    Size  Location     Type
		None
 Auto vars:     Size  Location     Type
		None
 Return value:  Size  Location     Type
                  1    wreg      void 
 Registers used:
		wreg, fsr0l, fsr0h, status,2, status,0
 Tracked objects:
		On entry : 
		On exit  : 
		Unchanged: 
 Data sizes:     COMMON   BANK0   BANK1   BANK2   BANK3   BANK4   BANK5   BANK6   BANK7   BANK8   BANK9  BANK10  BANK11  BANK12
      Params:         0       0       0       0       0       0       0       0       0       0       0       0       0       0
      Locals:         0       0       0       0       0       0       0       0       0       0       0       0       0       0
      Temps:          0       0       0       0       0       0       0       0       0       0       0       0       0       0
      Totals:         0       0       0       0       0       0       0       0       0       0       0       0       0       0
Total ram usage:        0 bytes
 Hardware stack levels used:    1
 This function calls:
		Nothing
 This function is called by:
		_EUSART1_Receive_ISR
		_EUSART1_DefaultErrorHandler
 This function uses a reentrant model



MODULE INFORMATION

Module		Function		Class		Link	Load	Size
C:\Program Files\Microchip\xc8\v2.30\pic\sources\c99\common\aomod.c
		___aomod       		CODE           	0A9A	0000	435

C:\Program Files\Microchip\xc8\v2.30\pic\sources\c99\common\aomod.c estimated size: 435

C:\Program Files\Microchip\xc8\v2.30\pic\sources\c99\common\lwmod.c
		___lwmod       		CODE           	1454	0000	70

C:\Program Files\Microchip\xc8\v2.30\pic\sources\c99\common\lwmod.c estimated size: 70

src/pba_btn.c
		_BTN_GetPosEdge		CODE           	12E2	0000	57
		_BitTest       		CODE           	1D46	0000	23

src/pba_btn.c estimated size: 80

C:\Program Files\Microchip\xc8\v2.30\pic\sources\c99\common\abs.c
		_abs           		CODE           	1E86	0000	33

C:\Program Files\Microchip\xc8\v2.30\pic\sources\c99\common\abs.c estimated size: 33

C:\Program Files\Microchip\xc8\v2.30\pic\sources\c99\common\doprnt.c
		_vfpfcnvrt     		CODE           	04B1	0000	518
		_pad           		CODE           	1665	0000	94
		_ctoa          		CODE           	1784	0000	124
		_dtoa          		CODE           	0C4D	0000	452
		_vfprintf      		CODE           	11E2	0000	48

C:\Program Files\Microchip\xc8\v2.30\pic\sources\c99\common\doprnt.c estimated size: 1236

C:\Program Files\Microchip\xc8\v2.30\pic\sources\c99\common\atoi.c
		_atoi          		CODE           	08E1	0000	189

C:\Program Files\Microchip\xc8\v2.30\pic\sources\c99\common\atoi.c estimated size: 189

C:\Program Files\Microchip\xc8\v2.30\pic\sources\c99\common\isdigit.c
		_isdigit       		CODE           	1D30	0000	22

C:\Program Files\Microchip\xc8\v2.30\pic\sources\c99\common\isdigit.c estimated size: 22

C:\Program Files\Microchip\xc8\v2.30\pic\sources\c99\common\nf_fputs.c
		_fputs         		CODE           	1FA9	0000	43

C:\Program Files\Microchip\xc8\v2.30\pic\sources\c99\common\nf_fputs.c estimated size: 43

mcc_generated_files/interrupt_manager.c
		_INTERRUPT_InterruptManager		CODE           	0004	0000	107

mcc_generated_files/interrupt_manager.c estimated size: 107

C:\Program Files\Microchip\xc8\v2.30\pic\sources\c99\common\Umul16.c
		___wmul        		CODE           	1FD4	0000	44

C:\Program Files\Microchip\xc8\v2.30\pic\sources\c99\common\Umul16.c estimated size: 44

src/pba_systick.c
		_SYSTICK_TimerLoad		CODE           	1E49	0000	29
		_SYSTICK_TimerRun		CODE           	1D5D	0000	23
		_SYSTICK_TimerStop		CODE           	1D1A	0000	22
		_SYSTICK_Handler		CODE           	0857	0000	138
		_SYSTICK_Timeout		CODE           	1356	0000	60
		_SYSTICK_TimerLoadAndRun		CODE           	1CC6	0000	20
		_SYSTICK_AddTimeoutHandler		CODE           	1C8F	0000	17

src/pba_systick.c estimated size: 309

mcc_generated_files/tmr0.c
		_TMR0_SetInterruptHandler		CODE           	1BD3	0000	7
		_TMR0_DefaultInterruptHandler		CODE           	0003	0000	1
		_TMR0_CallBack 		CODE           	1C7E	0000	17
		_TMR0_ISR      		CODE           	1B97	0000	6
		_TMR0_Initialize		CODE           	1CB2	0000	20

mcc_generated_files/tmr0.c estimated size: 51

src/pba_oled.c
		_OLED_Clear    		CODE           	1C5F	0000	15
		_OLED_CursorOn 		CODE           	1EA7	0000	34
		_Send          		CODE           	1DF4	0000	28
		_OLED_Init     		CODE           	12AB	0000	55
		_OLED_GotoXY   		CODE           	1127	0000	45
		_OLED_Putc     		CODE           	099E	0000	252
		_OLED_SelectROM		CODE           	13CF	0000	64

src/pba_oled.c estimated size: 493

mcc_generated_files/pin_manager.c
		_PIN_MANAGER_Initialize		CODE           	1723	0000	97

mcc_generated_files/pin_manager.c estimated size: 97

C:\Program Files\Microchip\xc8\v2.30\pic\sources\c99\common\aodiv.c
		___aodiv       		CODE           	0E11	0000	495

C:\Program Files\Microchip\xc8\v2.30\pic\sources\c99\common\aodiv.c estimated size: 495

src/pba_rtc.c
		_RTC_IsTempConvDone		CODE           	16C3	0000	96
		_BinaryToBcd   		CODE           	1D74	0000	24
		_RTC_Init      		CODE           	1182	0000	48
		_BcdToBinary   		CODE           	1CEF	0000	21
		_RTC_GetTemp   		CODE           	152B	0000	76
		_RTC_GetHours  		CODE           	1615	0000	80
		_RTC_SetHours  		CODE           	1276	0000	53
		_RTC_ConvertTemp		CODE           	11B2	0000	48
		_RTC_GetSeconds		CODE           	15C6	0000	79
		_RTC_GetMinutes		CODE           	1577	0000	79
		_RTC_SetSeconds		CODE           	1244	0000	50
		_RTC_SetMinutes		CODE           	1212	0000	50

src/pba_rtc.c estimated size: 704

mcc_generated_files/spi1.c
		_SPI1_Initialize		CODE           	07F8	0000	8
		_SPI1_Exchange8bit		CODE           	1C28	0000	13

mcc_generated_files/spi1.c estimated size: 21

mcc_generated_files/adc.c
		_ADC_Initialize		CODE           	1BDA	0000	8
		_ADC_GetConversion		CODE           	1E2C	0000	29

mcc_generated_files/adc.c estimated size: 37

src/pba_config.c
		_putch         		CODE           	1D8C	0000	24
		_PBA_ConfigPrintf		CODE           	1BEA	0000	9
		_PBA_Init      		CODE           	1D04	0000	22

src/pba_config.c estimated size: 55

C:\Program Files\Microchip\xc8\v2.30\pic\sources\c99\common\lwdiv.c
		___lwdiv       		CODE           	0803	0000	84

C:\Program Files\Microchip\xc8\v2.30\pic\sources\c99\common\lwdiv.c estimated size: 84

C:\Program Files\Microchip\xc8\v2.30\pic\sources\c99\common\lbmod.c
		___lbmod       		CODE           	1154	0000	46

C:\Program Files\Microchip\xc8\v2.30\pic\sources\c99\common\lbmod.c estimated size: 46

src/pba_statemachine.c
		_STATEMACHINE_StateEntry		CODE           	1C10	0000	11
		_STATEMACHINE_Init		CODE           	1C35	0000	13
		_STATEMACHINE_StateExit		CODE           	1C50	0000	15
		_STATEMACHINE_Update		CODE           	1C06	0000	10

src/pba_statemachine.c estimated size: 49

C:\Program Files\Microchip\xc8\v2.30\pic\sources\c99\common\Umul8.c
		___bmul        		CODE           	1E10	0000	28

C:\Program Files\Microchip\xc8\v2.30\pic\sources\c99\common\Umul8.c estimated size: 28

C:\Program Files\Microchip\xc8\v2.30\pic\sources\c99\common\printf.c
		_printf        		CODE           	1F0F	0000	35

C:\Program Files\Microchip\xc8\v2.30\pic\sources\c99\common\printf.c estimated size: 35

shared
		_BitReverseTable256		STRCODE        	1000	0000	256
		__initialization		CODE           	0071	0000	40

shared estimated size: 296

C:\Program Files\Microchip\xc8\v2.30\pic\sources\c99\common\nf_fputc.c
		_fputc         		CODE           	149A	0000	72

C:\Program Files\Microchip\xc8\v2.30\pic\sources\c99\common\nf_fputc.c estimated size: 72

mcc_generated_files/eusart1.c
		_EUSART1_SetRxInterruptHandler		CODE           	1BC5	0000	7
		_EUSART1_SetTxInterruptHandler		CODE           	1BCC	0000	7
		_EUSART1_Initialize		CODE           	1392	0000	61
		_EUSART1_DefaultErrorHandler		CODE           	1B8F	0000	4
		_EUSART1_SetFramingErrorHandler		CODE           	1BB7	0000	7
		_EUSART1_SetOverrunErrorHandler		CODE           	1BBE	0000	7
		_EUSART1_SetErrorHandler		CODE           	1BB0	0000	7
		_EUSART1_Write 		CODE           	1101	0000	38
		_EUSART1_Receive_ISR		CODE           	140F	0000	69
		_EUSART1_RxDataHandler		CODE           	1CA0	0000	18
		_EUSART1_DefaultOverrunErrorHandler		CODE           	1B93	0000	4
		_EUSART1_Transmit_ISR		CODE           	1DD8	0000	28
		_EUSART1_DefaultFramingErrorHandler		CODE           	0002	0000	1

mcc_generated_files/eusart1.c estimated size: 258

mcc_generated_files/mcc.c
		_PMD_Initialize		CODE           	1BE2	0000	8
		_OSCILLATOR_Initialize		CODE           	1BFC	0000	10
		_SYSTEM_Initialize		CODE           	1DA4	0000	25

mcc_generated_files/mcc.c estimated size: 43

C:\Program Files\Microchip\xc8\v2.30\pic\sources\c99\common\strlen.c
		_strlen        		CODE           	1DBD	0000	27

C:\Program Files\Microchip\xc8\v2.30\pic\sources\c99\common\strlen.c estimated size: 27

mcc_generated_files/i2c2.c
		_I2C2_BusCollisionISR		CODE           	0800	0000	3
		_I2C2_MasterRead		CODE           	1F58	0000	38
		_I2C2_FunctionComplete		CODE           	1C1B	0000	13
		_I2C2_MasterWriteTRBBuild		CODE           	1EC9	0000	35
		_I2C2_ISR      		CODE           	06B7	0000	321
		_I2C2_MasterWrite		CODE           	1F32	0000	38
		_I2C2_Initialize		CODE           	1CDA	0000	21
		_I2C2_Stop     		CODE           	1E66	0000	32
		_I2C2_MasterReadTRBBuild		CODE           	1F7E	0000	43
		_I2C2_WaitForLastPacketToComplete		CODE           	1BA9	0000	7
		_I2C2_MasterTRBInsert		CODE           	14E2	0000	73

mcc_generated_files/i2c2.c estimated size: 624

C:\Program Files\Microchip\xc8\v2.30\pic\sources\c99\common\lbdiv.c
		___lbdiv       		CODE           	131B	0000	59

C:\Program Files\Microchip\xc8\v2.30\pic\sources\c99\common\lbdiv.c estimated size: 59

C:\Program Files\Microchip\xc8\v2.30\pic\sources\c99\common\isspace.c
		_isspace       		CODE           	1EEC	0000	35

C:\Program Files\Microchip\xc8\v2.30\pic\sources\c99\common\isspace.c estimated size: 35

main.c
		_Summer        		CODE           	1C6E	0000	16
		_main          		CODE           	00A0	0000	1041
		_ReceiveHandler		CODE           	1C42	0000	14

main.c estimated size: 1071

